Connecting to jdbc:hive2://hadoop-03.uni.innopolis.ru:10001
2026-05-10 18:40:04,835 INFO jdbc.Utils: Supplied authorities: hadoop-03.uni.innopolis.ru:10001
2026-05-10 18:40:04,836 INFO jdbc.Utils: Resolved authority: hadoop-03.uni.innopolis.ru:10001
Connected to: Apache Hive (version 3.1.3)
Driver: Hive JDBC (version 2.3.9)
Transaction isolation: TRANSACTION_REPEATABLE_READ
INFO  : Compiling command(queryId=hive_20260510184005_e00282aa-cb4c-4ea1-9972-12f7c4185f35): USE team11_projectdb
INFO  : Semantic Analysis Completed (retrial = false)
INFO  : Returning Hive schema: Schema(fieldSchemas:null, properties:null)
INFO  : EXPLAIN output for queryid hive_20260510184005_e00282aa-cb4c-4ea1-9972-12f7c4185f35 : STAGE DEPENDENCIES:
  Stage-0 is a root stage [DDL]

STAGE PLANS:
  Stage: Stage-0


INFO  : Completed compiling command(queryId=hive_20260510184005_e00282aa-cb4c-4ea1-9972-12f7c4185f35); Time taken: 0.055 seconds
INFO  : Executing command(queryId=hive_20260510184005_e00282aa-cb4c-4ea1-9972-12f7c4185f35): USE team11_projectdb
INFO  : Starting task [Stage-0:DDL] in serial mode
INFO  : Completed executing command(queryId=hive_20260510184005_e00282aa-cb4c-4ea1-9972-12f7c4185f35); Time taken: 0.009 seconds
INFO  : OK
No rows affected (1.447 seconds)
No rows affected (0.003 seconds)
INFO  : Compiling command(queryId=hive_20260510184006_12e2d72f-a43b-4e2b-bc71-420686e12a31): DROP TABLE IF EXISTS q1_results
INFO  : Semantic Analysis Completed (retrial = false)
INFO  : Returning Hive schema: Schema(fieldSchemas:null, properties:null)
INFO  : EXPLAIN output for queryid hive_20260510184006_12e2d72f-a43b-4e2b-bc71-420686e12a31 : STAGE DEPENDENCIES:
  Stage-0 is a root stage [DDL]

STAGE PLANS:
  Stage: Stage-0
      Drop Table Operator:
        Drop Table
          table: q1_results


INFO  : Completed compiling command(queryId=hive_20260510184006_12e2d72f-a43b-4e2b-bc71-420686e12a31); Time taken: 0.042 seconds
INFO  : Executing command(queryId=hive_20260510184006_12e2d72f-a43b-4e2b-bc71-420686e12a31): DROP TABLE IF EXISTS q1_results
INFO  : Starting task [Stage-0:DDL] in serial mode
INFO  : Completed executing command(queryId=hive_20260510184006_12e2d72f-a43b-4e2b-bc71-420686e12a31); Time taken: 0.005 seconds
INFO  : OK
No rows affected (0.069 seconds)
INFO  : Compiling command(queryId=hive_20260510184006_96935bc2-7e1f-4a1c-8069-0e973314d161): CREATE EXTERNAL TABLE q1_results(
interaction_flag INT,
cnt              BIGINT,
pct              DOUBLE
)
ROW FORMAT DELIMITED FIELDS TERMINATED BY ','
LOCATION 'project/hive/warehouse/q1_results'
INFO  : Semantic Analysis Completed (retrial = false)
INFO  : Returning Hive schema: Schema(fieldSchemas:null, properties:null)
INFO  : EXPLAIN output for queryid hive_20260510184006_96935bc2-7e1f-4a1c-8069-0e973314d161 : STAGE DEPENDENCIES:
  Stage-0 is a root stage [DDL]

STAGE PLANS:
  Stage: Stage-0
      Create Table Operator:
        Create Table
          columns: interaction_flag int, cnt bigint, pct double
          field delimiter: ,
          input format: org.apache.hadoop.mapred.TextInputFormat
          location: project/hive/warehouse/q1_results
          output format: org.apache.hadoop.hive.ql.io.IgnoreKeyTextOutputFormat
          serde name: org.apache.hadoop.hive.serde2.lazy.LazySimpleSerDe
          name: team11_projectdb.q1_results
          isExternal: true


INFO  : Completed compiling command(queryId=hive_20260510184006_96935bc2-7e1f-4a1c-8069-0e973314d161); Time taken: 0.06 seconds
INFO  : Executing command(queryId=hive_20260510184006_96935bc2-7e1f-4a1c-8069-0e973314d161): CREATE EXTERNAL TABLE q1_results(
interaction_flag INT,
cnt              BIGINT,
pct              DOUBLE
)
ROW FORMAT DELIMITED FIELDS TERMINATED BY ','
LOCATION 'project/hive/warehouse/q1_results'
INFO  : Starting task [Stage-0:DDL] in serial mode
INFO  : Completed executing command(queryId=hive_20260510184006_96935bc2-7e1f-4a1c-8069-0e973314d161); Time taken: 0.044 seconds
INFO  : OK
No rows affected (0.137 seconds)
INFO  : Compiling command(queryId=hive_20260510184007_0bbebb59-2a3f-427f-adaf-554a9f93c46f): INSERT OVERWRITE TABLE q1_results
SELECT
interaction_flag,
COUNT(*)                                            AS cnt,
ROUND(100.0 * COUNT(*) / SUM(COUNT(*)) OVER (), 4)  AS pct
FROM interactions_part
GROUP BY interaction_flag
ORDER BY interaction_flag
INFO  : Semantic Analysis Completed (retrial = false)
INFO  : Returning Hive schema: Schema(fieldSchemas:[FieldSchema(name:_col0, type:int, comment:null), FieldSchema(name:_col1, type:bigint, comment:null), FieldSchema(name:_col2, type:double, comment:null)], properties:null)
INFO  : EXPLAIN output for queryid hive_20260510184007_0bbebb59-2a3f-427f-adaf-554a9f93c46f : STAGE DEPENDENCIES:
  Stage-1 is a root stage [MAPRED]
  Stage-2 depends on stages: Stage-1 [DEPENDENCY_COLLECTION]
  Stage-0 depends on stages: Stage-2 [MOVE]
  Stage-3 depends on stages: Stage-0 [STATS]

STAGE PLANS:
  Stage: Stage-1
    Tez
      DagId: hive_20260510184007_0bbebb59-2a3f-427f-adaf-554a9f93c46f:4560
      Edges:
        Reducer 2 <- Map 1 (SIMPLE_EDGE)
        Reducer 3 <- Reducer 2 (SIMPLE_EDGE)
        Reducer 4 <- Reducer 3 (SIMPLE_EDGE)
      DagName: hive_20260510184007_0bbebb59-2a3f-427f-adaf-554a9f93c46f:4560
      Vertices:
        Map 1 
            Map Operator Tree:
                TableScan
                  alias: interactions_part
                  Statistics: Num rows: 11808554 Data size: 2538839110 Basic stats: COMPLETE Column stats: NONE
                  GatherStats: false
                  Select Operator
                    expressions: interaction_flag (type: int)
                    outputColumnNames: interaction_flag
                    Statistics: Num rows: 11808554 Data size: 2538839110 Basic stats: COMPLETE Column stats: NONE
                    Group By Operator
                      aggregations: count()
                      keys: interaction_flag (type: int)
                      mode: hash
                      outputColumnNames: _col0, _col1
                      Statistics: Num rows: 11808554 Data size: 2538839110 Basic stats: COMPLETE Column stats: NONE
                      Reduce Output Operator
                        key expressions: _col0 (type: int)
                        null sort order: a
                        sort order: +
                        Map-reduce partition columns: _col0 (type: int)
                        Statistics: Num rows: 11808554 Data size: 2538839110 Basic stats: COMPLETE Column stats: NONE
                        tag: -1
                        value expressions: _col1 (type: bigint)
                        auto parallelism: true
            Execution mode: vectorized
            Path -> Alias:
              hdfs://hadoop-02.uni.innopolis.ru:8020/user/team11/project/hive/warehouse/interactions_part/interaction_flag=0 [interactions_part]
              hdfs://hadoop-02.uni.innopolis.ru:8020/user/team11/project/hive/warehouse/interactions_part/interaction_flag=1 [interactions_part]
            Path -> Partition:
              hdfs://hadoop-02.uni.innopolis.ru:8020/user/team11/project/hive/warehouse/interactions_part/interaction_flag=0 
                Partition
                  base file name: interaction_flag=0
                  input format: org.apache.hadoop.hive.ql.io.orc.OrcInputFormat
                  output format: org.apache.hadoop.hive.ql.io.orc.OrcOutputFormat
                  partition values:
                    interaction_flag 0
                  properties:
                    COLUMN_STATS_ACCURATE {"BASIC_STATS":"true","COLUMN_STATS":{"id":"true","item_id":"true","ts":"true","user_id":"true"}}
                    bucket_count 11
                    bucket_field_name user_id
                    file.inputformat org.apache.hadoop.hive.ql.io.orc.OrcInputFormat
                    file.outputformat org.apache.hadoop.hive.ql.io.orc.OrcOutputFormat
                    location hdfs://hadoop-02.uni.innopolis.ru:8020/user/team11/project/hive/warehouse/interactions_part/interaction_flag=0
                    name team11_projectdb.interactions_part
                    numFiles 11
                    numRows 3525682
                    partition_columns interaction_flag
                    partition_columns.types int
                    rawDataSize 758021630
                    serialization.ddl struct interactions_part { i32 id, string user_id, string item_id, i64 ts}
                    serialization.format 1
                    serialization.lib org.apache.hadoop.hive.ql.io.orc.OrcSerde
                    totalSize 92283754
                    transient_lastDdlTime 1778427592
                  serde: org.apache.hadoop.hive.ql.io.orc.OrcSerde
                
                    input format: org.apache.hadoop.hive.ql.io.orc.OrcInputFormat
                    output format: org.apache.hadoop.hive.ql.io.orc.OrcOutputFormat
                    properties:
                      EXTERNAL TRUE
                      bucket_count 11
                      bucket_field_name user_id
                      bucketing_version 2
                      column.name.delimiter ,
                      columns id,user_id,item_id,ts
                      columns.comments 
                      columns.types int:string:string:bigint
                      file.inputformat org.apache.hadoop.hive.ql.io.orc.OrcInputFormat
                      file.outputformat org.apache.hadoop.hive.ql.io.orc.OrcOutputFormat
                      location hdfs://hadoop-02.uni.innopolis.ru:8020/user/team11/project/hive/warehouse/interactions_part
                      name team11_projectdb.interactions_part
                      orc.compress SNAPPY
                      partition_columns interaction_flag
                      partition_columns.types int
                      serialization.ddl struct interactions_part { i32 id, string user_id, string item_id, i64 ts}
                      serialization.format 1
                      serialization.lib org.apache.hadoop.hive.ql.io.orc.OrcSerde
                      transient_lastDdlTime 1778427556
                    serde: org.apache.hadoop.hive.ql.io.orc.OrcSerde
                    name: team11_projectdb.interactions_part
                  name: team11_projectdb.interactions_part
              hdfs://hadoop-02.uni.innopolis.ru:8020/user/team11/project/hive/warehouse/interactions_part/interaction_flag=1 
                Partition
                  base file name: interaction_flag=1
                  input format: org.apache.hadoop.hive.ql.io.orc.OrcInputFormat
                  output format: org.apache.hadoop.hive.ql.io.orc.OrcOutputFormat
                  partition values:
                    interaction_flag 1
                  properties:
                    COLUMN_STATS_ACCURATE {"BASIC_STATS":"true","COLUMN_STATS":{"id":"true","item_id":"true","ts":"true","user_id":"true"}}
                    bucket_count 11
                    bucket_field_name user_id
                    file.inputformat org.apache.hadoop.hive.ql.io.orc.OrcInputFormat
                    file.outputformat org.apache.hadoop.hive.ql.io.orc.OrcOutputFormat
                    location hdfs://hadoop-02.uni.innopolis.ru:8020/user/team11/project/hive/warehouse/interactions_part/interaction_flag=1
                    name team11_projectdb.interactions_part
                    numFiles 11
                    numRows 8282872
                    partition_columns interaction_flag
                    partition_columns.types int
                    rawDataSize 1780817480
                    serialization.ddl struct interactions_part { i32 id, string user_id, string item_id, i64 ts}
                    serialization.format 1
                    serialization.lib org.apache.hadoop.hive.ql.io.orc.OrcSerde
                    totalSize 72156538
                    transient_lastDdlTime 1778427592
                  serde: org.apache.hadoop.hive.ql.io.orc.OrcSerde
                
                    input format: org.apache.hadoop.hive.ql.io.orc.OrcInputFormat
                    output format: org.apache.hadoop.hive.ql.io.orc.OrcOutputFormat
                    properties:
                      EXTERNAL TRUE
                      bucket_count 11
                      bucket_field_name user_id
                      bucketing_version 2
                      column.name.delimiter ,
                      columns id,user_id,item_id,ts
                      columns.comments 
                      columns.types int:string:string:bigint
                      file.inputformat org.apache.hadoop.hive.ql.io.orc.OrcInputFormat
                      file.outputformat org.apache.hadoop.hive.ql.io.orc.OrcOutputFormat
                      location hdfs://hadoop-02.uni.innopolis.ru:8020/user/team11/project/hive/warehouse/interactions_part
                      name team11_projectdb.interactions_part
                      orc.compress SNAPPY
                      partition_columns interaction_flag
                      partition_columns.types int
                      serialization.ddl struct interactions_part { i32 id, string user_id, string item_id, i64 ts}
                      serialization.format 1
                      serialization.lib org.apache.hadoop.hive.ql.io.orc.OrcSerde
                      transient_lastDdlTime 1778427556
                    serde: org.apache.hadoop.hive.ql.io.orc.OrcSerde
                    name: team11_projectdb.interactions_part
                  name: team11_projectdb.interactions_part
            Truncated Path -> Alias:
              hdfs://hadoop-02.uni.innopolis.ru:8020/user/team11/project/hive/warehouse/interactions_part/interaction_flag=0 [interactions_part]
              hdfs://hadoop-02.uni.innopolis.ru:8020/user/team11/project/hive/warehouse/interactions_part/interaction_flag=1 [interactions_part]
        Reducer 2 
            Execution mode: vectorized
            Needs Tagging: false
            Reduce Operator Tree:
              Group By Operator
                aggregations: count(VALUE._col0)
                keys: KEY._col0 (type: int)
                mode: mergepartial
                outputColumnNames: _col0, _col1
                Statistics: Num rows: 5904277 Data size: 1269419555 Basic stats: COMPLETE Column stats: NONE
                Reduce Output Operator
                  key expressions: 0 (type: int)
                  null sort order: a
                  sort order: +
                  Map-reduce partition columns: 0 (type: int)
                  Statistics: Num rows: 5904277 Data size: 1269419555 Basic stats: COMPLETE Column stats: NONE
                  tag: -1
                  value expressions: _col0 (type: int), _col1 (type: bigint)
                  auto parallelism: true
        Reducer 3 
            Execution mode: vectorized
            Needs Tagging: false
            Reduce Operator Tree:
              Select Operator
                expressions: VALUE._col0 (type: int), VALUE._col1 (type: bigint)
                outputColumnNames: _col0, _col1
                Statistics: Num rows: 5904277 Data size: 1269419555 Basic stats: COMPLETE Column stats: NONE
                PTF Operator
                  Function definitions:
                      Input definition
                        input alias: ptf_0
                        output shape: _col0: int, _col1: bigint
                        type: WINDOWING
                      Windowing table definition
                        input alias: ptf_1
                        name: windowingtablefunction
                        order by: 0 ASC NULLS FIRST
                        partition by: 0
                        raw input shape:
                        window functions:
                            window function definition
                              alias: sum_window_0
                              arguments: _col1
                              name: sum
                              window function: GenericUDAFSumLong
                              window frame: ROWS PRECEDING(MAX)~FOLLOWING(MAX)
                  Statistics: Num rows: 5904277 Data size: 1269419555 Basic stats: COMPLETE Column stats: NONE
                  Select Operator
                    expressions: _col0 (type: int), _col1 (type: bigint), round(((100 * CAST( _col1 AS decimal(19,0))) / CAST( sum_window_0 AS decimal(19,0))), 4) (type: decimal(28,4))
                    outputColumnNames: _col0, _col1, _col2
                    Statistics: Num rows: 5904277 Data size: 1269419555 Basic stats: COMPLETE Column stats: NONE
                    Reduce Output Operator
                      key expressions: _col0 (type: int)
                      null sort order: a
                      sort order: +
                      Statistics: Num rows: 5904277 Data size: 1269419555 Basic stats: COMPLETE Column stats: NONE
                      tag: -1
                      value expressions: _col1 (type: bigint), _col2 (type: decimal(28,4))
                      auto parallelism: false
        Reducer 4 
            Needs Tagging: false
            Reduce Operator Tree:
              Select Operator
                expressions: KEY.reducesinkkey0 (type: int), VALUE._col0 (type: bigint), UDFToDouble(VALUE._col1) (type: double)
                outputColumnNames: _col0, _col1, _col2
                Statistics: Num rows: 5904277 Data size: 1269419555 Basic stats: COMPLETE Column stats: NONE
                File Output Operator
                  compressed: false
                  GlobalTableId: 1
                  directory: hdfs://hadoop-02.uni.innopolis.ru:8020/user/team11/project/hive/warehouse/q1_results/.hive-staging_hive_2026-05-10_18-40-07_070_4592309050851816830-2224/-ext-10000
                  NumFilesPerFileSink: 1
                  Statistics: Num rows: 5904277 Data size: 1269419555 Basic stats: COMPLETE Column stats: NONE
                  Stats Publishing Key Prefix: hdfs://hadoop-02.uni.innopolis.ru:8020/user/team11/project/hive/warehouse/q1_results/.hive-staging_hive_2026-05-10_18-40-07_070_4592309050851816830-2224/-ext-10000/
                  table:
                      input format: org.apache.hadoop.mapred.TextInputFormat
                      output format: org.apache.hadoop.hive.ql.io.HiveIgnoreKeyTextOutputFormat
                      properties:
                        EXTERNAL TRUE
                        bucket_count -1
                        bucketing_version 2
                        column.name.delimiter ,
                        columns interaction_flag,cnt,pct
                        columns.comments 
                        columns.types int:bigint:double
                        field.delim ,
                        file.inputformat org.apache.hadoop.mapred.TextInputFormat
                        file.outputformat org.apache.hadoop.hive.ql.io.HiveIgnoreKeyTextOutputFormat
                        location hdfs://hadoop-02.uni.innopolis.ru:8020/user/team11/project/hive/warehouse/q1_results
                        name team11_projectdb.q1_results
                        serialization.ddl struct q1_results { i32 interaction_flag, i64 cnt, double pct}
                        serialization.format ,
                        serialization.lib org.apache.hadoop.hive.serde2.lazy.LazySimpleSerDe
                        transient_lastDdlTime 1778427606
                      serde: org.apache.hadoop.hive.serde2.lazy.LazySimpleSerDe
                      name: team11_projectdb.q1_results
                  TotalFiles: 1
                  GatherStats: true
                  MultiFileSpray: false
                Select Operator
                  expressions: _col0 (type: int), _col1 (type: bigint), _col2 (type: double)
                  outputColumnNames: interaction_flag, cnt, pct
                  Statistics: Num rows: 5904277 Data size: 1269419555 Basic stats: COMPLETE Column stats: NONE
                  Group By Operator
                    aggregations: compute_stats(interaction_flag, 'hll'), compute_stats(cnt, 'hll'), compute_stats(pct, 'hll')
                    mode: complete
                    outputColumnNames: _col0, _col1, _col2
                    Statistics: Num rows: 1 Data size: 1272 Basic stats: COMPLETE Column stats: NONE
                    Select Operator
                      expressions: _col0 (type: struct<columntype:string,min:bigint,max:bigint,countnulls:bigint,numdistinctvalues:bigint,ndvbitvector:binary>), _col1 (type: struct<columntype:string,min:bigint,max:bigint,countnulls:bigint,numdistinctvalues:bigint,ndvbitvector:binary>), _col2 (type: struct<columntype:string,min:double,max:double,countnulls:bigint,numdistinctvalues:bigint,ndvbitvector:binary>)
                      outputColumnNames: _col0, _col1, _col2
                      Statistics: Num rows: 1 Data size: 1272 Basic stats: COMPLETE Column stats: NONE
                      File Output Operator
                        compressed: false
                        GlobalTableId: 0
                        directory: hdfs://hadoop-02.uni.innopolis.ru:8020/tmp/hive/team11/4ece2a02-4baa-4d29-a809-be4a9780d74d/hive_2026-05-10_18-40-07_352_6555253010683551794-2224/-mr-10000/.hive-staging_hive_2026-05-10_18-40-07_352_6555253010683551794-2224/-ext-10001
                        NumFilesPerFileSink: 1
                        Statistics: Num rows: 1 Data size: 1272 Basic stats: COMPLETE Column stats: NONE
                        Stats Publishing Key Prefix: hdfs://hadoop-02.uni.innopolis.ru:8020/tmp/hive/team11/4ece2a02-4baa-4d29-a809-be4a9780d74d/hive_2026-05-10_18-40-07_352_6555253010683551794-2224/-mr-10000/.hive-staging_hive_2026-05-10_18-40-07_352_6555253010683551794-2224/-ext-10001/
                        table:
                            input format: org.apache.hadoop.mapred.SequenceFileInputFormat
                            output format: org.apache.hadoop.hive.ql.io.HiveSequenceFileOutputFormat
                            properties:
                              columns _col0,_col1,_col2
                              columns.types struct<columntype:string,min:bigint,max:bigint,countnulls:bigint,numdistinctvalues:bigint,ndvbitvector:binary>:struct<columntype:string,min:bigint,max:bigint,countnulls:bigint,numdistinctvalues:bigint,ndvbitvector:binary>:struct<columntype:string,min:double,max:double,countnulls:bigint,numdistinctvalues:bigint,ndvbitvector:binary>
                              escape.delim \
                              hive.serialization.extend.additional.nesting.levels true
                              serialization.escape.crlf true
                              serialization.format 1
                              serialization.lib org.apache.hadoop.hive.serde2.lazy.LazySimpleSerDe
                            serde: org.apache.hadoop.hive.serde2.lazy.LazySimpleSerDe
                        TotalFiles: 1
                        GatherStats: false
                        MultiFileSpray: false

  Stage: Stage-2
    Dependency Collection

  Stage: Stage-0
    Move Operator
      tables:
          replace: true
          source: hdfs://hadoop-02.uni.innopolis.ru:8020/user/team11/project/hive/warehouse/q1_results/.hive-staging_hive_2026-05-10_18-40-07_070_4592309050851816830-2224/-ext-10000
          table:
              input format: org.apache.hadoop.mapred.TextInputFormat
              output format: org.apache.hadoop.hive.ql.io.HiveIgnoreKeyTextOutputFormat
              properties:
                EXTERNAL TRUE
                bucket_count -1
                bucketing_version 2
                column.name.delimiter ,
                columns interaction_flag,cnt,pct
                columns.comments 
                columns.types int:bigint:double
                field.delim ,
                file.inputformat org.apache.hadoop.mapred.TextInputFormat
                file.outputformat org.apache.hadoop.hive.ql.io.HiveIgnoreKeyTextOutputFormat
                location hdfs://hadoop-02.uni.innopolis.ru:8020/user/team11/project/hive/warehouse/q1_results
                name team11_projectdb.q1_results
                serialization.ddl struct q1_results { i32 interaction_flag, i64 cnt, double pct}
                serialization.format ,
                serialization.lib org.apache.hadoop.hive.serde2.lazy.LazySimpleSerDe
                transient_lastDdlTime 1778427606
              serde: org.apache.hadoop.hive.serde2.lazy.LazySimpleSerDe
              name: team11_projectdb.q1_results

  Stage: Stage-3
    Stats Work
      Basic Stats Work:
          Stats Aggregation Key Prefix: hdfs://hadoop-02.uni.innopolis.ru:8020/user/team11/project/hive/warehouse/q1_results/.hive-staging_hive_2026-05-10_18-40-07_070_4592309050851816830-2224/-ext-10000/
      Column Stats Desc:
          Columns: interaction_flag, cnt, pct
          Column Types: int, bigint, double
          Table: team11_projectdb.q1_results
          Is Table Level Stats: true


INFO  : Completed compiling command(queryId=hive_20260510184007_0bbebb59-2a3f-427f-adaf-554a9f93c46f); Time taken: 0.386 seconds
INFO  : Executing command(queryId=hive_20260510184007_0bbebb59-2a3f-427f-adaf-554a9f93c46f): INSERT OVERWRITE TABLE q1_results
SELECT
interaction_flag,
COUNT(*)                                            AS cnt,
ROUND(100.0 * COUNT(*) / SUM(COUNT(*)) OVER (), 4)  AS pct
FROM interactions_part
GROUP BY interaction_flag
ORDER BY interaction_flag
INFO  : Query ID = hive_20260510184007_0bbebb59-2a3f-427f-adaf-554a9f93c46f
INFO  : Total jobs = 1
INFO  : Launching Job 1 out of 1
INFO  : Starting task [Stage-1:MAPRED] in serial mode
INFO  : Subscribed to counters: [] for queryId: hive_20260510184007_0bbebb59-2a3f-427f-adaf-554a9f93c46f
INFO  : Tez session hasn't been created yet. Opening session
INFO  : Dag name: INSERT OVERWRITE TABLE q1...interaction_flag (Stage-1)
INFO  : Status: Running (Executing on YARN cluster with App id application_1777989965680_4798)

[2K----------------------------------------------------------------------------------------------
[2K[36;1m        VERTICES      MODE        STATUS  TOTAL  COMPLETED  RUNNING  PENDING  FAILED  KILLED  
[22;0m[2K----------------------------------------------------------------------------------------------
[2KMap 1            container       RUNNING      5          0        5        0       0       0  
Reducer 2        container        INITED     10          0        0       10       0       0  
Reducer 3        container        INITED      5          0        0        5       0       0  
Reducer 4        container        INITED      1          0        0        1       0       0  
[2K----------------------------------------------------------------------------------------------
[2K[31;1mVERTICES: 00/04  [>>--------------------------] 0%    ELAPSED TIME: 4.49 s     
[22;0m[2K----------------------------------------------------------------------------------------------
[10A[2K----------------------------------------------------------------------------------------------
[2K[36;1m        VERTICES      MODE        STATUS  TOTAL  COMPLETED  RUNNING  PENDING  FAILED  KILLED  
[22;0m[2K----------------------------------------------------------------------------------------------
[2KMap 1 ....       container       RUNNING      5          2        3        0       0       0  
Reducer 2        container       RUNNING     10          0        2        8       0       0  
Reducer 3        container        INITED      5          0        0        5       0       0  
Reducer 4        container        INITED      1          0        0        1       0       0  
[2K----------------------------------------------------------------------------------------------
[2K[31;1mVERTICES: 00/04  [==>>------------------------] 9%    ELAPSED TIME: 4.99 s     
[22;0m[2K----------------------------------------------------------------------------------------------
[10A[2K----------------------------------------------------------------------------------------------
[2K[36;1m        VERTICES      MODE        STATUS  TOTAL  COMPLETED  RUNNING  PENDING  FAILED  KILLED  
[22;0m[2K----------------------------------------------------------------------------------------------
[2KMap 1 .......... container     SUCCEEDED      5          5        0        0       0       0  
Reducer 2        container       RUNNING     10          0        4        6       0       0  
Reducer 3        container        INITED      5          0        0        5       0       0  
Reducer 4        container        INITED      1          0        0        1       0       0  
[2K----------------------------------------------------------------------------------------------
[2K[31;1mVERTICES: 01/04  [======>>--------------------] 23%   ELAPSED TIME: 5.99 s     
[22;0m[2K----------------------------------------------------------------------------------------------
[10A[2K----------------------------------------------------------------------------------------------
[2K[36;1m        VERTICES      MODE        STATUS  TOTAL  COMPLETED  RUNNING  PENDING  FAILED  KILLED  
[22;0m[2K----------------------------------------------------------------------------------------------
[2KMap 1 .......... container     SUCCEEDED      5          5        0        0       0       0  
Reducer 2 ...... container     SUCCEEDED     10         10        0        0       0       0  
Reducer 3 ...... container     SUCCEEDED      5          5        0        0       0       0  
Reducer 4 ...... container     SUCCEEDED      1          1        0        0       0       0  
[2K----------------------------------------------------------------------------------------------
[2K[31;1mVERTICES: 04/04  [==========================>>] 100%  ELAPSED TIME: 6.67 s     
[22;0m[2K----------------------------------------------------------------------------------------------
INFO  : Starting task [Stage-2:DEPENDENCY_COLLECTION] in serial mode
INFO  : Starting task [Stage-0:MOVE] in serial mode
INFO  : Loading data to table team11_projectdb.q1_results from hdfs://hadoop-02.uni.innopolis.ru:8020/user/team11/project/hive/warehouse/q1_results/.hive-staging_hive_2026-05-10_18-40-07_070_4592309050851816830-2224/-ext-10000
INFO  : Starting task [Stage-3:STATS] in serial mode
INFO  : Completed executing command(queryId=hive_20260510184007_0bbebb59-2a3f-427f-adaf-554a9f93c46f); Time taken: 11.364 seconds
INFO  : OK
No rows affected (11.774 seconds)
INFO  : Compiling command(queryId=hive_20260510184018_46d1e192-16b0-442e-a078-5b9548396ec7): INSERT OVERWRITE DIRECTORY 'project/output/q1'
ROW FORMAT DELIMITED FIELDS TERMINATED BY ','
SELECT * FROM q1_results
INFO  : Semantic Analysis Completed (retrial = false)
INFO  : Returning Hive schema: Schema(fieldSchemas:[FieldSchema(name:interaction_flag, type:int, comment:null), FieldSchema(name:cnt, type:bigint, comment:null), FieldSchema(name:pct, type:double, comment:null)], properties:null)
INFO  : EXPLAIN output for queryid hive_20260510184018_46d1e192-16b0-442e-a078-5b9548396ec7 : STAGE DEPENDENCIES:
  Stage-1 is a root stage [MAPRED]
  Stage-2 depends on stages: Stage-1 [DEPENDENCY_COLLECTION]
  Stage-0 depends on stages: Stage-1 [MOVE]

STAGE PLANS:
  Stage: Stage-1
    Tez
      DagId: hive_20260510184018_46d1e192-16b0-442e-a078-5b9548396ec7:4562
      DagName: hive_20260510184018_46d1e192-16b0-442e-a078-5b9548396ec7:4562
      Vertices:
        Map 1 
            Map Operator Tree:
                TableScan
                  alias: q1_results
                  Statistics: Num rows: 2 Data size: 32 Basic stats: COMPLETE Column stats: NONE
                  GatherStats: false
                  Select Operator
                    expressions: interaction_flag (type: int), cnt (type: bigint), pct (type: double)
                    outputColumnNames: _col0, _col1, _col2
                    Statistics: Num rows: 2 Data size: 32 Basic stats: COMPLETE Column stats: NONE
                    File Output Operator
                      compressed: false
                      GlobalTableId: 1
                      directory: hdfs://hadoop-02.uni.innopolis.ru:8020/user/team11/project/output/q1/.hive-staging_hive_2026-05-10_18-40-18_899_2790205687489391664-2224/-ext-10000
                      NumFilesPerFileSink: 1
                      Statistics: Num rows: 2 Data size: 32 Basic stats: COMPLETE Column stats: NONE
                      Stats Publishing Key Prefix: hdfs://hadoop-02.uni.innopolis.ru:8020/user/team11/project/output/q1/.hive-staging_hive_2026-05-10_18-40-18_899_2790205687489391664-2224/-ext-10000/
                      table:
                          input format: org.apache.hadoop.mapred.TextInputFormat
                          output format: org.apache.hadoop.hive.ql.io.HiveIgnoreKeyTextOutputFormat
                          properties:
                            columns _col0,_col1,_col2
                            columns.types int:bigint:double
                            field.delim ,
                            serialization.format ,
                            serialization.lib org.apache.hadoop.hive.serde2.lazy.LazySimpleSerDe
                          serde: org.apache.hadoop.hive.serde2.lazy.LazySimpleSerDe
                      TotalFiles: 1
                      GatherStats: false
                      MultiFileSpray: false
            Execution mode: vectorized
            Path -> Alias:
              hdfs://hadoop-02.uni.innopolis.ru:8020/user/team11/project/hive/warehouse/q1_results [q1_results]
            Path -> Partition:
              hdfs://hadoop-02.uni.innopolis.ru:8020/user/team11/project/hive/warehouse/q1_results 
                Partition
                  base file name: q1_results
                  input format: org.apache.hadoop.mapred.TextInputFormat
                  output format: org.apache.hadoop.hive.ql.io.HiveIgnoreKeyTextOutputFormat
                  properties:
                    COLUMN_STATS_ACCURATE {"BASIC_STATS":"true","COLUMN_STATS":{"cnt":"true","interaction_flag":"true","pct":"true"}}
                    EXTERNAL TRUE
                    bucket_count -1
                    bucketing_version 2
                    column.name.delimiter ,
                    columns interaction_flag,cnt,pct
                    columns.comments 
                    columns.types int:bigint:double
                    field.delim ,
                    file.inputformat org.apache.hadoop.mapred.TextInputFormat
                    file.outputformat org.apache.hadoop.hive.ql.io.HiveIgnoreKeyTextOutputFormat
                    location hdfs://hadoop-02.uni.innopolis.ru:8020/user/team11/project/hive/warehouse/q1_results
                    name team11_projectdb.q1_results
                    numFiles 1
                    numRows 2
                    rawDataSize 32
                    serialization.ddl struct q1_results { i32 interaction_flag, i64 cnt, double pct}
                    serialization.format ,
                    serialization.lib org.apache.hadoop.hive.serde2.lazy.LazySimpleSerDe
                    totalSize 34
                    transient_lastDdlTime 1778427618
                  serde: org.apache.hadoop.hive.serde2.lazy.LazySimpleSerDe
                
                    input format: org.apache.hadoop.mapred.TextInputFormat
                    output format: org.apache.hadoop.hive.ql.io.HiveIgnoreKeyTextOutputFormat
                    properties:
                      COLUMN_STATS_ACCURATE {"BASIC_STATS":"true","COLUMN_STATS":{"cnt":"true","interaction_flag":"true","pct":"true"}}
                      EXTERNAL TRUE
                      bucket_count -1
                      bucketing_version 2
                      column.name.delimiter ,
                      columns interaction_flag,cnt,pct
                      columns.comments 
                      columns.types int:bigint:double
                      field.delim ,
                      file.inputformat org.apache.hadoop.mapred.TextInputFormat
                      file.outputformat org.apache.hadoop.hive.ql.io.HiveIgnoreKeyTextOutputFormat
                      location hdfs://hadoop-02.uni.innopolis.ru:8020/user/team11/project/hive/warehouse/q1_results
                      name team11_projectdb.q1_results
                      numFiles 1
                      numRows 2
                      rawDataSize 32
                      serialization.ddl struct q1_results { i32 interaction_flag, i64 cnt, double pct}
                      serialization.format ,
                      serialization.lib org.apache.hadoop.hive.serde2.lazy.LazySimpleSerDe
                      totalSize 34
                      transient_lastDdlTime 1778427618
                    serde: org.apache.hadoop.hive.serde2.lazy.LazySimpleSerDe
                    name: team11_projectdb.q1_results
                  name: team11_projectdb.q1_results
            Truncated Path -> Alias:
              hdfs://hadoop-02.uni.innopolis.ru:8020/user/team11/project/hive/warehouse/q1_results [q1_results]

  Stage: Stage-2
    Dependency Collection

  Stage: Stage-0
    Move Operator
      files:
          hdfs directory: true
          source: hdfs://hadoop-02.uni.innopolis.ru:8020/user/team11/project/output/q1/.hive-staging_hive_2026-05-10_18-40-18_899_2790205687489391664-2224/-ext-10000
          destination: project/output/q1


INFO  : Completed compiling command(queryId=hive_20260510184018_46d1e192-16b0-442e-a078-5b9548396ec7); Time taken: 0.228 seconds
INFO  : Executing command(queryId=hive_20260510184018_46d1e192-16b0-442e-a078-5b9548396ec7): INSERT OVERWRITE DIRECTORY 'project/output/q1'
ROW FORMAT DELIMITED FIELDS TERMINATED BY ','
SELECT * FROM q1_results
INFO  : Query ID = hive_20260510184018_46d1e192-16b0-442e-a078-5b9548396ec7
INFO  : Total jobs = 1
INFO  : Launching Job 1 out of 1
INFO  : Starting task [Stage-1:MAPRED] in serial mode
INFO  : Subscribed to counters: [] for queryId: hive_20260510184018_46d1e192-16b0-442e-a078-5b9548396ec7
INFO  : Session is already open
INFO  : Dag name: INSERT OVERWRITE DIRECTORY 'pro...q1_results (Stage-1)
INFO  : Status: Running (Executing on YARN cluster with App id application_1777989965680_4798)

INFO  : Starting task [Stage-2:DEPENDENCY_COLLECTION] in serial mode
INFO  : Starting task [Stage-0:MOVE] in serial mode
INFO  : Moving data to directory project/output/q1 from hdfs://hadoop-02.uni.innopolis.ru:8020/user/team11/project/output/q1/.hive-staging_hive_2026-05-10_18-40-18_899_2790205687489391664-2224/-ext-10000
INFO  : Completed executing command(queryId=hive_20260510184018_46d1e192-16b0-442e-a078-5b9548396ec7); Time taken: 0.484 seconds
INFO  : OK
No rows affected (0.739 seconds)
INFO  : Compiling command(queryId=hive_20260510184019_ecbd2017-f40f-434f-a7c0-75b8d3374324): SELECT * FROM q1_results
INFO  : Semantic Analysis Completed (retrial = false)
INFO  : Returning Hive schema: Schema(fieldSchemas:[FieldSchema(name:interaction_flag, type:int, comment:null), FieldSchema(name:cnt, type:bigint, comment:null), FieldSchema(name:pct, type:double, comment:null)], properties:null)
INFO  : EXPLAIN output for queryid hive_20260510184019_ecbd2017-f40f-434f-a7c0-75b8d3374324 : STAGE DEPENDENCIES:
  Stage-0 is a root stage [FETCH]

STAGE PLANS:
  Stage: Stage-0
    Fetch Operator
      limit: -1
      Processor Tree:
        TableScan
          alias: q1_results
          GatherStats: false
          Select Operator
            expressions: interaction_flag (type: int), cnt (type: bigint), pct (type: double)
            outputColumnNames: _col0, _col1, _col2
            ListSink


INFO  : Completed compiling command(queryId=hive_20260510184019_ecbd2017-f40f-434f-a7c0-75b8d3374324); Time taken: 0.256 seconds
INFO  : Executing command(queryId=hive_20260510184019_ecbd2017-f40f-434f-a7c0-75b8d3374324): SELECT * FROM q1_results
INFO  : Completed executing command(queryId=hive_20260510184019_ecbd2017-f40f-434f-a7c0-75b8d3374324); Time taken: 0.0 seconds
INFO  : OK
2 rows selected (0.346 seconds)
Closing: 0: jdbc:hive2://hadoop-03.uni.innopolis.ru:10001
