Connecting to jdbc:hive2://hadoop-03.uni.innopolis.ru:10001
2026-05-10 18:42:11,085 INFO jdbc.Utils: Supplied authorities: hadoop-03.uni.innopolis.ru:10001
2026-05-10 18:42:11,085 INFO jdbc.Utils: Resolved authority: hadoop-03.uni.innopolis.ru:10001
Connected to: Apache Hive (version 3.1.3)
Driver: Hive JDBC (version 2.3.9)
Transaction isolation: TRANSACTION_REPEATABLE_READ
INFO  : Compiling command(queryId=hive_20260510184211_3c9a9e28-cc43-483b-bfcb-3a96f141b0ff): USE team11_projectdb
INFO  : Semantic Analysis Completed (retrial = false)
INFO  : Returning Hive schema: Schema(fieldSchemas:null, properties:null)
INFO  : EXPLAIN output for queryid hive_20260510184211_3c9a9e28-cc43-483b-bfcb-3a96f141b0ff : STAGE DEPENDENCIES:
  Stage-0 is a root stage [DDL]

STAGE PLANS:
  Stage: Stage-0


INFO  : Completed compiling command(queryId=hive_20260510184211_3c9a9e28-cc43-483b-bfcb-3a96f141b0ff); Time taken: 0.101 seconds
INFO  : Executing command(queryId=hive_20260510184211_3c9a9e28-cc43-483b-bfcb-3a96f141b0ff): USE team11_projectdb
INFO  : Starting task [Stage-0:DDL] in serial mode
INFO  : Completed executing command(queryId=hive_20260510184211_3c9a9e28-cc43-483b-bfcb-3a96f141b0ff); Time taken: 0.024 seconds
INFO  : OK
No rows affected (0.202 seconds)
No rows affected (0.015 seconds)
INFO  : Compiling command(queryId=hive_20260510184211_f5bebfa1-39da-4930-bf05-953f50680b41): DROP TABLE IF EXISTS q5_results
INFO  : Semantic Analysis Completed (retrial = false)
INFO  : Returning Hive schema: Schema(fieldSchemas:null, properties:null)
INFO  : EXPLAIN output for queryid hive_20260510184211_f5bebfa1-39da-4930-bf05-953f50680b41 : STAGE DEPENDENCIES:
  Stage-0 is a root stage [DDL]

STAGE PLANS:
  Stage: Stage-0
      Drop Table Operator:
        Drop Table
          table: q5_results


INFO  : Completed compiling command(queryId=hive_20260510184211_f5bebfa1-39da-4930-bf05-953f50680b41); Time taken: 0.056 seconds
INFO  : Executing command(queryId=hive_20260510184211_f5bebfa1-39da-4930-bf05-953f50680b41): DROP TABLE IF EXISTS q5_results
INFO  : Starting task [Stage-0:DDL] in serial mode
INFO  : Completed executing command(queryId=hive_20260510184211_f5bebfa1-39da-4930-bf05-953f50680b41); Time taken: 0.008 seconds
INFO  : OK
No rows affected (0.115 seconds)
INFO  : Compiling command(queryId=hive_20260510184211_e06fd213-109e-47df-8268-a30493817372): CREATE EXTERNAL TABLE q5_results(
activity_bucket  STRING,
user_count       BIGINT,
pct_users        DOUBLE,
n_interactions   BIGINT,
pct_interactions DOUBLE
)
ROW FORMAT DELIMITED FIELDS TERMINATED BY ','
LOCATION 'project/hive/warehouse/q5_results'
INFO  : Semantic Analysis Completed (retrial = false)
INFO  : Returning Hive schema: Schema(fieldSchemas:null, properties:null)
INFO  : EXPLAIN output for queryid hive_20260510184211_e06fd213-109e-47df-8268-a30493817372 : STAGE DEPENDENCIES:
  Stage-0 is a root stage [DDL]

STAGE PLANS:
  Stage: Stage-0
      Create Table Operator:
        Create Table
          columns: activity_bucket string, user_count bigint, pct_users double, n_interactions bigint, pct_interactions double
          field delimiter: ,
          input format: org.apache.hadoop.mapred.TextInputFormat
          location: project/hive/warehouse/q5_results
          output format: org.apache.hadoop.hive.ql.io.IgnoreKeyTextOutputFormat
          serde name: org.apache.hadoop.hive.serde2.lazy.LazySimpleSerDe
          name: team11_projectdb.q5_results
          isExternal: true


INFO  : Completed compiling command(queryId=hive_20260510184211_e06fd213-109e-47df-8268-a30493817372); Time taken: 0.053 seconds
INFO  : Executing command(queryId=hive_20260510184211_e06fd213-109e-47df-8268-a30493817372): CREATE EXTERNAL TABLE q5_results(
activity_bucket  STRING,
user_count       BIGINT,
pct_users        DOUBLE,
n_interactions   BIGINT,
pct_interactions DOUBLE
)
ROW FORMAT DELIMITED FIELDS TERMINATED BY ','
LOCATION 'project/hive/warehouse/q5_results'
INFO  : Starting task [Stage-0:DDL] in serial mode
INFO  : Completed executing command(queryId=hive_20260510184211_e06fd213-109e-47df-8268-a30493817372); Time taken: 0.058 seconds
INFO  : OK
No rows affected (0.174 seconds)
INFO  : Compiling command(queryId=hive_20260510184212_05d2b2a0-0b96-4f21-a709-f2ff094d8c1b): WITH user_stats AS (
SELECT user_id, COUNT(*) AS n
FROM interactions_part
GROUP BY user_id
),
bucketed AS (
SELECT
CASE
WHEN n <= 1    THEN '1'
WHEN n <= 5    THEN '2-5'
WHEN n <= 20   THEN '6-20'
WHEN n <= 100  THEN '21-100'
WHEN n <= 500  THEN '101-500'
ELSE                '500+'
END AS activity_bucket,
n
FROM user_stats
)
INSERT OVERWRITE TABLE q5_results
SELECT
activity_bucket,
COUNT(*)                                            AS user_count,
ROUND(100.0 * COUNT(*) / SUM(COUNT(*)) OVER (), 4)  AS pct_users,
SUM(n)                                              AS n_interactions,
ROUND(100.0 * SUM(n) / SUM(SUM(n)) OVER (), 4)      AS pct_interactions
FROM bucketed
GROUP BY activity_bucket
ORDER BY n_interactions
INFO  : Semantic Analysis Completed (retrial = false)
INFO  : Returning Hive schema: Schema(fieldSchemas:[FieldSchema(name:_col0, type:string, comment:null), FieldSchema(name:_col1, type:bigint, comment:null), FieldSchema(name:_col2, type:double, comment:null), FieldSchema(name:_col3, type:bigint, comment:null), FieldSchema(name:_col4, type:double, comment:null)], properties:null)
INFO  : EXPLAIN output for queryid hive_20260510184212_05d2b2a0-0b96-4f21-a709-f2ff094d8c1b : STAGE DEPENDENCIES:
  Stage-1 is a root stage [MAPRED]
  Stage-2 depends on stages: Stage-1 [DEPENDENCY_COLLECTION]
  Stage-0 depends on stages: Stage-2 [MOVE]
  Stage-3 depends on stages: Stage-0 [STATS]

STAGE PLANS:
  Stage: Stage-1
    Tez
      DagId: hive_20260510184212_05d2b2a0-0b96-4f21-a709-f2ff094d8c1b:4592
      Edges:
        Reducer 2 <- Map 1 (SIMPLE_EDGE)
        Reducer 3 <- Reducer 2 (SIMPLE_EDGE)
        Reducer 4 <- Reducer 3 (SIMPLE_EDGE)
        Reducer 5 <- Reducer 4 (SIMPLE_EDGE)
      DagName: hive_20260510184212_05d2b2a0-0b96-4f21-a709-f2ff094d8c1b:4592
      Vertices:
        Map 1 
            Map Operator Tree:
                TableScan
                  alias: interactions_part
                  Statistics: Num rows: 11808554 Data size: 2538839110 Basic stats: COMPLETE Column stats: NONE
                  GatherStats: false
                  Select Operator
                    expressions: user_id (type: string)
                    outputColumnNames: user_id
                    Statistics: Num rows: 11808554 Data size: 2538839110 Basic stats: COMPLETE Column stats: NONE
                    Group By Operator
                      aggregations: count()
                      keys: user_id (type: string)
                      mode: hash
                      outputColumnNames: _col0, _col1
                      Statistics: Num rows: 11808554 Data size: 2538839110 Basic stats: COMPLETE Column stats: NONE
                      Reduce Output Operator
                        key expressions: _col0 (type: string)
                        null sort order: a
                        sort order: +
                        Map-reduce partition columns: _col0 (type: string)
                        Statistics: Num rows: 11808554 Data size: 2538839110 Basic stats: COMPLETE Column stats: NONE
                        tag: -1
                        value expressions: _col1 (type: bigint)
                        auto parallelism: true
            Execution mode: vectorized
            Path -> Alias:
              hdfs://hadoop-02.uni.innopolis.ru:8020/user/team11/project/hive/warehouse/interactions_part/interaction_flag=0 [interactions_part]
              hdfs://hadoop-02.uni.innopolis.ru:8020/user/team11/project/hive/warehouse/interactions_part/interaction_flag=1 [interactions_part]
            Path -> Partition:
              hdfs://hadoop-02.uni.innopolis.ru:8020/user/team11/project/hive/warehouse/interactions_part/interaction_flag=0 
                Partition
                  base file name: interaction_flag=0
                  input format: org.apache.hadoop.hive.ql.io.orc.OrcInputFormat
                  output format: org.apache.hadoop.hive.ql.io.orc.OrcOutputFormat
                  partition values:
                    interaction_flag 0
                  properties:
                    COLUMN_STATS_ACCURATE {"BASIC_STATS":"true","COLUMN_STATS":{"id":"true","item_id":"true","ts":"true","user_id":"true"}}
                    bucket_count 11
                    bucket_field_name user_id
                    file.inputformat org.apache.hadoop.hive.ql.io.orc.OrcInputFormat
                    file.outputformat org.apache.hadoop.hive.ql.io.orc.OrcOutputFormat
                    location hdfs://hadoop-02.uni.innopolis.ru:8020/user/team11/project/hive/warehouse/interactions_part/interaction_flag=0
                    name team11_projectdb.interactions_part
                    numFiles 11
                    numRows 3525682
                    partition_columns interaction_flag
                    partition_columns.types int
                    rawDataSize 758021630
                    serialization.ddl struct interactions_part { i32 id, string user_id, string item_id, i64 ts}
                    serialization.format 1
                    serialization.lib org.apache.hadoop.hive.ql.io.orc.OrcSerde
                    totalSize 92283754
                    transient_lastDdlTime 1778427592
                  serde: org.apache.hadoop.hive.ql.io.orc.OrcSerde
                
                    input format: org.apache.hadoop.hive.ql.io.orc.OrcInputFormat
                    output format: org.apache.hadoop.hive.ql.io.orc.OrcOutputFormat
                    properties:
                      EXTERNAL TRUE
                      bucket_count 11
                      bucket_field_name user_id
                      bucketing_version 2
                      column.name.delimiter ,
                      columns id,user_id,item_id,ts
                      columns.comments 
                      columns.types int:string:string:bigint
                      file.inputformat org.apache.hadoop.hive.ql.io.orc.OrcInputFormat
                      file.outputformat org.apache.hadoop.hive.ql.io.orc.OrcOutputFormat
                      location hdfs://hadoop-02.uni.innopolis.ru:8020/user/team11/project/hive/warehouse/interactions_part
                      name team11_projectdb.interactions_part
                      orc.compress SNAPPY
                      partition_columns interaction_flag
                      partition_columns.types int
                      serialization.ddl struct interactions_part { i32 id, string user_id, string item_id, i64 ts}
                      serialization.format 1
                      serialization.lib org.apache.hadoop.hive.ql.io.orc.OrcSerde
                      transient_lastDdlTime 1778427556
                    serde: org.apache.hadoop.hive.ql.io.orc.OrcSerde
                    name: team11_projectdb.interactions_part
                  name: team11_projectdb.interactions_part
              hdfs://hadoop-02.uni.innopolis.ru:8020/user/team11/project/hive/warehouse/interactions_part/interaction_flag=1 
                Partition
                  base file name: interaction_flag=1
                  input format: org.apache.hadoop.hive.ql.io.orc.OrcInputFormat
                  output format: org.apache.hadoop.hive.ql.io.orc.OrcOutputFormat
                  partition values:
                    interaction_flag 1
                  properties:
                    COLUMN_STATS_ACCURATE {"BASIC_STATS":"true","COLUMN_STATS":{"id":"true","item_id":"true","ts":"true","user_id":"true"}}
                    bucket_count 11
                    bucket_field_name user_id
                    file.inputformat org.apache.hadoop.hive.ql.io.orc.OrcInputFormat
                    file.outputformat org.apache.hadoop.hive.ql.io.orc.OrcOutputFormat
                    location hdfs://hadoop-02.uni.innopolis.ru:8020/user/team11/project/hive/warehouse/interactions_part/interaction_flag=1
                    name team11_projectdb.interactions_part
                    numFiles 11
                    numRows 8282872
                    partition_columns interaction_flag
                    partition_columns.types int
                    rawDataSize 1780817480
                    serialization.ddl struct interactions_part { i32 id, string user_id, string item_id, i64 ts}
                    serialization.format 1
                    serialization.lib org.apache.hadoop.hive.ql.io.orc.OrcSerde
                    totalSize 72156538
                    transient_lastDdlTime 1778427592
                  serde: org.apache.hadoop.hive.ql.io.orc.OrcSerde
                
                    input format: org.apache.hadoop.hive.ql.io.orc.OrcInputFormat
                    output format: org.apache.hadoop.hive.ql.io.orc.OrcOutputFormat
                    properties:
                      EXTERNAL TRUE
                      bucket_count 11
                      bucket_field_name user_id
                      bucketing_version 2
                      column.name.delimiter ,
                      columns id,user_id,item_id,ts
                      columns.comments 
                      columns.types int:string:string:bigint
                      file.inputformat org.apache.hadoop.hive.ql.io.orc.OrcInputFormat
                      file.outputformat org.apache.hadoop.hive.ql.io.orc.OrcOutputFormat
                      location hdfs://hadoop-02.uni.innopolis.ru:8020/user/team11/project/hive/warehouse/interactions_part
                      name team11_projectdb.interactions_part
                      orc.compress SNAPPY
                      partition_columns interaction_flag
                      partition_columns.types int
                      serialization.ddl struct interactions_part { i32 id, string user_id, string item_id, i64 ts}
                      serialization.format 1
                      serialization.lib org.apache.hadoop.hive.ql.io.orc.OrcSerde
                      transient_lastDdlTime 1778427556
                    serde: org.apache.hadoop.hive.ql.io.orc.OrcSerde
                    name: team11_projectdb.interactions_part
                  name: team11_projectdb.interactions_part
            Truncated Path -> Alias:
              hdfs://hadoop-02.uni.innopolis.ru:8020/user/team11/project/hive/warehouse/interactions_part/interaction_flag=0 [interactions_part]
              hdfs://hadoop-02.uni.innopolis.ru:8020/user/team11/project/hive/warehouse/interactions_part/interaction_flag=1 [interactions_part]
        Reducer 2 
            Execution mode: vectorized
            Needs Tagging: false
            Reduce Operator Tree:
              Group By Operator
                aggregations: count(VALUE._col0)
                keys: KEY._col0 (type: string)
                mode: mergepartial
                outputColumnNames: _col0, _col1
                Statistics: Num rows: 5904277 Data size: 1269419555 Basic stats: COMPLETE Column stats: NONE
                Select Operator
                  expressions: CASE WHEN ((_col1 <= 1L)) THEN ('1') WHEN ((_col1 <= 5L)) THEN ('2-5') WHEN ((_col1 <= 20L)) THEN ('6-20') WHEN ((_col1 <= 100L)) THEN ('21-100') WHEN ((_col1 <= 500L)) THEN ('101-500') ELSE ('500+') END (type: string), _col1 (type: bigint)
                  outputColumnNames: _col0, _col1
                  Statistics: Num rows: 5904277 Data size: 1269419555 Basic stats: COMPLETE Column stats: NONE
                  Group By Operator
                    aggregations: count(), sum(_col1)
                    keys: _col0 (type: string)
                    mode: hash
                    outputColumnNames: _col0, _col1, _col2
                    Statistics: Num rows: 5904277 Data size: 1269419555 Basic stats: COMPLETE Column stats: NONE
                    Reduce Output Operator
                      key expressions: _col0 (type: string)
                      null sort order: a
                      sort order: +
                      Map-reduce partition columns: _col0 (type: string)
                      Statistics: Num rows: 5904277 Data size: 1269419555 Basic stats: COMPLETE Column stats: NONE
                      tag: -1
                      value expressions: _col1 (type: bigint), _col2 (type: bigint)
                      auto parallelism: true
        Reducer 3 
            Execution mode: vectorized
            Needs Tagging: false
            Reduce Operator Tree:
              Group By Operator
                aggregations: count(VALUE._col0), sum(VALUE._col1)
                keys: KEY._col0 (type: string)
                mode: mergepartial
                outputColumnNames: _col0, _col1, _col2
                Statistics: Num rows: 2952138 Data size: 634709670 Basic stats: COMPLETE Column stats: NONE
                Reduce Output Operator
                  key expressions: 0 (type: int)
                  null sort order: a
                  sort order: +
                  Map-reduce partition columns: 0 (type: int)
                  Statistics: Num rows: 2952138 Data size: 634709670 Basic stats: COMPLETE Column stats: NONE
                  tag: -1
                  value expressions: _col0 (type: string), _col1 (type: bigint), _col2 (type: bigint)
                  auto parallelism: true
        Reducer 4 
            Execution mode: vectorized
            Needs Tagging: false
            Reduce Operator Tree:
              Select Operator
                expressions: VALUE._col0 (type: string), VALUE._col1 (type: bigint), VALUE._col2 (type: bigint)
                outputColumnNames: _col0, _col1, _col2
                Statistics: Num rows: 2952138 Data size: 634709670 Basic stats: COMPLETE Column stats: NONE
                PTF Operator
                  Function definitions:
                      Input definition
                        input alias: ptf_0
                        output shape: _col0: string, _col1: bigint, _col2: bigint
                        type: WINDOWING
                      Windowing table definition
                        input alias: ptf_1
                        name: windowingtablefunction
                        order by: 0 ASC NULLS FIRST
                        partition by: 0
                        raw input shape:
                        window functions:
                            window function definition
                              alias: sum_window_0
                              arguments: _col1
                              name: sum
                              window function: GenericUDAFSumLong
                              window frame: ROWS PRECEDING(MAX)~FOLLOWING(MAX)
                            window function definition
                              alias: sum_window_1
                              arguments: _col2
                              name: sum
                              window function: GenericUDAFSumLong
                              window frame: ROWS PRECEDING(MAX)~FOLLOWING(MAX)
                  Statistics: Num rows: 2952138 Data size: 634709670 Basic stats: COMPLETE Column stats: NONE
                  Select Operator
                    expressions: _col0 (type: string), _col1 (type: bigint), round(((100 * CAST( _col1 AS decimal(19,0))) / CAST( sum_window_0 AS decimal(19,0))), 4) (type: decimal(28,4)), _col2 (type: bigint), round(((100 * CAST( _col2 AS decimal(19,0))) / CAST( sum_window_1 AS decimal(19,0))), 4) (type: decimal(28,4))
                    outputColumnNames: _col0, _col1, _col2, _col3, _col4
                    Statistics: Num rows: 2952138 Data size: 634709670 Basic stats: COMPLETE Column stats: NONE
                    Reduce Output Operator
                      key expressions: _col3 (type: bigint)
                      null sort order: a
                      sort order: +
                      Statistics: Num rows: 2952138 Data size: 634709670 Basic stats: COMPLETE Column stats: NONE
                      tag: -1
                      value expressions: _col0 (type: string), _col1 (type: bigint), _col2 (type: decimal(28,4)), _col4 (type: decimal(28,4))
                      auto parallelism: false
        Reducer 5 
            Needs Tagging: false
            Reduce Operator Tree:
              Select Operator
                expressions: VALUE._col0 (type: string), VALUE._col1 (type: bigint), UDFToDouble(VALUE._col2) (type: double), KEY.reducesinkkey0 (type: bigint), UDFToDouble(VALUE._col3) (type: double)
                outputColumnNames: _col0, _col1, _col2, _col3, _col4
                Statistics: Num rows: 2952138 Data size: 634709670 Basic stats: COMPLETE Column stats: NONE
                File Output Operator
                  compressed: false
                  GlobalTableId: 1
                  directory: hdfs://hadoop-02.uni.innopolis.ru:8020/user/team11/project/hive/warehouse/q5_results/.hive-staging_hive_2026-05-10_18-42-12_259_675211236508409626-2225/-ext-10000
                  NumFilesPerFileSink: 1
                  Statistics: Num rows: 2952138 Data size: 634709670 Basic stats: COMPLETE Column stats: NONE
                  Stats Publishing Key Prefix: hdfs://hadoop-02.uni.innopolis.ru:8020/user/team11/project/hive/warehouse/q5_results/.hive-staging_hive_2026-05-10_18-42-12_259_675211236508409626-2225/-ext-10000/
                  table:
                      input format: org.apache.hadoop.mapred.TextInputFormat
                      output format: org.apache.hadoop.hive.ql.io.HiveIgnoreKeyTextOutputFormat
                      properties:
                        EXTERNAL TRUE
                        bucket_count -1
                        bucketing_version 2
                        column.name.delimiter ,
                        columns activity_bucket,user_count,pct_users,n_interactions,pct_interactions
                        columns.comments 
                        columns.types string:bigint:double:bigint:double
                        field.delim ,
                        file.inputformat org.apache.hadoop.mapred.TextInputFormat
                        file.outputformat org.apache.hadoop.hive.ql.io.HiveIgnoreKeyTextOutputFormat
                        location hdfs://hadoop-02.uni.innopolis.ru:8020/user/team11/project/hive/warehouse/q5_results
                        name team11_projectdb.q5_results
                        serialization.ddl struct q5_results { string activity_bucket, i64 user_count, double pct_users, i64 n_interactions, double pct_interactions}
                        serialization.format ,
                        serialization.lib org.apache.hadoop.hive.serde2.lazy.LazySimpleSerDe
                        transient_lastDdlTime 1778427732
                      serde: org.apache.hadoop.hive.serde2.lazy.LazySimpleSerDe
                      name: team11_projectdb.q5_results
                  TotalFiles: 1
                  GatherStats: true
                  MultiFileSpray: false
                Select Operator
                  expressions: _col0 (type: string), _col1 (type: bigint), _col2 (type: double), _col3 (type: bigint), _col4 (type: double)
                  outputColumnNames: activity_bucket, user_count, pct_users, n_interactions, pct_interactions
                  Statistics: Num rows: 2952138 Data size: 634709670 Basic stats: COMPLETE Column stats: NONE
                  Group By Operator
                    aggregations: compute_stats(activity_bucket, 'hll'), compute_stats(user_count, 'hll'), compute_stats(pct_users, 'hll'), compute_stats(n_interactions, 'hll'), compute_stats(pct_interactions, 'hll')
                    mode: complete
                    outputColumnNames: _col0, _col1, _col2, _col3, _col4
                    Statistics: Num rows: 1 Data size: 2136 Basic stats: COMPLETE Column stats: NONE
                    Select Operator
                      expressions: _col0 (type: struct<columntype:string,maxlength:bigint,avglength:double,countnulls:bigint,numdistinctvalues:bigint,ndvbitvector:binary>), _col1 (type: struct<columntype:string,min:bigint,max:bigint,countnulls:bigint,numdistinctvalues:bigint,ndvbitvector:binary>), _col2 (type: struct<columntype:string,min:double,max:double,countnulls:bigint,numdistinctvalues:bigint,ndvbitvector:binary>), _col3 (type: struct<columntype:string,min:bigint,max:bigint,countnulls:bigint,numdistinctvalues:bigint,ndvbitvector:binary>), _col4 (type: struct<columntype:string,min:double,max:double,countnulls:bigint,numdistinctvalues:bigint,ndvbitvector:binary>)
                      outputColumnNames: _col0, _col1, _col2, _col3, _col4
                      Statistics: Num rows: 1 Data size: 2136 Basic stats: COMPLETE Column stats: NONE
                      File Output Operator
                        compressed: false
                        GlobalTableId: 0
                        directory: hdfs://hadoop-02.uni.innopolis.ru:8020/tmp/hive/team11/22ad222b-69d8-478a-93da-8e70bf7ff131/hive_2026-05-10_18-42-12_694_3190173531680591233-2225/-mr-10000/.hive-staging_hive_2026-05-10_18-42-12_694_3190173531680591233-2225/-ext-10001
                        NumFilesPerFileSink: 1
                        Statistics: Num rows: 1 Data size: 2136 Basic stats: COMPLETE Column stats: NONE
                        Stats Publishing Key Prefix: hdfs://hadoop-02.uni.innopolis.ru:8020/tmp/hive/team11/22ad222b-69d8-478a-93da-8e70bf7ff131/hive_2026-05-10_18-42-12_694_3190173531680591233-2225/-mr-10000/.hive-staging_hive_2026-05-10_18-42-12_694_3190173531680591233-2225/-ext-10001/
                        table:
                            input format: org.apache.hadoop.mapred.SequenceFileInputFormat
                            output format: org.apache.hadoop.hive.ql.io.HiveSequenceFileOutputFormat
                            properties:
                              columns _col0,_col1,_col2,_col3,_col4
                              columns.types struct<columntype:string,maxlength:bigint,avglength:double,countnulls:bigint,numdistinctvalues:bigint,ndvbitvector:binary>:struct<columntype:string,min:bigint,max:bigint,countnulls:bigint,numdistinctvalues:bigint,ndvbitvector:binary>:struct<columntype:string,min:double,max:double,countnulls:bigint,numdistinctvalues:bigint,ndvbitvector:binary>:struct<columntype:string,min:bigint,max:bigint,countnulls:bigint,numdistinctvalues:bigint,ndvbitvector:binary>:struct<columntype:string,min:double,max:double,countnulls:bigint,numdistinctvalues:bigint,ndvbitvector:binary>
                              escape.delim \
                              hive.serialization.extend.additional.nesting.levels true
                              serialization.escape.crlf true
                              serialization.format 1
                              serialization.lib org.apache.hadoop.hive.serde2.lazy.LazySimpleSerDe
                            serde: org.apache.hadoop.hive.serde2.lazy.LazySimpleSerDe
                        TotalFiles: 1
                        GatherStats: false
                        MultiFileSpray: false

  Stage: Stage-2
    Dependency Collection

  Stage: Stage-0
    Move Operator
      tables:
          replace: true
          source: hdfs://hadoop-02.uni.innopolis.ru:8020/user/team11/project/hive/warehouse/q5_results/.hive-staging_hive_2026-05-10_18-42-12_259_675211236508409626-2225/-ext-10000
          table:
              input format: org.apache.hadoop.mapred.TextInputFormat
              output format: org.apache.hadoop.hive.ql.io.HiveIgnoreKeyTextOutputFormat
              properties:
                EXTERNAL TRUE
                bucket_count -1
                bucketing_version 2
                column.name.delimiter ,
                columns activity_bucket,user_count,pct_users,n_interactions,pct_interactions
                columns.comments 
                columns.types string:bigint:double:bigint:double
                field.delim ,
                file.inputformat org.apache.hadoop.mapred.TextInputFormat
                file.outputformat org.apache.hadoop.hive.ql.io.HiveIgnoreKeyTextOutputFormat
                location hdfs://hadoop-02.uni.innopolis.ru:8020/user/team11/project/hive/warehouse/q5_results
                name team11_projectdb.q5_results
                serialization.ddl struct q5_results { string activity_bucket, i64 user_count, double pct_users, i64 n_interactions, double pct_interactions}
                serialization.format ,
                serialization.lib org.apache.hadoop.hive.serde2.lazy.LazySimpleSerDe
                transient_lastDdlTime 1778427732
              serde: org.apache.hadoop.hive.serde2.lazy.LazySimpleSerDe
              name: team11_projectdb.q5_results

  Stage: Stage-3
    Stats Work
      Basic Stats Work:
          Stats Aggregation Key Prefix: hdfs://hadoop-02.uni.innopolis.ru:8020/user/team11/project/hive/warehouse/q5_results/.hive-staging_hive_2026-05-10_18-42-12_259_675211236508409626-2225/-ext-10000/
      Column Stats Desc:
          Columns: activity_bucket, user_count, pct_users, n_interactions, pct_interactions
          Column Types: string, bigint, double, bigint, double
          Table: team11_projectdb.q5_results
          Is Table Level Stats: true


INFO  : Completed compiling command(queryId=hive_20260510184212_05d2b2a0-0b96-4f21-a709-f2ff094d8c1b); Time taken: 0.516 seconds
INFO  : Executing command(queryId=hive_20260510184212_05d2b2a0-0b96-4f21-a709-f2ff094d8c1b): WITH user_stats AS (
SELECT user_id, COUNT(*) AS n
FROM interactions_part
GROUP BY user_id
),
bucketed AS (
SELECT
CASE
WHEN n <= 1    THEN '1'
WHEN n <= 5    THEN '2-5'
WHEN n <= 20   THEN '6-20'
WHEN n <= 100  THEN '21-100'
WHEN n <= 500  THEN '101-500'
ELSE                '500+'
END AS activity_bucket,
n
FROM user_stats
)
INSERT OVERWRITE TABLE q5_results
SELECT
activity_bucket,
COUNT(*)                                            AS user_count,
ROUND(100.0 * COUNT(*) / SUM(COUNT(*)) OVER (), 4)  AS pct_users,
SUM(n)                                              AS n_interactions,
ROUND(100.0 * SUM(n) / SUM(SUM(n)) OVER (), 4)      AS pct_interactions
FROM bucketed
GROUP BY activity_bucket
ORDER BY n_interactions
INFO  : Query ID = hive_20260510184212_05d2b2a0-0b96-4f21-a709-f2ff094d8c1b
INFO  : Total jobs = 1
INFO  : Launching Job 1 out of 1
INFO  : Starting task [Stage-1:MAPRED] in serial mode
INFO  : Subscribed to counters: [] for queryId: hive_20260510184212_05d2b2a0-0b96-4f21-a709-f2ff094d8c1b
INFO  : Tez session hasn't been created yet. Opening session
INFO  : Dag name: WITH user_stats AS (
SELECT...n_interactions (Stage-1)
INFO  : Status: Running (Executing on YARN cluster with App id application_1777989965680_4826)

[2K----------------------------------------------------------------------------------------------
[2K[36;1m        VERTICES      MODE        STATUS  TOTAL  COMPLETED  RUNNING  PENDING  FAILED  KILLED  
[22;0m[2K----------------------------------------------------------------------------------------------
[2KMap 1            container        INITED     22          0        0       22       0       0  
Reducer 2        container        INITED     10          0        0       10       0       0  
Reducer 3        container        INITED      5          0        0        5       0       0  
Reducer 4        container        INITED      3          0        0        3       0       0  
Reducer 5        container        INITED      1          0        0        1       0       0  
[2K----------------------------------------------------------------------------------------------
[2K[31;1mVERTICES: 00/05  [>>--------------------------] 0%    ELAPSED TIME: 3.94 s     
[22;0m[2K----------------------------------------------------------------------------------------------
[11A[2K----------------------------------------------------------------------------------------------
[2K[36;1m        VERTICES      MODE        STATUS  TOTAL  COMPLETED  RUNNING  PENDING  FAILED  KILLED  
[22;0m[2K----------------------------------------------------------------------------------------------
[2KMap 1            container       RUNNING     22          0       16        6       0       0  
Reducer 2        container        INITED     10          0        0       10       0       0  
Reducer 3        container        INITED      5          0        0        5       0       0  
Reducer 4        container        INITED      3          0        0        3       0       0  
Reducer 5        container        INITED      1          0        0        1       0       0  
[2K----------------------------------------------------------------------------------------------
[2K[31;1mVERTICES: 00/05  [>>--------------------------] 0%    ELAPSED TIME: 4.45 s     
[22;0m[2K----------------------------------------------------------------------------------------------
[11A[2K----------------------------------------------------------------------------------------------
[2K[36;1m        VERTICES      MODE        STATUS  TOTAL  COMPLETED  RUNNING  PENDING  FAILED  KILLED  
[22;0m[2K----------------------------------------------------------------------------------------------
[2KMap 1            container       RUNNING     22          0       16        6       0       0  
Reducer 2        container        INITED     10          0        0       10       0       0  
Reducer 3        container        INITED      5          0        0        5       0       0  
Reducer 4        container        INITED      3          0        0        3       0       0  
Reducer 5        container        INITED      1          0        0        1       0       0  
[2K----------------------------------------------------------------------------------------------
[2K[31;1mVERTICES: 00/05  [>>--------------------------] 0%    ELAPSED TIME: 5.45 s     
[22;0m[2K----------------------------------------------------------------------------------------------
[11A[2K----------------------------------------------------------------------------------------------
[2K[36;1m        VERTICES      MODE        STATUS  TOTAL  COMPLETED  RUNNING  PENDING  FAILED  KILLED  
[22;0m[2K----------------------------------------------------------------------------------------------
[2KMap 1            container       RUNNING     22          0       17        5       0       0  
Reducer 2        container        INITED     10          0        0       10       0       0  
Reducer 3        container        INITED      5          0        0        5       0       0  
Reducer 4        container        INITED      3          0        0        3       0       0  
Reducer 5        container        INITED      1          0        0        1       0       0  
[2K----------------------------------------------------------------------------------------------
[2K[31;1mVERTICES: 00/05  [>>--------------------------] 0%    ELAPSED TIME: 6.46 s     
[22;0m[2K----------------------------------------------------------------------------------------------
[11A[2K----------------------------------------------------------------------------------------------
[2K[36;1m        VERTICES      MODE        STATUS  TOTAL  COMPLETED  RUNNING  PENDING  FAILED  KILLED  
[22;0m[2K----------------------------------------------------------------------------------------------
[2KMap 1            container       RUNNING     22          0       17        5       0       0  
Reducer 2        container        INITED     10          0        0       10       0       0  
Reducer 3        container        INITED      5          0        0        5       0       0  
Reducer 4        container        INITED      3          0        0        3       0       0  
Reducer 5        container        INITED      1          0        0        1       0       0  
[2K----------------------------------------------------------------------------------------------
[2K[31;1mVERTICES: 00/05  [>>--------------------------] 0%    ELAPSED TIME: 7.46 s     
[22;0m[2K----------------------------------------------------------------------------------------------
[11A[2K----------------------------------------------------------------------------------------------
[2K[36;1m        VERTICES      MODE        STATUS  TOTAL  COMPLETED  RUNNING  PENDING  FAILED  KILLED  
[22;0m[2K----------------------------------------------------------------------------------------------
[2KMap 1 .          container       RUNNING     22          4       18        0       0       0  
Reducer 2        container        INITED     10          0        0       10       0       0  
Reducer 3        container        INITED      5          0        0        5       0       0  
Reducer 4        container        INITED      3          0        0        3       0       0  
Reducer 5        container        INITED      1          0        0        1       0       0  
[2K----------------------------------------------------------------------------------------------
[2K[31;1mVERTICES: 00/05  [==>>------------------------] 9%    ELAPSED TIME: 8.47 s     
[22;0m[2K----------------------------------------------------------------------------------------------
[11A[2K----------------------------------------------------------------------------------------------
[2K[36;1m        VERTICES      MODE        STATUS  TOTAL  COMPLETED  RUNNING  PENDING  FAILED  KILLED  
[22;0m[2K----------------------------------------------------------------------------------------------
[2KMap 1 .........  container       RUNNING     22         20        2        0       0       0  
Reducer 2        container       RUNNING     10          0       10        0       0       0  
Reducer 3        container        INITED      5          0        0        5       0       0  
Reducer 4        container        INITED      3          0        0        3       0       0  
Reducer 5        container        INITED      1          0        0        1       0       0  
[2K----------------------------------------------------------------------------------------------
[2K[31;1mVERTICES: 00/05  [============>>--------------] 48%   ELAPSED TIME: 9.47 s     
[22;0m[2K----------------------------------------------------------------------------------------------
[11A[2K----------------------------------------------------------------------------------------------
[2K[36;1m        VERTICES      MODE        STATUS  TOTAL  COMPLETED  RUNNING  PENDING  FAILED  KILLED  
[22;0m[2K----------------------------------------------------------------------------------------------
[2KMap 1 .........  container       RUNNING     22         21        1        0       0       0  
Reducer 2        container       RUNNING     10          0       10        0       0       0  
Reducer 3        container        INITED      5          0        0        5       0       0  
Reducer 4        container        INITED      3          0        0        3       0       0  
Reducer 5        container        INITED      1          0        0        1       0       0  
[2K----------------------------------------------------------------------------------------------
[2K[31;1mVERTICES: 00/05  [=============>>-------------] 51%   ELAPSED TIME: 10.47 s    
[22;0m[2K----------------------------------------------------------------------------------------------
[11A[2K----------------------------------------------------------------------------------------------
[2K[36;1m        VERTICES      MODE        STATUS  TOTAL  COMPLETED  RUNNING  PENDING  FAILED  KILLED  
[22;0m[2K----------------------------------------------------------------------------------------------
[2KMap 1 .......... container     SUCCEEDED     22         22        0        0       0       0  
Reducer 2        container       RUNNING     10          1        9        0       0       0  
Reducer 3        container        INITED      5          0        0        5       0       0  
Reducer 4        container        INITED      3          0        0        3       0       0  
Reducer 5        container        INITED      1          0        0        1       0       0  
[2K----------------------------------------------------------------------------------------------
[2K[31;1mVERTICES: 01/05  [==============>>------------] 56%   ELAPSED TIME: 11.48 s    
[22;0m[2K----------------------------------------------------------------------------------------------
[11A[2K----------------------------------------------------------------------------------------------
[2K[36;1m        VERTICES      MODE        STATUS  TOTAL  COMPLETED  RUNNING  PENDING  FAILED  KILLED  
[22;0m[2K----------------------------------------------------------------------------------------------
[2KMap 1 .......... container     SUCCEEDED     22         22        0        0       0       0  
Reducer 2 ...... container     SUCCEEDED     10         10        0        0       0       0  
Reducer 3 ...... container     SUCCEEDED      5          5        0        0       0       0  
Reducer 4 ...... container     SUCCEEDED      3          3        0        0       0       0  
Reducer 5        container       RUNNING      1          0        1        0       0       0  
[2K----------------------------------------------------------------------------------------------
[2K[31;1mVERTICES: 04/05  [=========================>>-] 97%   ELAPSED TIME: 12.48 s    
[22;0m[2K----------------------------------------------------------------------------------------------
[11A[2K----------------------------------------------------------------------------------------------
[2K[36;1m        VERTICES      MODE        STATUS  TOTAL  COMPLETED  RUNNING  PENDING  FAILED  KILLED  
[22;0m[2K----------------------------------------------------------------------------------------------
[2KMap 1 .......... container     SUCCEEDED     22         22        0        0       0       0  
Reducer 2 ...... container     SUCCEEDED     10         10        0        0       0       0  
Reducer 3 ...... container     SUCCEEDED      5          5        0        0       0       0  
Reducer 4 ...... container     SUCCEEDED      3          3        0        0       0       0  
Reducer 5 ...... container     SUCCEEDED      1          1        0        0       0       0  
[2K----------------------------------------------------------------------------------------------
[2K[31;1mVERTICES: 05/05  [==========================>>] 100%  ELAPSED TIME: 13.47 s    
[22;0m[2K----------------------------------------------------------------------------------------------
INFO  : Starting task [Stage-2:DEPENDENCY_COLLECTION] in serial mode
INFO  : Starting task [Stage-0:MOVE] in serial mode
INFO  : Loading data to table team11_projectdb.q5_results from hdfs://hadoop-02.uni.innopolis.ru:8020/user/team11/project/hive/warehouse/q5_results/.hive-staging_hive_2026-05-10_18-42-12_259_675211236508409626-2225/-ext-10000
INFO  : Starting task [Stage-3:STATS] in serial mode
INFO  : Completed executing command(queryId=hive_20260510184212_05d2b2a0-0b96-4f21-a709-f2ff094d8c1b); Time taken: 18.72 seconds
INFO  : OK
No rows affected (19.262 seconds)
INFO  : Compiling command(queryId=hive_20260510184231_5dcf270f-6b66-4b76-a30d-fffdaedcd7c8): INSERT OVERWRITE DIRECTORY 'project/output/q5'
ROW FORMAT DELIMITED FIELDS TERMINATED BY ','
SELECT * FROM q5_results
INFO  : Semantic Analysis Completed (retrial = false)
INFO  : Returning Hive schema: Schema(fieldSchemas:[FieldSchema(name:activity_bucket, type:string, comment:null), FieldSchema(name:user_count, type:bigint, comment:null), FieldSchema(name:pct_users, type:double, comment:null), FieldSchema(name:n_interactions, type:bigint, comment:null), FieldSchema(name:pct_interactions, type:double, comment:null)], properties:null)
INFO  : EXPLAIN output for queryid hive_20260510184231_5dcf270f-6b66-4b76-a30d-fffdaedcd7c8 : STAGE DEPENDENCIES:
  Stage-1 is a root stage [MAPRED]
  Stage-2 depends on stages: Stage-1 [DEPENDENCY_COLLECTION]
  Stage-0 depends on stages: Stage-1 [MOVE]

STAGE PLANS:
  Stage: Stage-1
    Tez
      DagId: hive_20260510184231_5dcf270f-6b66-4b76-a30d-fffdaedcd7c8:4594
      DagName: hive_20260510184231_5dcf270f-6b66-4b76-a30d-fffdaedcd7c8:4594
      Vertices:
        Map 1 
            Map Operator Tree:
                TableScan
                  alias: q5_results
                  Statistics: Num rows: 4 Data size: 133 Basic stats: COMPLETE Column stats: NONE
                  GatherStats: false
                  Select Operator
                    expressions: activity_bucket (type: string), user_count (type: bigint), pct_users (type: double), n_interactions (type: bigint), pct_interactions (type: double)
                    outputColumnNames: _col0, _col1, _col2, _col3, _col4
                    Statistics: Num rows: 4 Data size: 133 Basic stats: COMPLETE Column stats: NONE
                    File Output Operator
                      compressed: false
                      GlobalTableId: 1
                      directory: hdfs://hadoop-02.uni.innopolis.ru:8020/user/team11/project/output/q5/.hive-staging_hive_2026-05-10_18-42-31_545_1745798127691395216-2225/-ext-10000
                      NumFilesPerFileSink: 1
                      Statistics: Num rows: 4 Data size: 133 Basic stats: COMPLETE Column stats: NONE
                      Stats Publishing Key Prefix: hdfs://hadoop-02.uni.innopolis.ru:8020/user/team11/project/output/q5/.hive-staging_hive_2026-05-10_18-42-31_545_1745798127691395216-2225/-ext-10000/
                      table:
                          input format: org.apache.hadoop.mapred.TextInputFormat
                          output format: org.apache.hadoop.hive.ql.io.HiveIgnoreKeyTextOutputFormat
                          properties:
                            columns _col0,_col1,_col2,_col3,_col4
                            columns.types string:bigint:double:bigint:double
                            field.delim ,
                            serialization.format ,
                            serialization.lib org.apache.hadoop.hive.serde2.lazy.LazySimpleSerDe
                          serde: org.apache.hadoop.hive.serde2.lazy.LazySimpleSerDe
                      TotalFiles: 1
                      GatherStats: false
                      MultiFileSpray: false
            Execution mode: vectorized
            Path -> Alias:
              hdfs://hadoop-02.uni.innopolis.ru:8020/user/team11/project/hive/warehouse/q5_results [q5_results]
            Path -> Partition:
              hdfs://hadoop-02.uni.innopolis.ru:8020/user/team11/project/hive/warehouse/q5_results 
                Partition
                  base file name: q5_results
                  input format: org.apache.hadoop.mapred.TextInputFormat
                  output format: org.apache.hadoop.hive.ql.io.HiveIgnoreKeyTextOutputFormat
                  properties:
                    COLUMN_STATS_ACCURATE {"BASIC_STATS":"true","COLUMN_STATS":{"activity_bucket":"true","n_interactions":"true","pct_interactions":"true","pct_users":"true","user_count":"true"}}
                    EXTERNAL TRUE
                    bucket_count -1
                    bucketing_version 2
                    column.name.delimiter ,
                    columns activity_bucket,user_count,pct_users,n_interactions,pct_interactions
                    columns.comments 
                    columns.types string:bigint:double:bigint:double
                    field.delim ,
                    file.inputformat org.apache.hadoop.mapred.TextInputFormat
                    file.outputformat org.apache.hadoop.hive.ql.io.HiveIgnoreKeyTextOutputFormat
                    location hdfs://hadoop-02.uni.innopolis.ru:8020/user/team11/project/hive/warehouse/q5_results
                    name team11_projectdb.q5_results
                    numFiles 1
                    numRows 4
                    rawDataSize 133
                    serialization.ddl struct q5_results { string activity_bucket, i64 user_count, double pct_users, i64 n_interactions, double pct_interactions}
                    serialization.format ,
                    serialization.lib org.apache.hadoop.hive.serde2.lazy.LazySimpleSerDe
                    totalSize 137
                    transient_lastDdlTime 1778427751
                  serde: org.apache.hadoop.hive.serde2.lazy.LazySimpleSerDe
                
                    input format: org.apache.hadoop.mapred.TextInputFormat
                    output format: org.apache.hadoop.hive.ql.io.HiveIgnoreKeyTextOutputFormat
                    properties:
                      COLUMN_STATS_ACCURATE {"BASIC_STATS":"true","COLUMN_STATS":{"activity_bucket":"true","n_interactions":"true","pct_interactions":"true","pct_users":"true","user_count":"true"}}
                      EXTERNAL TRUE
                      bucket_count -1
                      bucketing_version 2
                      column.name.delimiter ,
                      columns activity_bucket,user_count,pct_users,n_interactions,pct_interactions
                      columns.comments 
                      columns.types string:bigint:double:bigint:double
                      field.delim ,
                      file.inputformat org.apache.hadoop.mapred.TextInputFormat
                      file.outputformat org.apache.hadoop.hive.ql.io.HiveIgnoreKeyTextOutputFormat
                      location hdfs://hadoop-02.uni.innopolis.ru:8020/user/team11/project/hive/warehouse/q5_results
                      name team11_projectdb.q5_results
                      numFiles 1
                      numRows 4
                      rawDataSize 133
                      serialization.ddl struct q5_results { string activity_bucket, i64 user_count, double pct_users, i64 n_interactions, double pct_interactions}
                      serialization.format ,
                      serialization.lib org.apache.hadoop.hive.serde2.lazy.LazySimpleSerDe
                      totalSize 137
                      transient_lastDdlTime 1778427751
                    serde: org.apache.hadoop.hive.serde2.lazy.LazySimpleSerDe
                    name: team11_projectdb.q5_results
                  name: team11_projectdb.q5_results
            Truncated Path -> Alias:
              hdfs://hadoop-02.uni.innopolis.ru:8020/user/team11/project/hive/warehouse/q5_results [q5_results]

  Stage: Stage-2
    Dependency Collection

  Stage: Stage-0
    Move Operator
      files:
          hdfs directory: true
          source: hdfs://hadoop-02.uni.innopolis.ru:8020/user/team11/project/output/q5/.hive-staging_hive_2026-05-10_18-42-31_545_1745798127691395216-2225/-ext-10000
          destination: project/output/q5


INFO  : Completed compiling command(queryId=hive_20260510184231_5dcf270f-6b66-4b76-a30d-fffdaedcd7c8); Time taken: 0.206 seconds
INFO  : Executing command(queryId=hive_20260510184231_5dcf270f-6b66-4b76-a30d-fffdaedcd7c8): INSERT OVERWRITE DIRECTORY 'project/output/q5'
ROW FORMAT DELIMITED FIELDS TERMINATED BY ','
SELECT * FROM q5_results
INFO  : Query ID = hive_20260510184231_5dcf270f-6b66-4b76-a30d-fffdaedcd7c8
INFO  : Total jobs = 1
INFO  : Launching Job 1 out of 1
INFO  : Starting task [Stage-1:MAPRED] in serial mode
INFO  : Subscribed to counters: [] for queryId: hive_20260510184231_5dcf270f-6b66-4b76-a30d-fffdaedcd7c8
INFO  : Session is already open
INFO  : Dag name: INSERT OVERWRITE DIRECTORY 'pro...q5_results (Stage-1)
INFO  : Status: Running (Executing on YARN cluster with App id application_1777989965680_4826)

INFO  : Starting task [Stage-2:DEPENDENCY_COLLECTION] in serial mode
INFO  : Starting task [Stage-0:MOVE] in serial mode
INFO  : Moving data to directory project/output/q5 from hdfs://hadoop-02.uni.innopolis.ru:8020/user/team11/project/output/q5/.hive-staging_hive_2026-05-10_18-42-31_545_1745798127691395216-2225/-ext-10000
INFO  : Completed executing command(queryId=hive_20260510184231_5dcf270f-6b66-4b76-a30d-fffdaedcd7c8); Time taken: 0.47 seconds
INFO  : OK
No rows affected (0.695 seconds)
INFO  : Compiling command(queryId=hive_20260510184232_12bfada6-d625-4c04-9984-1aac88a32749): SELECT * FROM q5_results
INFO  : Semantic Analysis Completed (retrial = false)
INFO  : Returning Hive schema: Schema(fieldSchemas:[FieldSchema(name:activity_bucket, type:string, comment:null), FieldSchema(name:user_count, type:bigint, comment:null), FieldSchema(name:pct_users, type:double, comment:null), FieldSchema(name:n_interactions, type:bigint, comment:null), FieldSchema(name:pct_interactions, type:double, comment:null)], properties:null)
INFO  : EXPLAIN output for queryid hive_20260510184232_12bfada6-d625-4c04-9984-1aac88a32749 : STAGE DEPENDENCIES:
  Stage-0 is a root stage [FETCH]

STAGE PLANS:
  Stage: Stage-0
    Fetch Operator
      limit: -1
      Processor Tree:
        TableScan
          alias: q5_results
          GatherStats: false
          Select Operator
            expressions: activity_bucket (type: string), user_count (type: bigint), pct_users (type: double), n_interactions (type: bigint), pct_interactions (type: double)
            outputColumnNames: _col0, _col1, _col2, _col3, _col4
            ListSink


INFO  : Completed compiling command(queryId=hive_20260510184232_12bfada6-d625-4c04-9984-1aac88a32749); Time taken: 0.234 seconds
INFO  : Executing command(queryId=hive_20260510184232_12bfada6-d625-4c04-9984-1aac88a32749): SELECT * FROM q5_results
INFO  : Completed executing command(queryId=hive_20260510184232_12bfada6-d625-4c04-9984-1aac88a32749); Time taken: 0.0 seconds
INFO  : OK
4 rows selected (0.581 seconds)
Closing: 0: jdbc:hive2://hadoop-03.uni.innopolis.ru:10001
