Connecting to jdbc:hive2://hadoop-03.uni.innopolis.ru:10001
2026-05-10 18:41:43,029 INFO jdbc.Utils: Supplied authorities: hadoop-03.uni.innopolis.ru:10001
2026-05-10 18:41:43,030 INFO jdbc.Utils: Resolved authority: hadoop-03.uni.innopolis.ru:10001
Connected to: Apache Hive (version 3.1.3)
Driver: Hive JDBC (version 2.3.9)
Transaction isolation: TRANSACTION_REPEATABLE_READ
INFO  : Compiling command(queryId=hive_20260510184143_f325ece2-dfc0-4d6e-8471-b1e116917933): USE team11_projectdb
INFO  : Semantic Analysis Completed (retrial = false)
INFO  : Returning Hive schema: Schema(fieldSchemas:null, properties:null)
INFO  : EXPLAIN output for queryid hive_20260510184143_f325ece2-dfc0-4d6e-8471-b1e116917933 : STAGE DEPENDENCIES:
  Stage-0 is a root stage [DDL]

STAGE PLANS:
  Stage: Stage-0


INFO  : Completed compiling command(queryId=hive_20260510184143_f325ece2-dfc0-4d6e-8471-b1e116917933); Time taken: 0.047 seconds
INFO  : Executing command(queryId=hive_20260510184143_f325ece2-dfc0-4d6e-8471-b1e116917933): USE team11_projectdb
INFO  : Starting task [Stage-0:DDL] in serial mode
INFO  : Completed executing command(queryId=hive_20260510184143_f325ece2-dfc0-4d6e-8471-b1e116917933); Time taken: 0.01 seconds
INFO  : OK
No rows affected (0.105 seconds)
No rows affected (0.003 seconds)
INFO  : Compiling command(queryId=hive_20260510184143_75c57bc3-1e98-4777-94e7-e74dbd5de083): DROP TABLE IF EXISTS q4_results
INFO  : Semantic Analysis Completed (retrial = false)
INFO  : Returning Hive schema: Schema(fieldSchemas:null, properties:null)
INFO  : EXPLAIN output for queryid hive_20260510184143_75c57bc3-1e98-4777-94e7-e74dbd5de083 : STAGE DEPENDENCIES:
  Stage-0 is a root stage [DDL]

STAGE PLANS:
  Stage: Stage-0
      Drop Table Operator:
        Drop Table
          table: q4_results


INFO  : Completed compiling command(queryId=hive_20260510184143_75c57bc3-1e98-4777-94e7-e74dbd5de083); Time taken: 0.03 seconds
INFO  : Executing command(queryId=hive_20260510184143_75c57bc3-1e98-4777-94e7-e74dbd5de083): DROP TABLE IF EXISTS q4_results
INFO  : Starting task [Stage-0:DDL] in serial mode
INFO  : Completed executing command(queryId=hive_20260510184143_75c57bc3-1e98-4777-94e7-e74dbd5de083); Time taken: 0.005 seconds
INFO  : OK
No rows affected (0.056 seconds)
INFO  : Compiling command(queryId=hive_20260510184143_5da309bf-0eb5-46c6-9a97-b2bb67bb7490): CREATE EXTERNAL TABLE q4_results(
popularity_bucket STRING,
n_tracks          BIGINT,
n_interactions    BIGINT,
n_positive        BIGINT,
positive_rate     DOUBLE
)
ROW FORMAT DELIMITED FIELDS TERMINATED BY ','
LOCATION 'project/hive/warehouse/q4_results'
INFO  : Semantic Analysis Completed (retrial = false)
INFO  : Returning Hive schema: Schema(fieldSchemas:null, properties:null)
INFO  : EXPLAIN output for queryid hive_20260510184143_5da309bf-0eb5-46c6-9a97-b2bb67bb7490 : STAGE DEPENDENCIES:
  Stage-0 is a root stage [DDL]

STAGE PLANS:
  Stage: Stage-0
      Create Table Operator:
        Create Table
          columns: popularity_bucket string, n_tracks bigint, n_interactions bigint, n_positive bigint, positive_rate double
          field delimiter: ,
          input format: org.apache.hadoop.mapred.TextInputFormat
          location: project/hive/warehouse/q4_results
          output format: org.apache.hadoop.hive.ql.io.IgnoreKeyTextOutputFormat
          serde name: org.apache.hadoop.hive.serde2.lazy.LazySimpleSerDe
          name: team11_projectdb.q4_results
          isExternal: true


INFO  : Completed compiling command(queryId=hive_20260510184143_5da309bf-0eb5-46c6-9a97-b2bb67bb7490); Time taken: 0.033 seconds
INFO  : Executing command(queryId=hive_20260510184143_5da309bf-0eb5-46c6-9a97-b2bb67bb7490): CREATE EXTERNAL TABLE q4_results(
popularity_bucket STRING,
n_tracks          BIGINT,
n_interactions    BIGINT,
n_positive        BIGINT,
positive_rate     DOUBLE
)
ROW FORMAT DELIMITED FIELDS TERMINATED BY ','
LOCATION 'project/hive/warehouse/q4_results'
INFO  : Starting task [Stage-0:DDL] in serial mode
INFO  : Completed executing command(queryId=hive_20260510184143_5da309bf-0eb5-46c6-9a97-b2bb67bb7490); Time taken: 0.029 seconds
INFO  : OK
No rows affected (0.096 seconds)
INFO  : Compiling command(queryId=hive_20260510184143_a872a3af-1f81-4897-bbaf-1b814c83d8ec): WITH track_stats AS (
SELECT
item_id,
COUNT(*)              AS total,
SUM(interaction_flag) AS pos
FROM interactions_part
GROUP BY item_id
),
bucketed AS (
SELECT
CASE
WHEN total <= 1   THEN '1'
WHEN total <= 3   THEN '2-3'
WHEN total <= 10  THEN '4-10'
WHEN total <= 30  THEN '11-30'
WHEN total <= 100 THEN '31-100'
ELSE                   '100+'
END AS popularity_bucket,
total, pos
FROM track_stats
)
INSERT OVERWRITE TABLE q4_results
SELECT
popularity_bucket,
COUNT(*)                              AS n_tracks,
SUM(total)                            AS n_interactions,
SUM(pos)                              AS n_positive,
ROUND(SUM(pos) * 1.0 / SUM(total), 4) AS positive_rate
FROM bucketed
GROUP BY popularity_bucket
ORDER BY n_interactions
INFO  : Semantic Analysis Completed (retrial = false)
INFO  : Returning Hive schema: Schema(fieldSchemas:[FieldSchema(name:_col0, type:string, comment:null), FieldSchema(name:_col1, type:bigint, comment:null), FieldSchema(name:_col2, type:bigint, comment:null), FieldSchema(name:_col3, type:bigint, comment:null), FieldSchema(name:_col4, type:double, comment:null)], properties:null)
INFO  : EXPLAIN output for queryid hive_20260510184143_a872a3af-1f81-4897-bbaf-1b814c83d8ec : STAGE DEPENDENCIES:
  Stage-1 is a root stage [MAPRED]
  Stage-2 depends on stages: Stage-1 [DEPENDENCY_COLLECTION]
  Stage-0 depends on stages: Stage-2 [MOVE]
  Stage-3 depends on stages: Stage-0 [STATS]

STAGE PLANS:
  Stage: Stage-1
    Tez
      DagId: hive_20260510184143_a872a3af-1f81-4897-bbaf-1b814c83d8ec:4581
      Edges:
        Reducer 2 <- Map 1 (SIMPLE_EDGE)
        Reducer 3 <- Reducer 2 (SIMPLE_EDGE)
        Reducer 4 <- Reducer 3 (SIMPLE_EDGE)
      DagName: hive_20260510184143_a872a3af-1f81-4897-bbaf-1b814c83d8ec:4581
      Vertices:
        Map 1 
            Map Operator Tree:
                TableScan
                  alias: interactions_part
                  Statistics: Num rows: 11808554 Data size: 2538839110 Basic stats: COMPLETE Column stats: NONE
                  GatherStats: false
                  Select Operator
                    expressions: item_id (type: string), interaction_flag (type: int)
                    outputColumnNames: item_id, interaction_flag
                    Statistics: Num rows: 11808554 Data size: 2538839110 Basic stats: COMPLETE Column stats: NONE
                    Group By Operator
                      aggregations: count(), sum(interaction_flag)
                      keys: item_id (type: string)
                      mode: hash
                      outputColumnNames: _col0, _col1, _col2
                      Statistics: Num rows: 11808554 Data size: 2538839110 Basic stats: COMPLETE Column stats: NONE
                      Reduce Output Operator
                        key expressions: _col0 (type: string)
                        null sort order: a
                        sort order: +
                        Map-reduce partition columns: _col0 (type: string)
                        Statistics: Num rows: 11808554 Data size: 2538839110 Basic stats: COMPLETE Column stats: NONE
                        tag: -1
                        value expressions: _col1 (type: bigint), _col2 (type: bigint)
                        auto parallelism: true
            Execution mode: vectorized
            Path -> Alias:
              hdfs://hadoop-02.uni.innopolis.ru:8020/user/team11/project/hive/warehouse/interactions_part/interaction_flag=0 [interactions_part]
              hdfs://hadoop-02.uni.innopolis.ru:8020/user/team11/project/hive/warehouse/interactions_part/interaction_flag=1 [interactions_part]
            Path -> Partition:
              hdfs://hadoop-02.uni.innopolis.ru:8020/user/team11/project/hive/warehouse/interactions_part/interaction_flag=0 
                Partition
                  base file name: interaction_flag=0
                  input format: org.apache.hadoop.hive.ql.io.orc.OrcInputFormat
                  output format: org.apache.hadoop.hive.ql.io.orc.OrcOutputFormat
                  partition values:
                    interaction_flag 0
                  properties:
                    COLUMN_STATS_ACCURATE {"BASIC_STATS":"true","COLUMN_STATS":{"id":"true","item_id":"true","ts":"true","user_id":"true"}}
                    bucket_count 11
                    bucket_field_name user_id
                    file.inputformat org.apache.hadoop.hive.ql.io.orc.OrcInputFormat
                    file.outputformat org.apache.hadoop.hive.ql.io.orc.OrcOutputFormat
                    location hdfs://hadoop-02.uni.innopolis.ru:8020/user/team11/project/hive/warehouse/interactions_part/interaction_flag=0
                    name team11_projectdb.interactions_part
                    numFiles 11
                    numRows 3525682
                    partition_columns interaction_flag
                    partition_columns.types int
                    rawDataSize 758021630
                    serialization.ddl struct interactions_part { i32 id, string user_id, string item_id, i64 ts}
                    serialization.format 1
                    serialization.lib org.apache.hadoop.hive.ql.io.orc.OrcSerde
                    totalSize 92283754
                    transient_lastDdlTime 1778427592
                  serde: org.apache.hadoop.hive.ql.io.orc.OrcSerde
                
                    input format: org.apache.hadoop.hive.ql.io.orc.OrcInputFormat
                    output format: org.apache.hadoop.hive.ql.io.orc.OrcOutputFormat
                    properties:
                      EXTERNAL TRUE
                      bucket_count 11
                      bucket_field_name user_id
                      bucketing_version 2
                      column.name.delimiter ,
                      columns id,user_id,item_id,ts
                      columns.comments 
                      columns.types int:string:string:bigint
                      file.inputformat org.apache.hadoop.hive.ql.io.orc.OrcInputFormat
                      file.outputformat org.apache.hadoop.hive.ql.io.orc.OrcOutputFormat
                      location hdfs://hadoop-02.uni.innopolis.ru:8020/user/team11/project/hive/warehouse/interactions_part
                      name team11_projectdb.interactions_part
                      orc.compress SNAPPY
                      partition_columns interaction_flag
                      partition_columns.types int
                      serialization.ddl struct interactions_part { i32 id, string user_id, string item_id, i64 ts}
                      serialization.format 1
                      serialization.lib org.apache.hadoop.hive.ql.io.orc.OrcSerde
                      transient_lastDdlTime 1778427556
                    serde: org.apache.hadoop.hive.ql.io.orc.OrcSerde
                    name: team11_projectdb.interactions_part
                  name: team11_projectdb.interactions_part
              hdfs://hadoop-02.uni.innopolis.ru:8020/user/team11/project/hive/warehouse/interactions_part/interaction_flag=1 
                Partition
                  base file name: interaction_flag=1
                  input format: org.apache.hadoop.hive.ql.io.orc.OrcInputFormat
                  output format: org.apache.hadoop.hive.ql.io.orc.OrcOutputFormat
                  partition values:
                    interaction_flag 1
                  properties:
                    COLUMN_STATS_ACCURATE {"BASIC_STATS":"true","COLUMN_STATS":{"id":"true","item_id":"true","ts":"true","user_id":"true"}}
                    bucket_count 11
                    bucket_field_name user_id
                    file.inputformat org.apache.hadoop.hive.ql.io.orc.OrcInputFormat
                    file.outputformat org.apache.hadoop.hive.ql.io.orc.OrcOutputFormat
                    location hdfs://hadoop-02.uni.innopolis.ru:8020/user/team11/project/hive/warehouse/interactions_part/interaction_flag=1
                    name team11_projectdb.interactions_part
                    numFiles 11
                    numRows 8282872
                    partition_columns interaction_flag
                    partition_columns.types int
                    rawDataSize 1780817480
                    serialization.ddl struct interactions_part { i32 id, string user_id, string item_id, i64 ts}
                    serialization.format 1
                    serialization.lib org.apache.hadoop.hive.ql.io.orc.OrcSerde
                    totalSize 72156538
                    transient_lastDdlTime 1778427592
                  serde: org.apache.hadoop.hive.ql.io.orc.OrcSerde
                
                    input format: org.apache.hadoop.hive.ql.io.orc.OrcInputFormat
                    output format: org.apache.hadoop.hive.ql.io.orc.OrcOutputFormat
                    properties:
                      EXTERNAL TRUE
                      bucket_count 11
                      bucket_field_name user_id
                      bucketing_version 2
                      column.name.delimiter ,
                      columns id,user_id,item_id,ts
                      columns.comments 
                      columns.types int:string:string:bigint
                      file.inputformat org.apache.hadoop.hive.ql.io.orc.OrcInputFormat
                      file.outputformat org.apache.hadoop.hive.ql.io.orc.OrcOutputFormat
                      location hdfs://hadoop-02.uni.innopolis.ru:8020/user/team11/project/hive/warehouse/interactions_part
                      name team11_projectdb.interactions_part
                      orc.compress SNAPPY
                      partition_columns interaction_flag
                      partition_columns.types int
                      serialization.ddl struct interactions_part { i32 id, string user_id, string item_id, i64 ts}
                      serialization.format 1
                      serialization.lib org.apache.hadoop.hive.ql.io.orc.OrcSerde
                      transient_lastDdlTime 1778427556
                    serde: org.apache.hadoop.hive.ql.io.orc.OrcSerde
                    name: team11_projectdb.interactions_part
                  name: team11_projectdb.interactions_part
            Truncated Path -> Alias:
              hdfs://hadoop-02.uni.innopolis.ru:8020/user/team11/project/hive/warehouse/interactions_part/interaction_flag=0 [interactions_part]
              hdfs://hadoop-02.uni.innopolis.ru:8020/user/team11/project/hive/warehouse/interactions_part/interaction_flag=1 [interactions_part]
        Reducer 2 
            Execution mode: vectorized
            Needs Tagging: false
            Reduce Operator Tree:
              Group By Operator
                aggregations: count(VALUE._col0), sum(VALUE._col1)
                keys: KEY._col0 (type: string)
                mode: mergepartial
                outputColumnNames: _col0, _col1, _col2
                Statistics: Num rows: 5904277 Data size: 1269419555 Basic stats: COMPLETE Column stats: NONE
                Select Operator
                  expressions: CASE WHEN ((_col1 <= 1L)) THEN ('1') WHEN ((_col1 <= 3L)) THEN ('2-3') WHEN ((_col1 <= 10L)) THEN ('4-10') WHEN ((_col1 <= 30L)) THEN ('11-30') WHEN ((_col1 <= 100L)) THEN ('31-100') ELSE ('100+') END (type: string), _col1 (type: bigint), _col2 (type: bigint)
                  outputColumnNames: _col0, _col1, _col2
                  Statistics: Num rows: 5904277 Data size: 1269419555 Basic stats: COMPLETE Column stats: NONE
                  Group By Operator
                    aggregations: count(), sum(_col1), sum(_col2)
                    keys: _col0 (type: string)
                    mode: hash
                    outputColumnNames: _col0, _col1, _col2, _col3
                    Statistics: Num rows: 5904277 Data size: 1269419555 Basic stats: COMPLETE Column stats: NONE
                    Reduce Output Operator
                      key expressions: _col0 (type: string)
                      null sort order: a
                      sort order: +
                      Map-reduce partition columns: _col0 (type: string)
                      Statistics: Num rows: 5904277 Data size: 1269419555 Basic stats: COMPLETE Column stats: NONE
                      tag: -1
                      value expressions: _col1 (type: bigint), _col2 (type: bigint), _col3 (type: bigint)
                      auto parallelism: true
        Reducer 3 
            Execution mode: vectorized
            Needs Tagging: false
            Reduce Operator Tree:
              Group By Operator
                aggregations: count(VALUE._col0), sum(VALUE._col1), sum(VALUE._col2)
                keys: KEY._col0 (type: string)
                mode: mergepartial
                outputColumnNames: _col0, _col1, _col2, _col3
                Statistics: Num rows: 2952138 Data size: 634709670 Basic stats: COMPLETE Column stats: NONE
                Select Operator
                  expressions: _col0 (type: string), _col1 (type: bigint), _col2 (type: bigint), _col3 (type: bigint), round(((CAST( _col3 AS decimal(19,0)) * 1) / CAST( _col2 AS decimal(19,0))), 4) (type: decimal(26,4))
                  outputColumnNames: _col0, _col1, _col2, _col3, _col4
                  Statistics: Num rows: 2952138 Data size: 634709670 Basic stats: COMPLETE Column stats: NONE
                  Reduce Output Operator
                    key expressions: _col2 (type: bigint)
                    null sort order: a
                    sort order: +
                    Statistics: Num rows: 2952138 Data size: 634709670 Basic stats: COMPLETE Column stats: NONE
                    tag: -1
                    value expressions: _col0 (type: string), _col1 (type: bigint), _col3 (type: bigint), _col4 (type: decimal(26,4))
                    auto parallelism: false
        Reducer 4 
            Needs Tagging: false
            Reduce Operator Tree:
              Select Operator
                expressions: VALUE._col0 (type: string), VALUE._col1 (type: bigint), KEY.reducesinkkey0 (type: bigint), VALUE._col2 (type: bigint), UDFToDouble(VALUE._col3) (type: double)
                outputColumnNames: _col0, _col1, _col2, _col3, _col4
                Statistics: Num rows: 2952138 Data size: 634709670 Basic stats: COMPLETE Column stats: NONE
                File Output Operator
                  compressed: false
                  GlobalTableId: 1
                  directory: hdfs://hadoop-02.uni.innopolis.ru:8020/user/team11/project/hive/warehouse/q4_results/.hive-staging_hive_2026-05-10_18-41-43_846_4913126272001890574-2246/-ext-10000
                  NumFilesPerFileSink: 1
                  Statistics: Num rows: 2952138 Data size: 634709670 Basic stats: COMPLETE Column stats: NONE
                  Stats Publishing Key Prefix: hdfs://hadoop-02.uni.innopolis.ru:8020/user/team11/project/hive/warehouse/q4_results/.hive-staging_hive_2026-05-10_18-41-43_846_4913126272001890574-2246/-ext-10000/
                  table:
                      input format: org.apache.hadoop.mapred.TextInputFormat
                      output format: org.apache.hadoop.hive.ql.io.HiveIgnoreKeyTextOutputFormat
                      properties:
                        EXTERNAL TRUE
                        bucket_count -1
                        bucketing_version 2
                        column.name.delimiter ,
                        columns popularity_bucket,n_tracks,n_interactions,n_positive,positive_rate
                        columns.comments 
                        columns.types string:bigint:bigint:bigint:double
                        field.delim ,
                        file.inputformat org.apache.hadoop.mapred.TextInputFormat
                        file.outputformat org.apache.hadoop.hive.ql.io.HiveIgnoreKeyTextOutputFormat
                        location hdfs://hadoop-02.uni.innopolis.ru:8020/user/team11/project/hive/warehouse/q4_results
                        name team11_projectdb.q4_results
                        serialization.ddl struct q4_results { string popularity_bucket, i64 n_tracks, i64 n_interactions, i64 n_positive, double positive_rate}
                        serialization.format ,
                        serialization.lib org.apache.hadoop.hive.serde2.lazy.LazySimpleSerDe
                        transient_lastDdlTime 1778427703
                      serde: org.apache.hadoop.hive.serde2.lazy.LazySimpleSerDe
                      name: team11_projectdb.q4_results
                  TotalFiles: 1
                  GatherStats: true
                  MultiFileSpray: false
                Select Operator
                  expressions: _col0 (type: string), _col1 (type: bigint), _col2 (type: bigint), _col3 (type: bigint), _col4 (type: double)
                  outputColumnNames: popularity_bucket, n_tracks, n_interactions, n_positive, positive_rate
                  Statistics: Num rows: 2952138 Data size: 634709670 Basic stats: COMPLETE Column stats: NONE
                  Group By Operator
                    aggregations: compute_stats(popularity_bucket, 'hll'), compute_stats(n_tracks, 'hll'), compute_stats(n_interactions, 'hll'), compute_stats(n_positive, 'hll'), compute_stats(positive_rate, 'hll')
                    mode: complete
                    outputColumnNames: _col0, _col1, _col2, _col3, _col4
                    Statistics: Num rows: 1 Data size: 2136 Basic stats: COMPLETE Column stats: NONE
                    Select Operator
                      expressions: _col0 (type: struct<columntype:string,maxlength:bigint,avglength:double,countnulls:bigint,numdistinctvalues:bigint,ndvbitvector:binary>), _col1 (type: struct<columntype:string,min:bigint,max:bigint,countnulls:bigint,numdistinctvalues:bigint,ndvbitvector:binary>), _col2 (type: struct<columntype:string,min:bigint,max:bigint,countnulls:bigint,numdistinctvalues:bigint,ndvbitvector:binary>), _col3 (type: struct<columntype:string,min:bigint,max:bigint,countnulls:bigint,numdistinctvalues:bigint,ndvbitvector:binary>), _col4 (type: struct<columntype:string,min:double,max:double,countnulls:bigint,numdistinctvalues:bigint,ndvbitvector:binary>)
                      outputColumnNames: _col0, _col1, _col2, _col3, _col4
                      Statistics: Num rows: 1 Data size: 2136 Basic stats: COMPLETE Column stats: NONE
                      File Output Operator
                        compressed: false
                        GlobalTableId: 0
                        directory: hdfs://hadoop-02.uni.innopolis.ru:8020/tmp/hive/team11/d4dc1100-bbc6-4846-8ace-0e1b9e9f263a/hive_2026-05-10_18-41-44_082_1800239484293785302-2246/-mr-10000/.hive-staging_hive_2026-05-10_18-41-44_082_1800239484293785302-2246/-ext-10001
                        NumFilesPerFileSink: 1
                        Statistics: Num rows: 1 Data size: 2136 Basic stats: COMPLETE Column stats: NONE
                        Stats Publishing Key Prefix: hdfs://hadoop-02.uni.innopolis.ru:8020/tmp/hive/team11/d4dc1100-bbc6-4846-8ace-0e1b9e9f263a/hive_2026-05-10_18-41-44_082_1800239484293785302-2246/-mr-10000/.hive-staging_hive_2026-05-10_18-41-44_082_1800239484293785302-2246/-ext-10001/
                        table:
                            input format: org.apache.hadoop.mapred.SequenceFileInputFormat
                            output format: org.apache.hadoop.hive.ql.io.HiveSequenceFileOutputFormat
                            properties:
                              columns _col0,_col1,_col2,_col3,_col4
                              columns.types struct<columntype:string,maxlength:bigint,avglength:double,countnulls:bigint,numdistinctvalues:bigint,ndvbitvector:binary>:struct<columntype:string,min:bigint,max:bigint,countnulls:bigint,numdistinctvalues:bigint,ndvbitvector:binary>:struct<columntype:string,min:bigint,max:bigint,countnulls:bigint,numdistinctvalues:bigint,ndvbitvector:binary>:struct<columntype:string,min:bigint,max:bigint,countnulls:bigint,numdistinctvalues:bigint,ndvbitvector:binary>:struct<columntype:string,min:double,max:double,countnulls:bigint,numdistinctvalues:bigint,ndvbitvector:binary>
                              escape.delim \
                              hive.serialization.extend.additional.nesting.levels true
                              serialization.escape.crlf true
                              serialization.format 1
                              serialization.lib org.apache.hadoop.hive.serde2.lazy.LazySimpleSerDe
                            serde: org.apache.hadoop.hive.serde2.lazy.LazySimpleSerDe
                        TotalFiles: 1
                        GatherStats: false
                        MultiFileSpray: false

  Stage: Stage-2
    Dependency Collection

  Stage: Stage-0
    Move Operator
      tables:
          replace: true
          source: hdfs://hadoop-02.uni.innopolis.ru:8020/user/team11/project/hive/warehouse/q4_results/.hive-staging_hive_2026-05-10_18-41-43_846_4913126272001890574-2246/-ext-10000
          table:
              input format: org.apache.hadoop.mapred.TextInputFormat
              output format: org.apache.hadoop.hive.ql.io.HiveIgnoreKeyTextOutputFormat
              properties:
                EXTERNAL TRUE
                bucket_count -1
                bucketing_version 2
                column.name.delimiter ,
                columns popularity_bucket,n_tracks,n_interactions,n_positive,positive_rate
                columns.comments 
                columns.types string:bigint:bigint:bigint:double
                field.delim ,
                file.inputformat org.apache.hadoop.mapred.TextInputFormat
                file.outputformat org.apache.hadoop.hive.ql.io.HiveIgnoreKeyTextOutputFormat
                location hdfs://hadoop-02.uni.innopolis.ru:8020/user/team11/project/hive/warehouse/q4_results
                name team11_projectdb.q4_results
                serialization.ddl struct q4_results { string popularity_bucket, i64 n_tracks, i64 n_interactions, i64 n_positive, double positive_rate}
                serialization.format ,
                serialization.lib org.apache.hadoop.hive.serde2.lazy.LazySimpleSerDe
                transient_lastDdlTime 1778427703
              serde: org.apache.hadoop.hive.serde2.lazy.LazySimpleSerDe
              name: team11_projectdb.q4_results

  Stage: Stage-3
    Stats Work
      Basic Stats Work:
          Stats Aggregation Key Prefix: hdfs://hadoop-02.uni.innopolis.ru:8020/user/team11/project/hive/warehouse/q4_results/.hive-staging_hive_2026-05-10_18-41-43_846_4913126272001890574-2246/-ext-10000/
      Column Stats Desc:
          Columns: popularity_bucket, n_tracks, n_interactions, n_positive, positive_rate
          Column Types: string, bigint, bigint, bigint, double
          Table: team11_projectdb.q4_results
          Is Table Level Stats: true


INFO  : Completed compiling command(queryId=hive_20260510184143_a872a3af-1f81-4897-bbaf-1b814c83d8ec); Time taken: 0.325 seconds
INFO  : Executing command(queryId=hive_20260510184143_a872a3af-1f81-4897-bbaf-1b814c83d8ec): WITH track_stats AS (
SELECT
item_id,
COUNT(*)              AS total,
SUM(interaction_flag) AS pos
FROM interactions_part
GROUP BY item_id
),
bucketed AS (
SELECT
CASE
WHEN total <= 1   THEN '1'
WHEN total <= 3   THEN '2-3'
WHEN total <= 10  THEN '4-10'
WHEN total <= 30  THEN '11-30'
WHEN total <= 100 THEN '31-100'
ELSE                   '100+'
END AS popularity_bucket,
total, pos
FROM track_stats
)
INSERT OVERWRITE TABLE q4_results
SELECT
popularity_bucket,
COUNT(*)                              AS n_tracks,
SUM(total)                            AS n_interactions,
SUM(pos)                              AS n_positive,
ROUND(SUM(pos) * 1.0 / SUM(total), 4) AS positive_rate
FROM bucketed
GROUP BY popularity_bucket
ORDER BY n_interactions
INFO  : Query ID = hive_20260510184143_a872a3af-1f81-4897-bbaf-1b814c83d8ec
INFO  : Total jobs = 1
INFO  : Launching Job 1 out of 1
INFO  : Starting task [Stage-1:MAPRED] in serial mode
INFO  : Subscribed to counters: [] for queryId: hive_20260510184143_a872a3af-1f81-4897-bbaf-1b814c83d8ec
INFO  : Tez session hasn't been created yet. Opening session
INFO  : Dag name: WITH track_stats AS (
SELEC...n_interactions (Stage-1)
INFO  : Status: Running (Executing on YARN cluster with App id application_1777989965680_4816)

[2K----------------------------------------------------------------------------------------------
[2K[36;1m        VERTICES      MODE        STATUS  TOTAL  COMPLETED  RUNNING  PENDING  FAILED  KILLED  
[22;0m[2K----------------------------------------------------------------------------------------------
[2KMap 1            container        INITED     22          0        0       22       0       0  
Reducer 2        container        INITED     10          0        0       10       0       0  
Reducer 3        container        INITED      5          0        0        5       0       0  
Reducer 4        container        INITED      1          0        0        1       0       0  
[2K----------------------------------------------------------------------------------------------
[2K[31;1mVERTICES: 00/04  [>>--------------------------] 0%    ELAPSED TIME: 0.86 s     
[22;0m[2K----------------------------------------------------------------------------------------------
[10A[2K----------------------------------------------------------------------------------------------
[2K[36;1m        VERTICES      MODE        STATUS  TOTAL  COMPLETED  RUNNING  PENDING  FAILED  KILLED  
[22;0m[2K----------------------------------------------------------------------------------------------
[2KMap 1            container        INITED     22          0        0       22       0       0  
Reducer 2        container        INITED     10          0        0       10       0       0  
Reducer 3        container        INITED      5          0        0        5       0       0  
Reducer 4        container        INITED      1          0        0        1       0       0  
[2K----------------------------------------------------------------------------------------------
[2K[31;1mVERTICES: 00/04  [>>--------------------------] 0%    ELAPSED TIME: 1.37 s     
[22;0m[2K----------------------------------------------------------------------------------------------
[10A[2K----------------------------------------------------------------------------------------------
[2K[36;1m        VERTICES      MODE        STATUS  TOTAL  COMPLETED  RUNNING  PENDING  FAILED  KILLED  
[22;0m[2K----------------------------------------------------------------------------------------------
[2KMap 1            container        INITED     22          0        0       22       0       0  
Reducer 2        container        INITED     10          0        0       10       0       0  
Reducer 3        container        INITED      5          0        0        5       0       0  
Reducer 4        container        INITED      1          0        0        1       0       0  
[2K----------------------------------------------------------------------------------------------
[2K[31;1mVERTICES: 00/04  [>>--------------------------] 0%    ELAPSED TIME: 1.87 s     
[22;0m[2K----------------------------------------------------------------------------------------------
[10A[2K----------------------------------------------------------------------------------------------
[2K[36;1m        VERTICES      MODE        STATUS  TOTAL  COMPLETED  RUNNING  PENDING  FAILED  KILLED  
[22;0m[2K----------------------------------------------------------------------------------------------
[2KMap 1            container        INITED     22          0        0       22       0       0  
Reducer 2        container        INITED     10          0        0       10       0       0  
Reducer 3        container        INITED      5          0        0        5       0       0  
Reducer 4        container        INITED      1          0        0        1       0       0  
[2K----------------------------------------------------------------------------------------------
[2K[31;1mVERTICES: 00/04  [>>--------------------------] 0%    ELAPSED TIME: 2.37 s     
[22;0m[2K----------------------------------------------------------------------------------------------
[10A[2K----------------------------------------------------------------------------------------------
[2K[36;1m        VERTICES      MODE        STATUS  TOTAL  COMPLETED  RUNNING  PENDING  FAILED  KILLED  
[22;0m[2K----------------------------------------------------------------------------------------------
[2KMap 1            container        INITED     22          0        0       22       0       0  
Reducer 2        container        INITED     10          0        0       10       0       0  
Reducer 3        container        INITED      5          0        0        5       0       0  
Reducer 4        container        INITED      1          0        0        1       0       0  
[2K----------------------------------------------------------------------------------------------
[2K[31;1mVERTICES: 00/04  [>>--------------------------] 0%    ELAPSED TIME: 2.88 s     
[22;0m[2K----------------------------------------------------------------------------------------------
[10A[2K----------------------------------------------------------------------------------------------
[2K[36;1m        VERTICES      MODE        STATUS  TOTAL  COMPLETED  RUNNING  PENDING  FAILED  KILLED  
[22;0m[2K----------------------------------------------------------------------------------------------
[2KMap 1            container        INITED     22          0        0       22       0       0  
Reducer 2        container        INITED     10          0        0       10       0       0  
Reducer 3        container        INITED      5          0        0        5       0       0  
Reducer 4        container        INITED      1          0        0        1       0       0  
[2K----------------------------------------------------------------------------------------------
[2K[31;1mVERTICES: 00/04  [>>--------------------------] 0%    ELAPSED TIME: 3.38 s     
[22;0m[2K----------------------------------------------------------------------------------------------
[10A[2K----------------------------------------------------------------------------------------------
[2K[36;1m        VERTICES      MODE        STATUS  TOTAL  COMPLETED  RUNNING  PENDING  FAILED  KILLED  
[22;0m[2K----------------------------------------------------------------------------------------------
[2KMap 1            container        INITED     22          0        0       22       0       0  
Reducer 2        container        INITED     10          0        0       10       0       0  
Reducer 3        container        INITED      5          0        0        5       0       0  
Reducer 4        container        INITED      1          0        0        1       0       0  
[2K----------------------------------------------------------------------------------------------
[2K[31;1mVERTICES: 00/04  [>>--------------------------] 0%    ELAPSED TIME: 3.88 s     
[22;0m[2K----------------------------------------------------------------------------------------------
[10A[2K----------------------------------------------------------------------------------------------
[2K[36;1m        VERTICES      MODE        STATUS  TOTAL  COMPLETED  RUNNING  PENDING  FAILED  KILLED  
[22;0m[2K----------------------------------------------------------------------------------------------
[2KMap 1            container       RUNNING     22          0        3       19       0       0  
Reducer 2        container        INITED     10          0        0       10       0       0  
Reducer 3        container        INITED      5          0        0        5       0       0  
Reducer 4        container        INITED      1          0        0        1       0       0  
[2K----------------------------------------------------------------------------------------------
[2K[31;1mVERTICES: 00/04  [>>--------------------------] 0%    ELAPSED TIME: 4.39 s     
[22;0m[2K----------------------------------------------------------------------------------------------
[10A[2K----------------------------------------------------------------------------------------------
[2K[36;1m        VERTICES      MODE        STATUS  TOTAL  COMPLETED  RUNNING  PENDING  FAILED  KILLED  
[22;0m[2K----------------------------------------------------------------------------------------------
[2KMap 1            container       RUNNING     22          0       20        2       0       0  
Reducer 2        container        INITED     10          0        0       10       0       0  
Reducer 3        container        INITED      5          0        0        5       0       0  
Reducer 4        container        INITED      1          0        0        1       0       0  
[2K----------------------------------------------------------------------------------------------
[2K[31;1mVERTICES: 00/04  [>>--------------------------] 0%    ELAPSED TIME: 4.89 s     
[22;0m[2K----------------------------------------------------------------------------------------------
[10A[2K----------------------------------------------------------------------------------------------
[2K[36;1m        VERTICES      MODE        STATUS  TOTAL  COMPLETED  RUNNING  PENDING  FAILED  KILLED  
[22;0m[2K----------------------------------------------------------------------------------------------
[2KMap 1            container       RUNNING     22          0       22        0       0       0  
Reducer 2        container        INITED     10          0        0       10       0       0  
Reducer 3        container        INITED      5          0        0        5       0       0  
Reducer 4        container        INITED      1          0        0        1       0       0  
[2K----------------------------------------------------------------------------------------------
[2K[31;1mVERTICES: 00/04  [>>--------------------------] 0%    ELAPSED TIME: 5.39 s     
[22;0m[2K----------------------------------------------------------------------------------------------
[10A[2K----------------------------------------------------------------------------------------------
[2K[36;1m        VERTICES      MODE        STATUS  TOTAL  COMPLETED  RUNNING  PENDING  FAILED  KILLED  
[22;0m[2K----------------------------------------------------------------------------------------------
[2KMap 1            container       RUNNING     22          0       22        0       0       0  
Reducer 2        container        INITED     10          0        0       10       0       0  
Reducer 3        container        INITED      5          0        0        5       0       0  
Reducer 4        container        INITED      1          0        0        1       0       0  
[2K----------------------------------------------------------------------------------------------
[2K[31;1mVERTICES: 00/04  [>>--------------------------] 0%    ELAPSED TIME: 5.90 s     
[22;0m[2K----------------------------------------------------------------------------------------------
[10A[2K----------------------------------------------------------------------------------------------
[2K[36;1m        VERTICES      MODE        STATUS  TOTAL  COMPLETED  RUNNING  PENDING  FAILED  KILLED  
[22;0m[2K----------------------------------------------------------------------------------------------
[2KMap 1            container       RUNNING     22          0       22        0       0       0  
Reducer 2        container        INITED     10          0        0       10       0       0  
Reducer 3        container        INITED      5          0        0        5       0       0  
Reducer 4        container        INITED      1          0        0        1       0       0  
[2K----------------------------------------------------------------------------------------------
[2K[31;1mVERTICES: 00/04  [>>--------------------------] 0%    ELAPSED TIME: 6.90 s     
[22;0m[2K----------------------------------------------------------------------------------------------
[10A[2K----------------------------------------------------------------------------------------------
[2K[36;1m        VERTICES      MODE        STATUS  TOTAL  COMPLETED  RUNNING  PENDING  FAILED  KILLED  
[22;0m[2K----------------------------------------------------------------------------------------------
[2KMap 1            container       RUNNING     22          0       22        0       0       0  
Reducer 2        container        INITED     10          0        0       10       0       0  
Reducer 3        container        INITED      5          0        0        5       0       0  
Reducer 4        container        INITED      1          0        0        1       0       0  
[2K----------------------------------------------------------------------------------------------
[2K[31;1mVERTICES: 00/04  [>>--------------------------] 0%    ELAPSED TIME: 7.90 s     
[22;0m[2K----------------------------------------------------------------------------------------------
[10A[2K----------------------------------------------------------------------------------------------
[2K[36;1m        VERTICES      MODE        STATUS  TOTAL  COMPLETED  RUNNING  PENDING  FAILED  KILLED  
[22;0m[2K----------------------------------------------------------------------------------------------
[2KMap 1 .          container       RUNNING     22          3       19        0       0       0  
Reducer 2        container       RUNNING     10          0        2        8       0       0  
Reducer 3        container        INITED      5          0        0        5       0       0  
Reducer 4        container        INITED      1          0        0        1       0       0  
[2K----------------------------------------------------------------------------------------------
[2K[31;1mVERTICES: 00/04  [==>>------------------------] 7%    ELAPSED TIME: 8.90 s     
[22;0m[2K----------------------------------------------------------------------------------------------
[10A[2K----------------------------------------------------------------------------------------------
[2K[36;1m        VERTICES      MODE        STATUS  TOTAL  COMPLETED  RUNNING  PENDING  FAILED  KILLED  
[22;0m[2K----------------------------------------------------------------------------------------------
[2KMap 1 .          container       RUNNING     22          3       19        0       0       0  
Reducer 2        container       RUNNING     10          0        2        8       0       0  
Reducer 3        container        INITED      5          0        0        5       0       0  
Reducer 4        container        INITED      1          0        0        1       0       0  
[2K----------------------------------------------------------------------------------------------
[2K[31;1mVERTICES: 00/04  [==>>------------------------] 7%    ELAPSED TIME: 9.91 s     
[22;0m[2K----------------------------------------------------------------------------------------------
[10A[2K----------------------------------------------------------------------------------------------
[2K[36;1m        VERTICES      MODE        STATUS  TOTAL  COMPLETED  RUNNING  PENDING  FAILED  KILLED  
[22;0m[2K----------------------------------------------------------------------------------------------
[2KMap 1 ..         container       RUNNING     22          6       16        0       0       0  
Reducer 2        container       RUNNING     10          0        3        7       0       0  
Reducer 3        container        INITED      5          0        0        5       0       0  
Reducer 4        container        INITED      1          0        0        1       0       0  
[2K----------------------------------------------------------------------------------------------
[2K[31;1mVERTICES: 00/04  [====>>----------------------] 15%   ELAPSED TIME: 10.91 s    
[22;0m[2K----------------------------------------------------------------------------------------------
[10A[2K----------------------------------------------------------------------------------------------
[2K[36;1m        VERTICES      MODE        STATUS  TOTAL  COMPLETED  RUNNING  PENDING  FAILED  KILLED  
[22;0m[2K----------------------------------------------------------------------------------------------
[2KMap 1 .....      container       RUNNING     22         11       11        0       0       0  
Reducer 2        container       RUNNING     10          0        7        3       0       0  
Reducer 3        container        INITED      5          0        0        5       0       0  
Reducer 4        container        INITED      1          0        0        1       0       0  
[2K----------------------------------------------------------------------------------------------
[2K[31;1mVERTICES: 00/04  [=======>>-------------------] 28%   ELAPSED TIME: 11.91 s    
[22;0m[2K----------------------------------------------------------------------------------------------
[10A[2K----------------------------------------------------------------------------------------------
[2K[36;1m        VERTICES      MODE        STATUS  TOTAL  COMPLETED  RUNNING  PENDING  FAILED  KILLED  
[22;0m[2K----------------------------------------------------------------------------------------------
[2KMap 1 .......... container     SUCCEEDED     22         22        0        0       0       0  
Reducer 2        container       RUNNING     10          0       10        0       0       0  
Reducer 3        container        INITED      5          0        0        5       0       0  
Reducer 4        container        INITED      1          0        0        1       0       0  
[2K----------------------------------------------------------------------------------------------
[2K[31;1mVERTICES: 01/04  [===============>>-----------] 57%   ELAPSED TIME: 12.92 s    
[22;0m[2K----------------------------------------------------------------------------------------------
[10A[2K----------------------------------------------------------------------------------------------
[2K[36;1m        VERTICES      MODE        STATUS  TOTAL  COMPLETED  RUNNING  PENDING  FAILED  KILLED  
[22;0m[2K----------------------------------------------------------------------------------------------
[2KMap 1 .......... container     SUCCEEDED     22         22        0        0       0       0  
Reducer 2 ....   container       RUNNING     10          7        3        0       0       0  
Reducer 3        container       RUNNING      5          0        4        1       0       0  
Reducer 4        container        INITED      1          0        0        1       0       0  
[2K----------------------------------------------------------------------------------------------
[2K[31;1mVERTICES: 01/04  [===================>>-------] 76%   ELAPSED TIME: 13.92 s    
[22;0m[2K----------------------------------------------------------------------------------------------
[10A[2K----------------------------------------------------------------------------------------------
[2K[36;1m        VERTICES      MODE        STATUS  TOTAL  COMPLETED  RUNNING  PENDING  FAILED  KILLED  
[22;0m[2K----------------------------------------------------------------------------------------------
[2KMap 1 .......... container     SUCCEEDED     22         22        0        0       0       0  
Reducer 2 ...... container     SUCCEEDED     10         10        0        0       0       0  
Reducer 3 ...... container     SUCCEEDED      5          5        0        0       0       0  
Reducer 4        container       RUNNING      1          0        1        0       0       0  
[2K----------------------------------------------------------------------------------------------
[2K[31;1mVERTICES: 03/04  [=========================>>-] 97%   ELAPSED TIME: 14.92 s    
[22;0m[2K----------------------------------------------------------------------------------------------
[10A[2K----------------------------------------------------------------------------------------------
[2K[36;1m        VERTICES      MODE        STATUS  TOTAL  COMPLETED  RUNNING  PENDING  FAILED  KILLED  
[22;0m[2K----------------------------------------------------------------------------------------------
[2KMap 1 .......... container     SUCCEEDED     22         22        0        0       0       0  
Reducer 2 ...... container     SUCCEEDED     10         10        0        0       0       0  
Reducer 3 ...... container     SUCCEEDED      5          5        0        0       0       0  
Reducer 4 ...... container     SUCCEEDED      1          1        0        0       0       0  
[2K----------------------------------------------------------------------------------------------
[2K[31;1mVERTICES: 04/04  [==========================>>] 100%  ELAPSED TIME: 15.23 s    
[22;0m[2K----------------------------------------------------------------------------------------------
INFO  : Starting task [Stage-2:DEPENDENCY_COLLECTION] in serial mode
INFO  : Starting task [Stage-0:MOVE] in serial mode
INFO  : Loading data to table team11_projectdb.q4_results from hdfs://hadoop-02.uni.innopolis.ru:8020/user/team11/project/hive/warehouse/q4_results/.hive-staging_hive_2026-05-10_18-41-43_846_4913126272001890574-2246/-ext-10000
INFO  : Starting task [Stage-3:STATS] in serial mode
INFO  : Completed executing command(queryId=hive_20260510184143_a872a3af-1f81-4897-bbaf-1b814c83d8ec); Time taken: 19.464 seconds
INFO  : OK
No rows affected (19.811 seconds)
INFO  : Compiling command(queryId=hive_20260510184203_0ee07319-2d4a-457e-ab0a-a1a6a9a393f6): INSERT OVERWRITE DIRECTORY 'project/output/q4'
ROW FORMAT DELIMITED FIELDS TERMINATED BY ','
SELECT * FROM q4_results
INFO  : Semantic Analysis Completed (retrial = false)
INFO  : Returning Hive schema: Schema(fieldSchemas:[FieldSchema(name:popularity_bucket, type:string, comment:null), FieldSchema(name:n_tracks, type:bigint, comment:null), FieldSchema(name:n_interactions, type:bigint, comment:null), FieldSchema(name:n_positive, type:bigint, comment:null), FieldSchema(name:positive_rate, type:double, comment:null)], properties:null)
INFO  : EXPLAIN output for queryid hive_20260510184203_0ee07319-2d4a-457e-ab0a-a1a6a9a393f6 : STAGE DEPENDENCIES:
  Stage-1 is a root stage [MAPRED]
  Stage-2 depends on stages: Stage-1 [DEPENDENCY_COLLECTION]
  Stage-0 depends on stages: Stage-1 [MOVE]

STAGE PLANS:
  Stage: Stage-1
    Tez
      DagId: hive_20260510184203_0ee07319-2d4a-457e-ab0a-a1a6a9a393f6:4589
      DagName: hive_20260510184203_0ee07319-2d4a-457e-ab0a-a1a6a9a393f6:4589
      Vertices:
        Map 1 
            Map Operator Tree:
                TableScan
                  alias: q4_results
                  Statistics: Num rows: 6 Data size: 186 Basic stats: COMPLETE Column stats: NONE
                  GatherStats: false
                  Select Operator
                    expressions: popularity_bucket (type: string), n_tracks (type: bigint), n_interactions (type: bigint), n_positive (type: bigint), positive_rate (type: double)
                    outputColumnNames: _col0, _col1, _col2, _col3, _col4
                    Statistics: Num rows: 6 Data size: 186 Basic stats: COMPLETE Column stats: NONE
                    File Output Operator
                      compressed: false
                      GlobalTableId: 1
                      directory: hdfs://hadoop-02.uni.innopolis.ru:8020/user/team11/project/output/q4/.hive-staging_hive_2026-05-10_18-42-03_675_684918649992739579-2246/-ext-10000
                      NumFilesPerFileSink: 1
                      Statistics: Num rows: 6 Data size: 186 Basic stats: COMPLETE Column stats: NONE
                      Stats Publishing Key Prefix: hdfs://hadoop-02.uni.innopolis.ru:8020/user/team11/project/output/q4/.hive-staging_hive_2026-05-10_18-42-03_675_684918649992739579-2246/-ext-10000/
                      table:
                          input format: org.apache.hadoop.mapred.TextInputFormat
                          output format: org.apache.hadoop.hive.ql.io.HiveIgnoreKeyTextOutputFormat
                          properties:
                            columns _col0,_col1,_col2,_col3,_col4
                            columns.types string:bigint:bigint:bigint:double
                            field.delim ,
                            serialization.format ,
                            serialization.lib org.apache.hadoop.hive.serde2.lazy.LazySimpleSerDe
                          serde: org.apache.hadoop.hive.serde2.lazy.LazySimpleSerDe
                      TotalFiles: 1
                      GatherStats: false
                      MultiFileSpray: false
            Execution mode: vectorized
            Path -> Alias:
              hdfs://hadoop-02.uni.innopolis.ru:8020/user/team11/project/hive/warehouse/q4_results [q4_results]
            Path -> Partition:
              hdfs://hadoop-02.uni.innopolis.ru:8020/user/team11/project/hive/warehouse/q4_results 
                Partition
                  base file name: q4_results
                  input format: org.apache.hadoop.mapred.TextInputFormat
                  output format: org.apache.hadoop.hive.ql.io.HiveIgnoreKeyTextOutputFormat
                  properties:
                    COLUMN_STATS_ACCURATE {"BASIC_STATS":"true","COLUMN_STATS":{"n_interactions":"true","n_positive":"true","n_tracks":"true","popularity_bucket":"true","positive_rate":"true"}}
                    EXTERNAL TRUE
                    bucket_count -1
                    bucketing_version 2
                    column.name.delimiter ,
                    columns popularity_bucket,n_tracks,n_interactions,n_positive,positive_rate
                    columns.comments 
                    columns.types string:bigint:bigint:bigint:double
                    field.delim ,
                    file.inputformat org.apache.hadoop.mapred.TextInputFormat
                    file.outputformat org.apache.hadoop.hive.ql.io.HiveIgnoreKeyTextOutputFormat
                    location hdfs://hadoop-02.uni.innopolis.ru:8020/user/team11/project/hive/warehouse/q4_results
                    name team11_projectdb.q4_results
                    numFiles 1
                    numRows 6
                    rawDataSize 186
                    serialization.ddl struct q4_results { string popularity_bucket, i64 n_tracks, i64 n_interactions, i64 n_positive, double positive_rate}
                    serialization.format ,
                    serialization.lib org.apache.hadoop.hive.serde2.lazy.LazySimpleSerDe
                    totalSize 192
                    transient_lastDdlTime 1778427723
                  serde: org.apache.hadoop.hive.serde2.lazy.LazySimpleSerDe
                
                    input format: org.apache.hadoop.mapred.TextInputFormat
                    output format: org.apache.hadoop.hive.ql.io.HiveIgnoreKeyTextOutputFormat
                    properties:
                      COLUMN_STATS_ACCURATE {"BASIC_STATS":"true","COLUMN_STATS":{"n_interactions":"true","n_positive":"true","n_tracks":"true","popularity_bucket":"true","positive_rate":"true"}}
                      EXTERNAL TRUE
                      bucket_count -1
                      bucketing_version 2
                      column.name.delimiter ,
                      columns popularity_bucket,n_tracks,n_interactions,n_positive,positive_rate
                      columns.comments 
                      columns.types string:bigint:bigint:bigint:double
                      field.delim ,
                      file.inputformat org.apache.hadoop.mapred.TextInputFormat
                      file.outputformat org.apache.hadoop.hive.ql.io.HiveIgnoreKeyTextOutputFormat
                      location hdfs://hadoop-02.uni.innopolis.ru:8020/user/team11/project/hive/warehouse/q4_results
                      name team11_projectdb.q4_results
                      numFiles 1
                      numRows 6
                      rawDataSize 186
                      serialization.ddl struct q4_results { string popularity_bucket, i64 n_tracks, i64 n_interactions, i64 n_positive, double positive_rate}
                      serialization.format ,
                      serialization.lib org.apache.hadoop.hive.serde2.lazy.LazySimpleSerDe
                      totalSize 192
                      transient_lastDdlTime 1778427723
                    serde: org.apache.hadoop.hive.serde2.lazy.LazySimpleSerDe
                    name: team11_projectdb.q4_results
                  name: team11_projectdb.q4_results
            Truncated Path -> Alias:
              hdfs://hadoop-02.uni.innopolis.ru:8020/user/team11/project/hive/warehouse/q4_results [q4_results]

  Stage: Stage-2
    Dependency Collection

  Stage: Stage-0
    Move Operator
      files:
          hdfs directory: true
          source: hdfs://hadoop-02.uni.innopolis.ru:8020/user/team11/project/output/q4/.hive-staging_hive_2026-05-10_18-42-03_675_684918649992739579-2246/-ext-10000
          destination: project/output/q4


INFO  : Completed compiling command(queryId=hive_20260510184203_0ee07319-2d4a-457e-ab0a-a1a6a9a393f6); Time taken: 0.218 seconds
INFO  : Executing command(queryId=hive_20260510184203_0ee07319-2d4a-457e-ab0a-a1a6a9a393f6): INSERT OVERWRITE DIRECTORY 'project/output/q4'
ROW FORMAT DELIMITED FIELDS TERMINATED BY ','
SELECT * FROM q4_results
INFO  : Query ID = hive_20260510184203_0ee07319-2d4a-457e-ab0a-a1a6a9a393f6
INFO  : Total jobs = 1
INFO  : Launching Job 1 out of 1
INFO  : Starting task [Stage-1:MAPRED] in serial mode
INFO  : Subscribed to counters: [] for queryId: hive_20260510184203_0ee07319-2d4a-457e-ab0a-a1a6a9a393f6
INFO  : Session is already open
INFO  : Dag name: INSERT OVERWRITE DIRECTORY 'pro...q4_results (Stage-1)
INFO  : Status: Running (Executing on YARN cluster with App id application_1777989965680_4816)

INFO  : Starting task [Stage-2:DEPENDENCY_COLLECTION] in serial mode
INFO  : Starting task [Stage-0:MOVE] in serial mode
INFO  : Moving data to directory project/output/q4 from hdfs://hadoop-02.uni.innopolis.ru:8020/user/team11/project/output/q4/.hive-staging_hive_2026-05-10_18-42-03_675_684918649992739579-2246/-ext-10000
INFO  : Completed executing command(queryId=hive_20260510184203_0ee07319-2d4a-457e-ab0a-a1a6a9a393f6); Time taken: 0.406 seconds
INFO  : OK
No rows affected (0.649 seconds)
INFO  : Compiling command(queryId=hive_20260510184204_eabd4880-ede0-4896-a26b-1ea79c993fae): SELECT * FROM q4_results
INFO  : Semantic Analysis Completed (retrial = false)
INFO  : Returning Hive schema: Schema(fieldSchemas:[FieldSchema(name:popularity_bucket, type:string, comment:null), FieldSchema(name:n_tracks, type:bigint, comment:null), FieldSchema(name:n_interactions, type:bigint, comment:null), FieldSchema(name:n_positive, type:bigint, comment:null), FieldSchema(name:positive_rate, type:double, comment:null)], properties:null)
INFO  : EXPLAIN output for queryid hive_20260510184204_eabd4880-ede0-4896-a26b-1ea79c993fae : STAGE DEPENDENCIES:
  Stage-0 is a root stage [FETCH]

STAGE PLANS:
  Stage: Stage-0
    Fetch Operator
      limit: -1
      Processor Tree:
        TableScan
          alias: q4_results
          GatherStats: false
          Select Operator
            expressions: popularity_bucket (type: string), n_tracks (type: bigint), n_interactions (type: bigint), n_positive (type: bigint), positive_rate (type: double)
            outputColumnNames: _col0, _col1, _col2, _col3, _col4
            ListSink


INFO  : Completed compiling command(queryId=hive_20260510184204_eabd4880-ede0-4896-a26b-1ea79c993fae); Time taken: 0.246 seconds
INFO  : Executing command(queryId=hive_20260510184204_eabd4880-ede0-4896-a26b-1ea79c993fae): SELECT * FROM q4_results
INFO  : Completed executing command(queryId=hive_20260510184204_eabd4880-ede0-4896-a26b-1ea79c993fae); Time taken: 0.001 seconds
INFO  : OK
6 rows selected (0.532 seconds)
Closing: 0: jdbc:hive2://hadoop-03.uni.innopolis.ru:10001
