Connecting to jdbc:hive2://hadoop-03.uni.innopolis.ru:10001
2026-05-10 18:42:38,730 INFO jdbc.Utils: Supplied authorities: hadoop-03.uni.innopolis.ru:10001
2026-05-10 18:42:38,731 INFO jdbc.Utils: Resolved authority: hadoop-03.uni.innopolis.ru:10001
Connected to: Apache Hive (version 3.1.3)
Driver: Hive JDBC (version 2.3.9)
Transaction isolation: TRANSACTION_REPEATABLE_READ
INFO  : Compiling command(queryId=hive_20260510184239_e54e8148-2f40-49b8-bd80-02130796e0da): USE team11_projectdb
INFO  : Semantic Analysis Completed (retrial = false)
INFO  : Returning Hive schema: Schema(fieldSchemas:null, properties:null)
INFO  : EXPLAIN output for queryid hive_20260510184239_e54e8148-2f40-49b8-bd80-02130796e0da : STAGE DEPENDENCIES:
  Stage-0 is a root stage [DDL]

STAGE PLANS:
  Stage: Stage-0


INFO  : Completed compiling command(queryId=hive_20260510184239_e54e8148-2f40-49b8-bd80-02130796e0da); Time taken: 0.056 seconds
INFO  : Executing command(queryId=hive_20260510184239_e54e8148-2f40-49b8-bd80-02130796e0da): USE team11_projectdb
INFO  : Starting task [Stage-0:DDL] in serial mode
INFO  : Completed executing command(queryId=hive_20260510184239_e54e8148-2f40-49b8-bd80-02130796e0da); Time taken: 0.011 seconds
INFO  : OK
No rows affected (0.113 seconds)
No rows affected (0.003 seconds)
INFO  : Compiling command(queryId=hive_20260510184239_fc4722ff-2ad5-45ef-9fe9-196b3ff652cd): DROP TABLE IF EXISTS q6_results
INFO  : Semantic Analysis Completed (retrial = false)
INFO  : Returning Hive schema: Schema(fieldSchemas:null, properties:null)
INFO  : EXPLAIN output for queryid hive_20260510184239_fc4722ff-2ad5-45ef-9fe9-196b3ff652cd : STAGE DEPENDENCIES:
  Stage-0 is a root stage [DDL]

STAGE PLANS:
  Stage: Stage-0
      Drop Table Operator:
        Drop Table
          table: q6_results


INFO  : Completed compiling command(queryId=hive_20260510184239_fc4722ff-2ad5-45ef-9fe9-196b3ff652cd); Time taken: 0.039 seconds
INFO  : Executing command(queryId=hive_20260510184239_fc4722ff-2ad5-45ef-9fe9-196b3ff652cd): DROP TABLE IF EXISTS q6_results
INFO  : Starting task [Stage-0:DDL] in serial mode
INFO  : Completed executing command(queryId=hive_20260510184239_fc4722ff-2ad5-45ef-9fe9-196b3ff652cd); Time taken: 0.004 seconds
INFO  : OK
No rows affected (0.067 seconds)
INFO  : Compiling command(queryId=hive_20260510184239_53237936-1b7b-4bf0-a6e3-e09fabef7426): CREATE EXTERNAL TABLE q6_results(
sort_key       INT,
scenario       STRING,
positive_rate  DOUBLE
)
ROW FORMAT DELIMITED FIELDS TERMINATED BY ','
LOCATION 'project/hive/warehouse/q6_results'
INFO  : Semantic Analysis Completed (retrial = false)
INFO  : Returning Hive schema: Schema(fieldSchemas:null, properties:null)
INFO  : EXPLAIN output for queryid hive_20260510184239_53237936-1b7b-4bf0-a6e3-e09fabef7426 : STAGE DEPENDENCIES:
  Stage-0 is a root stage [DDL]

STAGE PLANS:
  Stage: Stage-0
      Create Table Operator:
        Create Table
          columns: sort_key int, scenario string, positive_rate double
          field delimiter: ,
          input format: org.apache.hadoop.mapred.TextInputFormat
          location: project/hive/warehouse/q6_results
          output format: org.apache.hadoop.hive.ql.io.IgnoreKeyTextOutputFormat
          serde name: org.apache.hadoop.hive.serde2.lazy.LazySimpleSerDe
          name: team11_projectdb.q6_results
          isExternal: true


INFO  : Completed compiling command(queryId=hive_20260510184239_53237936-1b7b-4bf0-a6e3-e09fabef7426); Time taken: 0.038 seconds
INFO  : Executing command(queryId=hive_20260510184239_53237936-1b7b-4bf0-a6e3-e09fabef7426): CREATE EXTERNAL TABLE q6_results(
sort_key       INT,
scenario       STRING,
positive_rate  DOUBLE
)
ROW FORMAT DELIMITED FIELDS TERMINATED BY ','
LOCATION 'project/hive/warehouse/q6_results'
INFO  : Starting task [Stage-0:DDL] in serial mode
INFO  : Completed executing command(queryId=hive_20260510184239_53237936-1b7b-4bf0-a6e3-e09fabef7426); Time taken: 0.024 seconds
INFO  : OK
No rows affected (0.096 seconds)
INFO  : Compiling command(queryId=hive_20260510184239_ee1d5cba-ee3f-412b-9d7e-435402a73ab2): WITH track_stats AS (
SELECT
item_id,
COUNT(*)              AS total,
SUM(interaction_flag) AS pos
FROM interactions_part
GROUP BY item_id
),
bucketed AS (
SELECT
CASE
WHEN total <= 1   THEN '1'
WHEN total <= 3   THEN '2-3'
WHEN total <= 10  THEN '4-10'
WHEN total <= 30  THEN '11-30'
WHEN total <= 100 THEN '31-100'
ELSE                   '100+'
END AS popularity_bucket,
total,
pos
FROM track_stats
),
agg AS (
SELECT
popularity_bucket,
ROUND(SUM(pos) * 1.0 / SUM(total), 4) AS positive_rate
FROM bucketed
GROUP BY popularity_bucket
)
INSERT OVERWRITE TABLE q6_results
SELECT sort_key, scenario, positive_rate
FROM (
SELECT
1 AS sort_key,
'Marginal: share of positive rows (all data)' AS scenario,
ROUND(SUM(interaction_flag) * 1.0 / COUNT(*), 4) AS positive_rate
FROM interactions_part
UNION ALL
SELECT
2 AS sort_key,
'Cold tracks: 1 interaction per track' AS scenario,
positive_rate
FROM agg
WHERE popularity_bucket = '1'
UNION ALL
SELECT
3 AS sort_key,
'Hit tracks: 100+ interactions per track' AS scenario,
positive_rate
FROM agg
WHERE popularity_bucket = '100+'
) x
INFO  : Semantic Analysis Completed (retrial = false)
INFO  : Returning Hive schema: Schema(fieldSchemas:[FieldSchema(name:_col0, type:int, comment:null), FieldSchema(name:_col1, type:string, comment:null), FieldSchema(name:_col2, type:double, comment:null)], properties:null)
INFO  : EXPLAIN output for queryid hive_20260510184239_ee1d5cba-ee3f-412b-9d7e-435402a73ab2 : STAGE DEPENDENCIES:
  Stage-1 is a root stage [MAPRED]
  Stage-2 depends on stages: Stage-1 [DEPENDENCY_COLLECTION]
  Stage-0 depends on stages: Stage-2 [MOVE]
  Stage-3 depends on stages: Stage-0 [STATS]

STAGE PLANS:
  Stage: Stage-1
    Tez
      DagId: hive_20260510184239_ee1d5cba-ee3f-412b-9d7e-435402a73ab2:4596
      Edges:
        Reducer 2 <- Map 1 (CUSTOM_SIMPLE_EDGE), Union 3 (CONTAINS)
        Reducer 4 <- Union 3 (CUSTOM_SIMPLE_EDGE)
        Reducer 6 <- Map 5 (SIMPLE_EDGE)
        Reducer 7 <- Reducer 6 (SIMPLE_EDGE), Union 3 (CONTAINS)
        Reducer 8 <- Map 5 (SIMPLE_EDGE)
        Reducer 9 <- Reducer 8 (SIMPLE_EDGE), Union 3 (CONTAINS)
      DagName: hive_20260510184239_ee1d5cba-ee3f-412b-9d7e-435402a73ab2:4596
      Vertices:
        Map 1 
            Map Operator Tree:
                TableScan
                  alias: interactions_part
                  Statistics: Num rows: 11808554 Data size: 2538839110 Basic stats: COMPLETE Column stats: NONE
                  GatherStats: false
                  Select Operator
                    expressions: interaction_flag (type: int)
                    outputColumnNames: interaction_flag
                    Statistics: Num rows: 11808554 Data size: 2538839110 Basic stats: COMPLETE Column stats: NONE
                    Group By Operator
                      aggregations: sum(interaction_flag), count()
                      mode: hash
                      outputColumnNames: _col0, _col1
                      Statistics: Num rows: 1 Data size: 16 Basic stats: COMPLETE Column stats: NONE
                      Reduce Output Operator
                        null sort order: 
                        sort order: 
                        Statistics: Num rows: 1 Data size: 16 Basic stats: COMPLETE Column stats: NONE
                        tag: -1
                        value expressions: _col0 (type: bigint), _col1 (type: bigint)
                        auto parallelism: false
            Execution mode: vectorized
            Path -> Alias:
              hdfs://hadoop-02.uni.innopolis.ru:8020/user/team11/project/hive/warehouse/interactions_part/interaction_flag=0 [interactions_part]
              hdfs://hadoop-02.uni.innopolis.ru:8020/user/team11/project/hive/warehouse/interactions_part/interaction_flag=1 [interactions_part]
            Path -> Partition:
              hdfs://hadoop-02.uni.innopolis.ru:8020/user/team11/project/hive/warehouse/interactions_part/interaction_flag=0 
                Partition
                  base file name: interaction_flag=0
                  input format: org.apache.hadoop.hive.ql.io.orc.OrcInputFormat
                  output format: org.apache.hadoop.hive.ql.io.orc.OrcOutputFormat
                  partition values:
                    interaction_flag 0
                  properties:
                    COLUMN_STATS_ACCURATE {"BASIC_STATS":"true","COLUMN_STATS":{"id":"true","item_id":"true","ts":"true","user_id":"true"}}
                    bucket_count 11
                    bucket_field_name user_id
                    file.inputformat org.apache.hadoop.hive.ql.io.orc.OrcInputFormat
                    file.outputformat org.apache.hadoop.hive.ql.io.orc.OrcOutputFormat
                    location hdfs://hadoop-02.uni.innopolis.ru:8020/user/team11/project/hive/warehouse/interactions_part/interaction_flag=0
                    name team11_projectdb.interactions_part
                    numFiles 11
                    numRows 3525682
                    partition_columns interaction_flag
                    partition_columns.types int
                    rawDataSize 758021630
                    serialization.ddl struct interactions_part { i32 id, string user_id, string item_id, i64 ts}
                    serialization.format 1
                    serialization.lib org.apache.hadoop.hive.ql.io.orc.OrcSerde
                    totalSize 92283754
                    transient_lastDdlTime 1778427592
                  serde: org.apache.hadoop.hive.ql.io.orc.OrcSerde
                
                    input format: org.apache.hadoop.hive.ql.io.orc.OrcInputFormat
                    output format: org.apache.hadoop.hive.ql.io.orc.OrcOutputFormat
                    properties:
                      EXTERNAL TRUE
                      bucket_count 11
                      bucket_field_name user_id
                      bucketing_version 2
                      column.name.delimiter ,
                      columns id,user_id,item_id,ts
                      columns.comments 
                      columns.types int:string:string:bigint
                      file.inputformat org.apache.hadoop.hive.ql.io.orc.OrcInputFormat
                      file.outputformat org.apache.hadoop.hive.ql.io.orc.OrcOutputFormat
                      location hdfs://hadoop-02.uni.innopolis.ru:8020/user/team11/project/hive/warehouse/interactions_part
                      name team11_projectdb.interactions_part
                      orc.compress SNAPPY
                      partition_columns interaction_flag
                      partition_columns.types int
                      serialization.ddl struct interactions_part { i32 id, string user_id, string item_id, i64 ts}
                      serialization.format 1
                      serialization.lib org.apache.hadoop.hive.ql.io.orc.OrcSerde
                      transient_lastDdlTime 1778427556
                    serde: org.apache.hadoop.hive.ql.io.orc.OrcSerde
                    name: team11_projectdb.interactions_part
                  name: team11_projectdb.interactions_part
              hdfs://hadoop-02.uni.innopolis.ru:8020/user/team11/project/hive/warehouse/interactions_part/interaction_flag=1 
                Partition
                  base file name: interaction_flag=1
                  input format: org.apache.hadoop.hive.ql.io.orc.OrcInputFormat
                  output format: org.apache.hadoop.hive.ql.io.orc.OrcOutputFormat
                  partition values:
                    interaction_flag 1
                  properties:
                    COLUMN_STATS_ACCURATE {"BASIC_STATS":"true","COLUMN_STATS":{"id":"true","item_id":"true","ts":"true","user_id":"true"}}
                    bucket_count 11
                    bucket_field_name user_id
                    file.inputformat org.apache.hadoop.hive.ql.io.orc.OrcInputFormat
                    file.outputformat org.apache.hadoop.hive.ql.io.orc.OrcOutputFormat
                    location hdfs://hadoop-02.uni.innopolis.ru:8020/user/team11/project/hive/warehouse/interactions_part/interaction_flag=1
                    name team11_projectdb.interactions_part
                    numFiles 11
                    numRows 8282872
                    partition_columns interaction_flag
                    partition_columns.types int
                    rawDataSize 1780817480
                    serialization.ddl struct interactions_part { i32 id, string user_id, string item_id, i64 ts}
                    serialization.format 1
                    serialization.lib org.apache.hadoop.hive.ql.io.orc.OrcSerde
                    totalSize 72156538
                    transient_lastDdlTime 1778427592
                  serde: org.apache.hadoop.hive.ql.io.orc.OrcSerde
                
                    input format: org.apache.hadoop.hive.ql.io.orc.OrcInputFormat
                    output format: org.apache.hadoop.hive.ql.io.orc.OrcOutputFormat
                    properties:
                      EXTERNAL TRUE
                      bucket_count 11
                      bucket_field_name user_id
                      bucketing_version 2
                      column.name.delimiter ,
                      columns id,user_id,item_id,ts
                      columns.comments 
                      columns.types int:string:string:bigint
                      file.inputformat org.apache.hadoop.hive.ql.io.orc.OrcInputFormat
                      file.outputformat org.apache.hadoop.hive.ql.io.orc.OrcOutputFormat
                      location hdfs://hadoop-02.uni.innopolis.ru:8020/user/team11/project/hive/warehouse/interactions_part
                      name team11_projectdb.interactions_part
                      orc.compress SNAPPY
                      partition_columns interaction_flag
                      partition_columns.types int
                      serialization.ddl struct interactions_part { i32 id, string user_id, string item_id, i64 ts}
                      serialization.format 1
                      serialization.lib org.apache.hadoop.hive.ql.io.orc.OrcSerde
                      transient_lastDdlTime 1778427556
                    serde: org.apache.hadoop.hive.ql.io.orc.OrcSerde
                    name: team11_projectdb.interactions_part
                  name: team11_projectdb.interactions_part
            Truncated Path -> Alias:
              hdfs://hadoop-02.uni.innopolis.ru:8020/user/team11/project/hive/warehouse/interactions_part/interaction_flag=0 [interactions_part]
              hdfs://hadoop-02.uni.innopolis.ru:8020/user/team11/project/hive/warehouse/interactions_part/interaction_flag=1 [interactions_part]
        Map 5 
            Map Operator Tree:
                TableScan
                  alias: interactions_part
                  Statistics: Num rows: 11808554 Data size: 2538839110 Basic stats: COMPLETE Column stats: NONE
                  GatherStats: false
                  Select Operator
                    expressions: item_id (type: string), interaction_flag (type: int)
                    outputColumnNames: item_id, interaction_flag
                    Statistics: Num rows: 11808554 Data size: 2538839110 Basic stats: COMPLETE Column stats: NONE
                    Group By Operator
                      aggregations: count(), sum(interaction_flag)
                      keys: item_id (type: string)
                      mode: hash
                      outputColumnNames: _col0, _col1, _col2
                      Statistics: Num rows: 11808554 Data size: 2538839110 Basic stats: COMPLETE Column stats: NONE
                      Reduce Output Operator
                        key expressions: _col0 (type: string)
                        null sort order: a
                        sort order: +
                        Map-reduce partition columns: _col0 (type: string)
                        Statistics: Num rows: 11808554 Data size: 2538839110 Basic stats: COMPLETE Column stats: NONE
                        tag: -1
                        value expressions: _col1 (type: bigint), _col2 (type: bigint)
                        auto parallelism: true
                      Reduce Output Operator
                        key expressions: _col0 (type: string)
                        null sort order: a
                        sort order: +
                        Map-reduce partition columns: _col0 (type: string)
                        Statistics: Num rows: 11808554 Data size: 2538839110 Basic stats: COMPLETE Column stats: NONE
                        tag: -1
                        value expressions: _col1 (type: bigint), _col2 (type: bigint)
                        auto parallelism: true
            Execution mode: vectorized
            Path -> Alias:
              hdfs://hadoop-02.uni.innopolis.ru:8020/user/team11/project/hive/warehouse/interactions_part/interaction_flag=0 [interactions_part]
              hdfs://hadoop-02.uni.innopolis.ru:8020/user/team11/project/hive/warehouse/interactions_part/interaction_flag=1 [interactions_part]
            Path -> Partition:
              hdfs://hadoop-02.uni.innopolis.ru:8020/user/team11/project/hive/warehouse/interactions_part/interaction_flag=0 
                Partition
                  base file name: interaction_flag=0
                  input format: org.apache.hadoop.hive.ql.io.orc.OrcInputFormat
                  output format: org.apache.hadoop.hive.ql.io.orc.OrcOutputFormat
                  partition values:
                    interaction_flag 0
                  properties:
                    COLUMN_STATS_ACCURATE {"BASIC_STATS":"true","COLUMN_STATS":{"id":"true","item_id":"true","ts":"true","user_id":"true"}}
                    bucket_count 11
                    bucket_field_name user_id
                    file.inputformat org.apache.hadoop.hive.ql.io.orc.OrcInputFormat
                    file.outputformat org.apache.hadoop.hive.ql.io.orc.OrcOutputFormat
                    location hdfs://hadoop-02.uni.innopolis.ru:8020/user/team11/project/hive/warehouse/interactions_part/interaction_flag=0
                    name team11_projectdb.interactions_part
                    numFiles 11
                    numRows 3525682
                    partition_columns interaction_flag
                    partition_columns.types int
                    rawDataSize 758021630
                    serialization.ddl struct interactions_part { i32 id, string user_id, string item_id, i64 ts}
                    serialization.format 1
                    serialization.lib org.apache.hadoop.hive.ql.io.orc.OrcSerde
                    totalSize 92283754
                    transient_lastDdlTime 1778427592
                  serde: org.apache.hadoop.hive.ql.io.orc.OrcSerde
                
                    input format: org.apache.hadoop.hive.ql.io.orc.OrcInputFormat
                    output format: org.apache.hadoop.hive.ql.io.orc.OrcOutputFormat
                    properties:
                      EXTERNAL TRUE
                      bucket_count 11
                      bucket_field_name user_id
                      bucketing_version 2
                      column.name.delimiter ,
                      columns id,user_id,item_id,ts
                      columns.comments 
                      columns.types int:string:string:bigint
                      file.inputformat org.apache.hadoop.hive.ql.io.orc.OrcInputFormat
                      file.outputformat org.apache.hadoop.hive.ql.io.orc.OrcOutputFormat
                      location hdfs://hadoop-02.uni.innopolis.ru:8020/user/team11/project/hive/warehouse/interactions_part
                      name team11_projectdb.interactions_part
                      orc.compress SNAPPY
                      partition_columns interaction_flag
                      partition_columns.types int
                      serialization.ddl struct interactions_part { i32 id, string user_id, string item_id, i64 ts}
                      serialization.format 1
                      serialization.lib org.apache.hadoop.hive.ql.io.orc.OrcSerde
                      transient_lastDdlTime 1778427556
                    serde: org.apache.hadoop.hive.ql.io.orc.OrcSerde
                    name: team11_projectdb.interactions_part
                  name: team11_projectdb.interactions_part
              hdfs://hadoop-02.uni.innopolis.ru:8020/user/team11/project/hive/warehouse/interactions_part/interaction_flag=1 
                Partition
                  base file name: interaction_flag=1
                  input format: org.apache.hadoop.hive.ql.io.orc.OrcInputFormat
                  output format: org.apache.hadoop.hive.ql.io.orc.OrcOutputFormat
                  partition values:
                    interaction_flag 1
                  properties:
                    COLUMN_STATS_ACCURATE {"BASIC_STATS":"true","COLUMN_STATS":{"id":"true","item_id":"true","ts":"true","user_id":"true"}}
                    bucket_count 11
                    bucket_field_name user_id
                    file.inputformat org.apache.hadoop.hive.ql.io.orc.OrcInputFormat
                    file.outputformat org.apache.hadoop.hive.ql.io.orc.OrcOutputFormat
                    location hdfs://hadoop-02.uni.innopolis.ru:8020/user/team11/project/hive/warehouse/interactions_part/interaction_flag=1
                    name team11_projectdb.interactions_part
                    numFiles 11
                    numRows 8282872
                    partition_columns interaction_flag
                    partition_columns.types int
                    rawDataSize 1780817480
                    serialization.ddl struct interactions_part { i32 id, string user_id, string item_id, i64 ts}
                    serialization.format 1
                    serialization.lib org.apache.hadoop.hive.ql.io.orc.OrcSerde
                    totalSize 72156538
                    transient_lastDdlTime 1778427592
                  serde: org.apache.hadoop.hive.ql.io.orc.OrcSerde
                
                    input format: org.apache.hadoop.hive.ql.io.orc.OrcInputFormat
                    output format: org.apache.hadoop.hive.ql.io.orc.OrcOutputFormat
                    properties:
                      EXTERNAL TRUE
                      bucket_count 11
                      bucket_field_name user_id
                      bucketing_version 2
                      column.name.delimiter ,
                      columns id,user_id,item_id,ts
                      columns.comments 
                      columns.types int:string:string:bigint
                      file.inputformat org.apache.hadoop.hive.ql.io.orc.OrcInputFormat
                      file.outputformat org.apache.hadoop.hive.ql.io.orc.OrcOutputFormat
                      location hdfs://hadoop-02.uni.innopolis.ru:8020/user/team11/project/hive/warehouse/interactions_part
                      name team11_projectdb.interactions_part
                      orc.compress SNAPPY
                      partition_columns interaction_flag
                      partition_columns.types int
                      serialization.ddl struct interactions_part { i32 id, string user_id, string item_id, i64 ts}
                      serialization.format 1
                      serialization.lib org.apache.hadoop.hive.ql.io.orc.OrcSerde
                      transient_lastDdlTime 1778427556
                    serde: org.apache.hadoop.hive.ql.io.orc.OrcSerde
                    name: team11_projectdb.interactions_part
                  name: team11_projectdb.interactions_part
            Truncated Path -> Alias:
              hdfs://hadoop-02.uni.innopolis.ru:8020/user/team11/project/hive/warehouse/interactions_part/interaction_flag=0 [interactions_part]
              hdfs://hadoop-02.uni.innopolis.ru:8020/user/team11/project/hive/warehouse/interactions_part/interaction_flag=1 [interactions_part]
        Reducer 2 
            Needs Tagging: false
            Reduce Operator Tree:
              Group By Operator
                aggregations: sum(VALUE._col0), count(VALUE._col1)
                mode: mergepartial
                outputColumnNames: _col0, _col1
                Statistics: Num rows: 1 Data size: 16 Basic stats: COMPLETE Column stats: NONE
                Select Operator
                  expressions: 1 (type: int), 'Marginal: share of positive rows (all data)' (type: string), round(((_col0 * 1) / _col1), 4) (type: decimal(26,4))
                  outputColumnNames: _col0, _col1, _col2
                  Statistics: Num rows: 1 Data size: 16 Basic stats: COMPLETE Column stats: NONE
                  Select Operator
                    expressions: _col0 (type: int), _col1 (type: string), UDFToDouble(_col2) (type: double)
                    outputColumnNames: _col0, _col1, _col2
                    Statistics: Num rows: 2952139 Data size: 634709686 Basic stats: COMPLETE Column stats: NONE
                    File Output Operator
                      compressed: false
                      GlobalTableId: 1
                      directory: hdfs://hadoop-02.uni.innopolis.ru:8020/user/team11/project/hive/warehouse/q6_results/.hive-staging_hive_2026-05-10_18-42-39_690_5283563207575572203-2225/-ext-10000/HIVE_UNION_SUBDIR_1
                      NumFilesPerFileSink: 1
                      Statistics: Num rows: 2952139 Data size: 634709686 Basic stats: COMPLETE Column stats: NONE
                      Stats Publishing Key Prefix: hdfs://hadoop-02.uni.innopolis.ru:8020/user/team11/project/hive/warehouse/q6_results/.hive-staging_hive_2026-05-10_18-42-39_690_5283563207575572203-2225/-ext-10000/
                      table:
                          input format: org.apache.hadoop.mapred.TextInputFormat
                          output format: org.apache.hadoop.hive.ql.io.HiveIgnoreKeyTextOutputFormat
                          properties:
                            EXTERNAL TRUE
                            bucket_count -1
                            bucketing_version 2
                            column.name.delimiter ,
                            columns sort_key,scenario,positive_rate
                            columns.comments 
                            columns.types int:string:double
                            field.delim ,
                            file.inputformat org.apache.hadoop.mapred.TextInputFormat
                            file.outputformat org.apache.hadoop.hive.ql.io.HiveIgnoreKeyTextOutputFormat
                            location hdfs://hadoop-02.uni.innopolis.ru:8020/user/team11/project/hive/warehouse/q6_results
                            name team11_projectdb.q6_results
                            serialization.ddl struct q6_results { i32 sort_key, string scenario, double positive_rate}
                            serialization.format ,
                            serialization.lib org.apache.hadoop.hive.serde2.lazy.LazySimpleSerDe
                            transient_lastDdlTime 1778427759
                          serde: org.apache.hadoop.hive.serde2.lazy.LazySimpleSerDe
                          name: team11_projectdb.q6_results
                      TotalFiles: 1
                      GatherStats: true
                      MultiFileSpray: false
                    Select Operator
                      expressions: _col0 (type: int), _col1 (type: string), _col2 (type: double)
                      outputColumnNames: sort_key, scenario, positive_rate
                      Statistics: Num rows: 2952139 Data size: 634709686 Basic stats: COMPLETE Column stats: NONE
                      Group By Operator
                        aggregations: compute_stats(sort_key, 'hll'), compute_stats(scenario, 'hll'), compute_stats(positive_rate, 'hll')
                        mode: hash
                        outputColumnNames: _col0, _col1, _col2
                        Statistics: Num rows: 1 Data size: 1288 Basic stats: COMPLETE Column stats: NONE
                        Reduce Output Operator
                          null sort order: 
                          sort order: 
                          Statistics: Num rows: 1 Data size: 1288 Basic stats: COMPLETE Column stats: NONE
                          tag: -1
                          value expressions: _col0 (type: struct<columntype:string,min:bigint,max:bigint,countnulls:bigint,bitvector:binary>), _col1 (type: struct<columntype:string,maxlength:bigint,sumlength:bigint,count:bigint,countnulls:bigint,bitvector:binary>), _col2 (type: struct<columntype:string,min:double,max:double,countnulls:bigint,bitvector:binary>)
                          auto parallelism: false
        Reducer 4 
            Needs Tagging: false
            Reduce Operator Tree:
              Group By Operator
                aggregations: compute_stats(VALUE._col0), compute_stats(VALUE._col1), compute_stats(VALUE._col2)
                mode: mergepartial
                outputColumnNames: _col0, _col1, _col2
                Statistics: Num rows: 1 Data size: 1320 Basic stats: COMPLETE Column stats: NONE
                File Output Operator
                  compressed: false
                  GlobalTableId: 0
                  directory: hdfs://hadoop-02.uni.innopolis.ru:8020/tmp/hive/team11/7e4100d8-7045-4a52-a4b2-fce913d2293a/hive_2026-05-10_18-42-40_034_710213960438343831-2225/-mr-10000/.hive-staging_hive_2026-05-10_18-42-40_034_710213960438343831-2225/-ext-10001
                  NumFilesPerFileSink: 1
                  Statistics: Num rows: 1 Data size: 1320 Basic stats: COMPLETE Column stats: NONE
                  Stats Publishing Key Prefix: hdfs://hadoop-02.uni.innopolis.ru:8020/tmp/hive/team11/7e4100d8-7045-4a52-a4b2-fce913d2293a/hive_2026-05-10_18-42-40_034_710213960438343831-2225/-mr-10000/.hive-staging_hive_2026-05-10_18-42-40_034_710213960438343831-2225/-ext-10001/
                  table:
                      input format: org.apache.hadoop.mapred.SequenceFileInputFormat
                      output format: org.apache.hadoop.hive.ql.io.HiveSequenceFileOutputFormat
                      properties:
                        columns _col0,_col1,_col2
                        columns.types struct<columntype:string,min:bigint,max:bigint,countnulls:bigint,numdistinctvalues:bigint,ndvbitvector:binary>:struct<columntype:string,maxlength:bigint,avglength:double,countnulls:bigint,numdistinctvalues:bigint,ndvbitvector:binary>:struct<columntype:string,min:double,max:double,countnulls:bigint,numdistinctvalues:bigint,ndvbitvector:binary>
                        escape.delim \
                        hive.serialization.extend.additional.nesting.levels true
                        serialization.escape.crlf true
                        serialization.format 1
                        serialization.lib org.apache.hadoop.hive.serde2.lazy.LazySimpleSerDe
                      serde: org.apache.hadoop.hive.serde2.lazy.LazySimpleSerDe
                  TotalFiles: 1
                  GatherStats: false
                  MultiFileSpray: false
        Reducer 6 
            Execution mode: vectorized
            Needs Tagging: false
            Reduce Operator Tree:
              Group By Operator
                aggregations: count(VALUE._col0), sum(VALUE._col1)
                keys: KEY._col0 (type: string)
                mode: mergepartial
                outputColumnNames: _col0, _col1, _col2
                Statistics: Num rows: 5904277 Data size: 1269419555 Basic stats: COMPLETE Column stats: NONE
                Select Operator
                  expressions: CASE WHEN ((_col1 <= 1L)) THEN ('1') WHEN ((_col1 <= 3L)) THEN ('2-3') WHEN ((_col1 <= 10L)) THEN ('4-10') WHEN ((_col1 <= 30L)) THEN ('11-30') WHEN ((_col1 <= 100L)) THEN ('31-100') ELSE ('100+') END (type: string), _col1 (type: bigint), _col2 (type: bigint)
                  outputColumnNames: _col0, _col1, _col2
                  Statistics: Num rows: 5904277 Data size: 1269419555 Basic stats: COMPLETE Column stats: NONE
                  Filter Operator
                    isSamplingPred: false
                    predicate: (_col0 = '1') (type: boolean)
                    Statistics: Num rows: 2952138 Data size: 634709670 Basic stats: COMPLETE Column stats: NONE
                    Select Operator
                      expressions: _col1 (type: bigint), _col2 (type: bigint)
                      outputColumnNames: _col1, _col2
                      Statistics: Num rows: 2952138 Data size: 634709670 Basic stats: COMPLETE Column stats: NONE
                      Group By Operator
                        aggregations: sum(_col2), sum(_col1)
                        keys: '1' (type: string)
                        mode: hash
                        outputColumnNames: _col0, _col1, _col2
                        Statistics: Num rows: 2952138 Data size: 634709670 Basic stats: COMPLETE Column stats: NONE
                        Reduce Output Operator
                          key expressions: '1' (type: string)
                          null sort order: a
                          sort order: +
                          Map-reduce partition columns: '1' (type: string)
                          Statistics: Num rows: 2952138 Data size: 634709670 Basic stats: COMPLETE Column stats: NONE
                          tag: -1
                          value expressions: _col1 (type: bigint), _col2 (type: bigint)
                          auto parallelism: true
        Reducer 7 
            Needs Tagging: false
            Reduce Operator Tree:
              Group By Operator
                aggregations: sum(VALUE._col0), sum(VALUE._col1)
                keys: '1' (type: string)
                mode: mergepartial
                outputColumnNames: _col0, _col1, _col2
                Statistics: Num rows: 1476069 Data size: 317354835 Basic stats: COMPLETE Column stats: NONE
                Select Operator
                  expressions: 2 (type: int), 'Cold tracks: 1 interaction per track' (type: string), round(((_col1 * 1) / _col2), 4) (type: decimal(26,4))
                  outputColumnNames: _col0, _col1, _col2
                  Statistics: Num rows: 1476069 Data size: 317354835 Basic stats: COMPLETE Column stats: NONE
                  Select Operator
                    expressions: _col0 (type: int), _col1 (type: string), UDFToDouble(_col2) (type: double)
                    outputColumnNames: _col0, _col1, _col2
                    Statistics: Num rows: 2952139 Data size: 634709686 Basic stats: COMPLETE Column stats: NONE
                    File Output Operator
                      compressed: false
                      GlobalTableId: 1
                      directory: hdfs://hadoop-02.uni.innopolis.ru:8020/user/team11/project/hive/warehouse/q6_results/.hive-staging_hive_2026-05-10_18-42-39_690_5283563207575572203-2225/-ext-10000/HIVE_UNION_SUBDIR_2
                      NumFilesPerFileSink: 1
                      Statistics: Num rows: 2952139 Data size: 634709686 Basic stats: COMPLETE Column stats: NONE
                      Stats Publishing Key Prefix: hdfs://hadoop-02.uni.innopolis.ru:8020/user/team11/project/hive/warehouse/q6_results/.hive-staging_hive_2026-05-10_18-42-39_690_5283563207575572203-2225/-ext-10000/
                      table:
                          input format: org.apache.hadoop.mapred.TextInputFormat
                          output format: org.apache.hadoop.hive.ql.io.HiveIgnoreKeyTextOutputFormat
                          properties:
                            EXTERNAL TRUE
                            bucket_count -1
                            bucketing_version 2
                            column.name.delimiter ,
                            columns sort_key,scenario,positive_rate
                            columns.comments 
                            columns.types int:string:double
                            field.delim ,
                            file.inputformat org.apache.hadoop.mapred.TextInputFormat
                            file.outputformat org.apache.hadoop.hive.ql.io.HiveIgnoreKeyTextOutputFormat
                            location hdfs://hadoop-02.uni.innopolis.ru:8020/user/team11/project/hive/warehouse/q6_results
                            name team11_projectdb.q6_results
                            serialization.ddl struct q6_results { i32 sort_key, string scenario, double positive_rate}
                            serialization.format ,
                            serialization.lib org.apache.hadoop.hive.serde2.lazy.LazySimpleSerDe
                            transient_lastDdlTime 1778427759
                          serde: org.apache.hadoop.hive.serde2.lazy.LazySimpleSerDe
                          name: team11_projectdb.q6_results
                      TotalFiles: 1
                      GatherStats: true
                      MultiFileSpray: false
                    Select Operator
                      expressions: _col0 (type: int), _col1 (type: string), _col2 (type: double)
                      outputColumnNames: sort_key, scenario, positive_rate
                      Statistics: Num rows: 2952139 Data size: 634709686 Basic stats: COMPLETE Column stats: NONE
                      Group By Operator
                        aggregations: compute_stats(sort_key, 'hll'), compute_stats(scenario, 'hll'), compute_stats(positive_rate, 'hll')
                        mode: hash
                        outputColumnNames: _col0, _col1, _col2
                        Statistics: Num rows: 1 Data size: 1288 Basic stats: COMPLETE Column stats: NONE
                        Reduce Output Operator
                          null sort order: 
                          sort order: 
                          Statistics: Num rows: 1 Data size: 1288 Basic stats: COMPLETE Column stats: NONE
                          tag: -1
                          value expressions: _col0 (type: struct<columntype:string,min:bigint,max:bigint,countnulls:bigint,bitvector:binary>), _col1 (type: struct<columntype:string,maxlength:bigint,sumlength:bigint,count:bigint,countnulls:bigint,bitvector:binary>), _col2 (type: struct<columntype:string,min:double,max:double,countnulls:bigint,bitvector:binary>)
                          auto parallelism: false
        Reducer 8 
            Execution mode: vectorized
            Needs Tagging: false
            Reduce Operator Tree:
              Group By Operator
                aggregations: count(VALUE._col0), sum(VALUE._col1)
                keys: KEY._col0 (type: string)
                mode: mergepartial
                outputColumnNames: _col0, _col1, _col2
                Statistics: Num rows: 5904277 Data size: 1269419555 Basic stats: COMPLETE Column stats: NONE
                Select Operator
                  expressions: CASE WHEN ((_col1 <= 1L)) THEN ('1') WHEN ((_col1 <= 3L)) THEN ('2-3') WHEN ((_col1 <= 10L)) THEN ('4-10') WHEN ((_col1 <= 30L)) THEN ('11-30') WHEN ((_col1 <= 100L)) THEN ('31-100') ELSE ('100+') END (type: string), _col1 (type: bigint), _col2 (type: bigint)
                  outputColumnNames: _col0, _col1, _col2
                  Statistics: Num rows: 5904277 Data size: 1269419555 Basic stats: COMPLETE Column stats: NONE
                  Filter Operator
                    isSamplingPred: false
                    predicate: (_col0 = '100+') (type: boolean)
                    Statistics: Num rows: 2952138 Data size: 634709670 Basic stats: COMPLETE Column stats: NONE
                    Select Operator
                      expressions: _col1 (type: bigint), _col2 (type: bigint)
                      outputColumnNames: _col1, _col2
                      Statistics: Num rows: 2952138 Data size: 634709670 Basic stats: COMPLETE Column stats: NONE
                      Group By Operator
                        aggregations: sum(_col2), sum(_col1)
                        keys: '100+' (type: string)
                        mode: hash
                        outputColumnNames: _col0, _col1, _col2
                        Statistics: Num rows: 2952138 Data size: 634709670 Basic stats: COMPLETE Column stats: NONE
                        Reduce Output Operator
                          key expressions: '100+' (type: string)
                          null sort order: a
                          sort order: +
                          Map-reduce partition columns: '100+' (type: string)
                          Statistics: Num rows: 2952138 Data size: 634709670 Basic stats: COMPLETE Column stats: NONE
                          tag: -1
                          value expressions: _col1 (type: bigint), _col2 (type: bigint)
                          auto parallelism: true
        Reducer 9 
            Needs Tagging: false
            Reduce Operator Tree:
              Group By Operator
                aggregations: sum(VALUE._col0), sum(VALUE._col1)
                keys: '100+' (type: string)
                mode: mergepartial
                outputColumnNames: _col0, _col1, _col2
                Statistics: Num rows: 1476069 Data size: 317354835 Basic stats: COMPLETE Column stats: NONE
                Select Operator
                  expressions: 3 (type: int), 'Hit tracks: 100+ interactions per track' (type: string), round(((_col1 * 1) / _col2), 4) (type: decimal(26,4))
                  outputColumnNames: _col0, _col1, _col2
                  Statistics: Num rows: 1476069 Data size: 317354835 Basic stats: COMPLETE Column stats: NONE
                  Select Operator
                    expressions: _col0 (type: int), _col1 (type: string), UDFToDouble(_col2) (type: double)
                    outputColumnNames: _col0, _col1, _col2
                    Statistics: Num rows: 2952139 Data size: 634709686 Basic stats: COMPLETE Column stats: NONE
                    File Output Operator
                      compressed: false
                      GlobalTableId: 1
                      directory: hdfs://hadoop-02.uni.innopolis.ru:8020/user/team11/project/hive/warehouse/q6_results/.hive-staging_hive_2026-05-10_18-42-39_690_5283563207575572203-2225/-ext-10000/HIVE_UNION_SUBDIR_3
                      NumFilesPerFileSink: 1
                      Statistics: Num rows: 2952139 Data size: 634709686 Basic stats: COMPLETE Column stats: NONE
                      Stats Publishing Key Prefix: hdfs://hadoop-02.uni.innopolis.ru:8020/user/team11/project/hive/warehouse/q6_results/.hive-staging_hive_2026-05-10_18-42-39_690_5283563207575572203-2225/-ext-10000/
                      table:
                          input format: org.apache.hadoop.mapred.TextInputFormat
                          output format: org.apache.hadoop.hive.ql.io.HiveIgnoreKeyTextOutputFormat
                          properties:
                            EXTERNAL TRUE
                            bucket_count -1
                            bucketing_version 2
                            column.name.delimiter ,
                            columns sort_key,scenario,positive_rate
                            columns.comments 
                            columns.types int:string:double
                            field.delim ,
                            file.inputformat org.apache.hadoop.mapred.TextInputFormat
                            file.outputformat org.apache.hadoop.hive.ql.io.HiveIgnoreKeyTextOutputFormat
                            location hdfs://hadoop-02.uni.innopolis.ru:8020/user/team11/project/hive/warehouse/q6_results
                            name team11_projectdb.q6_results
                            serialization.ddl struct q6_results { i32 sort_key, string scenario, double positive_rate}
                            serialization.format ,
                            serialization.lib org.apache.hadoop.hive.serde2.lazy.LazySimpleSerDe
                            transient_lastDdlTime 1778427759
                          serde: org.apache.hadoop.hive.serde2.lazy.LazySimpleSerDe
                          name: team11_projectdb.q6_results
                      TotalFiles: 1
                      GatherStats: true
                      MultiFileSpray: false
                    Select Operator
                      expressions: _col0 (type: int), _col1 (type: string), _col2 (type: double)
                      outputColumnNames: sort_key, scenario, positive_rate
                      Statistics: Num rows: 2952139 Data size: 634709686 Basic stats: COMPLETE Column stats: NONE
                      Group By Operator
                        aggregations: compute_stats(sort_key, 'hll'), compute_stats(scenario, 'hll'), compute_stats(positive_rate, 'hll')
                        mode: hash
                        outputColumnNames: _col0, _col1, _col2
                        Statistics: Num rows: 1 Data size: 1288 Basic stats: COMPLETE Column stats: NONE
                        Reduce Output Operator
                          null sort order: 
                          sort order: 
                          Statistics: Num rows: 1 Data size: 1288 Basic stats: COMPLETE Column stats: NONE
                          tag: -1
                          value expressions: _col0 (type: struct<columntype:string,min:bigint,max:bigint,countnulls:bigint,bitvector:binary>), _col1 (type: struct<columntype:string,maxlength:bigint,sumlength:bigint,count:bigint,countnulls:bigint,bitvector:binary>), _col2 (type: struct<columntype:string,min:double,max:double,countnulls:bigint,bitvector:binary>)
                          auto parallelism: false
        Union 3 
            Vertex: Union 3

  Stage: Stage-2
    Dependency Collection

  Stage: Stage-0
    Move Operator
      tables:
          replace: true
          source: hdfs://hadoop-02.uni.innopolis.ru:8020/user/team11/project/hive/warehouse/q6_results/.hive-staging_hive_2026-05-10_18-42-39_690_5283563207575572203-2225/-ext-10000
          table:
              input format: org.apache.hadoop.mapred.TextInputFormat
              output format: org.apache.hadoop.hive.ql.io.HiveIgnoreKeyTextOutputFormat
              properties:
                EXTERNAL TRUE
                bucket_count -1
                bucketing_version 2
                column.name.delimiter ,
                columns sort_key,scenario,positive_rate
                columns.comments 
                columns.types int:string:double
                field.delim ,
                file.inputformat org.apache.hadoop.mapred.TextInputFormat
                file.outputformat org.apache.hadoop.hive.ql.io.HiveIgnoreKeyTextOutputFormat
                location hdfs://hadoop-02.uni.innopolis.ru:8020/user/team11/project/hive/warehouse/q6_results
                name team11_projectdb.q6_results
                serialization.ddl struct q6_results { i32 sort_key, string scenario, double positive_rate}
                serialization.format ,
                serialization.lib org.apache.hadoop.hive.serde2.lazy.LazySimpleSerDe
                transient_lastDdlTime 1778427759
              serde: org.apache.hadoop.hive.serde2.lazy.LazySimpleSerDe
              name: team11_projectdb.q6_results

  Stage: Stage-3
    Stats Work
      Basic Stats Work:
          Stats Aggregation Key Prefix: hdfs://hadoop-02.uni.innopolis.ru:8020/user/team11/project/hive/warehouse/q6_results/.hive-staging_hive_2026-05-10_18-42-39_690_5283563207575572203-2225/-ext-10000/
      Column Stats Desc:
          Columns: sort_key, scenario, positive_rate
          Column Types: int, string, double
          Table: team11_projectdb.q6_results
          Is Table Level Stats: true


INFO  : Completed compiling command(queryId=hive_20260510184239_ee1d5cba-ee3f-412b-9d7e-435402a73ab2); Time taken: 0.464 seconds
INFO  : Executing command(queryId=hive_20260510184239_ee1d5cba-ee3f-412b-9d7e-435402a73ab2): WITH track_stats AS (
SELECT
item_id,
COUNT(*)              AS total,
SUM(interaction_flag) AS pos
FROM interactions_part
GROUP BY item_id
),
bucketed AS (
SELECT
CASE
WHEN total <= 1   THEN '1'
WHEN total <= 3   THEN '2-3'
WHEN total <= 10  THEN '4-10'
WHEN total <= 30  THEN '11-30'
WHEN total <= 100 THEN '31-100'
ELSE                   '100+'
END AS popularity_bucket,
total,
pos
FROM track_stats
),
agg AS (
SELECT
popularity_bucket,
ROUND(SUM(pos) * 1.0 / SUM(total), 4) AS positive_rate
FROM bucketed
GROUP BY popularity_bucket
)
INSERT OVERWRITE TABLE q6_results
SELECT sort_key, scenario, positive_rate
FROM (
SELECT
1 AS sort_key,
'Marginal: share of positive rows (all data)' AS scenario,
ROUND(SUM(interaction_flag) * 1.0 / COUNT(*), 4) AS positive_rate
FROM interactions_part
UNION ALL
SELECT
2 AS sort_key,
'Cold tracks: 1 interaction per track' AS scenario,
positive_rate
FROM agg
WHERE popularity_bucket = '1'
UNION ALL
SELECT
3 AS sort_key,
'Hit tracks: 100+ interactions per track' AS scenario,
positive_rate
FROM agg
WHERE popularity_bucket = '100+'
) x
INFO  : Query ID = hive_20260510184239_ee1d5cba-ee3f-412b-9d7e-435402a73ab2
INFO  : Total jobs = 1
INFO  : Launching Job 1 out of 1
INFO  : Starting task [Stage-1:MAPRED] in serial mode
INFO  : Subscribed to counters: [] for queryId: hive_20260510184239_ee1d5cba-ee3f-412b-9d7e-435402a73ab2
INFO  : Tez session hasn't been created yet. Opening session
INFO  : Dag name: WITH track_stats AS (
SELECT
item_id,
CO...x (Stage-1)
INFO  : Status: Running (Executing on YARN cluster with App id application_1777989965680_4829)

[2K----------------------------------------------------------------------------------------------
[2K[36;1m        VERTICES      MODE        STATUS  TOTAL  COMPLETED  RUNNING  PENDING  FAILED  KILLED  
[22;0m[2K----------------------------------------------------------------------------------------------
[2KMap 1            container       RUNNING      5          0        1        4       0       0  
Reducer 2        container        INITED      1          0        0        1       0       0  
Reducer 4        container        INITED      1          0        0        1       0       0  
Map 5            container       RUNNING     22          0       20        2       0       0  
Reducer 6        container        INITED     10          0        0       10       0       0  
Reducer 7        container        INITED      3          0        0        3       0       0  
Reducer 8        container        INITED     10          0        0       10       0       0  
Reducer 9        container        INITED      3          0        0        3       0       0  
[2K----------------------------------------------------------------------------------------------
[2K[31;1mVERTICES: 00/08  [>>--------------------------] 0%    ELAPSED TIME: 4.57 s     
[22;0m[2K----------------------------------------------------------------------------------------------
[14A[2K----------------------------------------------------------------------------------------------
[2K[36;1m        VERTICES      MODE        STATUS  TOTAL  COMPLETED  RUNNING  PENDING  FAILED  KILLED  
[22;0m[2K----------------------------------------------------------------------------------------------
[2KMap 1            container       RUNNING      5          0        1        4       0       0  
Reducer 2        container        INITED      1          0        0        1       0       0  
Reducer 4        container        INITED      1          0        0        1       0       0  
Map 5            container       RUNNING     22          0       22        0       0       0  
Reducer 6        container        INITED     10          0        0       10       0       0  
Reducer 7        container        INITED      3          0        0        3       0       0  
Reducer 8        container        INITED     10          0        0       10       0       0  
Reducer 9        container        INITED      3          0        0        3       0       0  
[2K----------------------------------------------------------------------------------------------
[2K[31;1mVERTICES: 00/08  [>>--------------------------] 0%    ELAPSED TIME: 5.07 s     
[22;0m[2K----------------------------------------------------------------------------------------------
[14A[2K----------------------------------------------------------------------------------------------
[2K[36;1m        VERTICES      MODE        STATUS  TOTAL  COMPLETED  RUNNING  PENDING  FAILED  KILLED  
[22;0m[2K----------------------------------------------------------------------------------------------
[2KMap 1            container       RUNNING      5          0        1        4       0       0  
Reducer 2        container        INITED      1          0        0        1       0       0  
Reducer 4        container        INITED      1          0        0        1       0       0  
Map 5            container       RUNNING     22          0       22        0       0       0  
Reducer 6        container        INITED     10          0        0       10       0       0  
Reducer 7        container        INITED      3          0        0        3       0       0  
Reducer 8        container        INITED     10          0        0       10       0       0  
Reducer 9        container        INITED      3          0        0        3       0       0  
[2K----------------------------------------------------------------------------------------------
[2K[31;1mVERTICES: 00/08  [>>--------------------------] 0%    ELAPSED TIME: 6.08 s     
[22;0m[2K----------------------------------------------------------------------------------------------
[14A[2K----------------------------------------------------------------------------------------------
[2K[36;1m        VERTICES      MODE        STATUS  TOTAL  COMPLETED  RUNNING  PENDING  FAILED  KILLED  
[22;0m[2K----------------------------------------------------------------------------------------------
[2KMap 1 ..         container       RUNNING      5          1        0        4       0       0  
Reducer 2        container        INITED      1          0        0        1       0       0  
Reducer 4        container        INITED      1          0        0        1       0       0  
Map 5            container       RUNNING     22          0       22        0       0       0  
Reducer 6        container        INITED     10          0        0       10       0       0  
Reducer 7        container        INITED      3          0        0        3       0       0  
Reducer 8        container        INITED     10          0        0       10       0       0  
Reducer 9        container        INITED      3          0        0        3       0       0  
[2K----------------------------------------------------------------------------------------------
[2K[31;1mVERTICES: 00/08  [>>--------------------------] 1%    ELAPSED TIME: 7.08 s     
[22;0m[2K----------------------------------------------------------------------------------------------
[14A[2K----------------------------------------------------------------------------------------------
[2K[36;1m        VERTICES      MODE        STATUS  TOTAL  COMPLETED  RUNNING  PENDING  FAILED  KILLED  
[22;0m[2K----------------------------------------------------------------------------------------------
[2KMap 1 ..         container       RUNNING      5          1        1        3       0       0  
Reducer 2        container        INITED      1          0        0        1       0       0  
Reducer 4        container        INITED      1          0        0        1       0       0  
Map 5            container       RUNNING     22          0       22        0       0       0  
Reducer 6        container        INITED     10          0        0       10       0       0  
Reducer 7        container        INITED      3          0        0        3       0       0  
Reducer 8        container        INITED     10          0        0       10       0       0  
Reducer 9        container        INITED      3          0        0        3       0       0  
[2K----------------------------------------------------------------------------------------------
[2K[31;1mVERTICES: 00/08  [>>--------------------------] 1%    ELAPSED TIME: 8.09 s     
[22;0m[2K----------------------------------------------------------------------------------------------
[14A[2K----------------------------------------------------------------------------------------------
[2K[36;1m        VERTICES      MODE        STATUS  TOTAL  COMPLETED  RUNNING  PENDING  FAILED  KILLED  
[22;0m[2K----------------------------------------------------------------------------------------------
[2KMap 1 ....       container       RUNNING      5          2        1        2       0       0  
Reducer 2        container        INITED      1          0        0        1       0       0  
Reducer 4        container        INITED      1          0        0        1       0       0  
Map 5 .          container       RUNNING     22          3       19        0       0       0  
Reducer 6        container        INITED     10          0        0       10       0       0  
Reducer 7        container        INITED      3          0        0        3       0       0  
Reducer 8        container        INITED     10          0        0       10       0       0  
Reducer 9        container        INITED      3          0        0        3       0       0  
[2K----------------------------------------------------------------------------------------------
[2K[31;1mVERTICES: 00/08  [==>>------------------------] 9%    ELAPSED TIME: 9.09 s     
[22;0m[2K----------------------------------------------------------------------------------------------
[14A[2K----------------------------------------------------------------------------------------------
[2K[36;1m        VERTICES      MODE        STATUS  TOTAL  COMPLETED  RUNNING  PENDING  FAILED  KILLED  
[22;0m[2K----------------------------------------------------------------------------------------------
[2KMap 1 ......     container       RUNNING      5          3        1        1       0       0  
Reducer 2        container       RUNNING      1          0        1        0       0       0  
Reducer 4        container        INITED      1          0        0        1       0       0  
Map 5 ......     container       RUNNING     22         14        8        0       0       0  
Reducer 6        container       RUNNING     10          0        5        5       0       0  
Reducer 7        container        INITED      3          0        0        3       0       0  
Reducer 8        container       RUNNING     10          0        8        2       0       0  
Reducer 9        container        INITED      3          0        0        3       0       0  
[2K----------------------------------------------------------------------------------------------
[2K[31;1mVERTICES: 00/08  [========>>------------------] 30%   ELAPSED TIME: 10.09 s    
[22;0m[2K----------------------------------------------------------------------------------------------
[14A[2K----------------------------------------------------------------------------------------------
[2K[36;1m        VERTICES      MODE        STATUS  TOTAL  COMPLETED  RUNNING  PENDING  FAILED  KILLED  
[22;0m[2K----------------------------------------------------------------------------------------------
[2KMap 1 ........   container       RUNNING      5          4        0        1       0       0  
Reducer 2        container       RUNNING      1          0        1        0       0       0  
Reducer 4        container        INITED      1          0        0        1       0       0  
Map 5 ........   container       RUNNING     22         18        4        0       0       0  
Reducer 6        container       RUNNING     10          0        8        2       0       0  
Reducer 7        container        INITED      3          0        0        3       0       0  
Reducer 8        container       RUNNING     10          0       10        0       0       0  
Reducer 9        container        INITED      3          0        0        3       0       0  
[2K----------------------------------------------------------------------------------------------
[2K[31;1mVERTICES: 00/08  [==========>>----------------] 40%   ELAPSED TIME: 11.10 s    
[22;0m[2K----------------------------------------------------------------------------------------------
[14A[2K----------------------------------------------------------------------------------------------
[2K[36;1m        VERTICES      MODE        STATUS  TOTAL  COMPLETED  RUNNING  PENDING  FAILED  KILLED  
[22;0m[2K----------------------------------------------------------------------------------------------
[2KMap 1 ........   container       RUNNING      5          4        1        0       0       0  
Reducer 2        container       RUNNING      1          0        1        0       0       0  
Reducer 4        container        INITED      1          0        0        1       0       0  
Map 5 ........   container       RUNNING     22         19        3        0       0       0  
Reducer 6        container       RUNNING     10          0        9        1       0       0  
Reducer 7        container        INITED      3          0        0        3       0       0  
Reducer 8        container       RUNNING     10          0       10        0       0       0  
Reducer 9        container        INITED      3          0        0        3       0       0  
[2K----------------------------------------------------------------------------------------------
[2K[31;1mVERTICES: 00/08  [==========>>----------------] 41%   ELAPSED TIME: 12.10 s    
[22;0m[2K----------------------------------------------------------------------------------------------
[14A[2K----------------------------------------------------------------------------------------------
[2K[36;1m        VERTICES      MODE        STATUS  TOTAL  COMPLETED  RUNNING  PENDING  FAILED  KILLED  
[22;0m[2K----------------------------------------------------------------------------------------------
[2KMap 1 ........   container       RUNNING      5          4        1        0       0       0  
Reducer 2        container       RUNNING      1          0        1        0       0       0  
Reducer 4        container        INITED      1          0        0        1       0       0  
Map 5 .......... container     SUCCEEDED     22         22        0        0       0       0  
Reducer 6        container       RUNNING     10          0       10        0       0       0  
Reducer 7        container        INITED      3          0        0        3       0       0  
Reducer 8        container       RUNNING     10          0       10        0       0       0  
Reducer 9        container        INITED      3          0        0        3       0       0  
[2K----------------------------------------------------------------------------------------------
[2K[31;1mVERTICES: 01/08  [============>>--------------] 47%   ELAPSED TIME: 13.10 s    
[22;0m[2K----------------------------------------------------------------------------------------------
[14A[2K----------------------------------------------------------------------------------------------
[2K[36;1m        VERTICES      MODE        STATUS  TOTAL  COMPLETED  RUNNING  PENDING  FAILED  KILLED  
[22;0m[2K----------------------------------------------------------------------------------------------
[2KMap 1 .......... container     SUCCEEDED      5          5        0        0       0       0  
Reducer 2        container       RUNNING      1          0        1        0       0       0  
Reducer 4        container        INITED      1          0        0        1       0       0  
Map 5 .......... container     SUCCEEDED     22         22        0        0       0       0  
Reducer 6        container       RUNNING     10          0       10        0       0       0  
Reducer 7        container        INITED      3          0        0        3       0       0  
Reducer 8        container       RUNNING     10          0       10        0       0       0  
Reducer 9        container        INITED      3          0        0        3       0       0  
[2K----------------------------------------------------------------------------------------------
[2K[31;1mVERTICES: 02/08  [============>>--------------] 49%   ELAPSED TIME: 14.11 s    
[22;0m[2K----------------------------------------------------------------------------------------------
[14A[2K----------------------------------------------------------------------------------------------
[2K[36;1m        VERTICES      MODE        STATUS  TOTAL  COMPLETED  RUNNING  PENDING  FAILED  KILLED  
[22;0m[2K----------------------------------------------------------------------------------------------
[2KMap 1 .......... container     SUCCEEDED      5          5        0        0       0       0  
Reducer 2 ...... container     SUCCEEDED      1          1        0        0       0       0  
Reducer 4        container        INITED      1          0        0        1       0       0  
Map 5 .......... container     SUCCEEDED     22         22        0        0       0       0  
Reducer 6 ...    container       RUNNING     10          6        4        0       0       0  
Reducer 7        container       RUNNING      3          0        2        1       0       0  
Reducer 8 ...    container       RUNNING     10          6        4        0       0       0  
Reducer 9        container       RUNNING      3          0        2        1       0       0  
[2K----------------------------------------------------------------------------------------------
[2K[31;1mVERTICES: 03/08  [==================>>--------] 72%   ELAPSED TIME: 15.11 s    
[22;0m[2K----------------------------------------------------------------------------------------------
[14A[2K----------------------------------------------------------------------------------------------
[2K[36;1m        VERTICES      MODE        STATUS  TOTAL  COMPLETED  RUNNING  PENDING  FAILED  KILLED  
[22;0m[2K----------------------------------------------------------------------------------------------
[2KMap 1 .......... container     SUCCEEDED      5          5        0        0       0       0  
Reducer 2 ...... container     SUCCEEDED      1          1        0        0       0       0  
Reducer 4 ...... container     SUCCEEDED      1          1        0        0       0       0  
Map 5 .......... container     SUCCEEDED     22         22        0        0       0       0  
Reducer 6 ...... container     SUCCEEDED     10         10        0        0       0       0  
Reducer 7 ...... container     SUCCEEDED      3          3        0        0       0       0  
Reducer 8 ...... container     SUCCEEDED     10         10        0        0       0       0  
Reducer 9 ...... container     SUCCEEDED      3          3        0        0       0       0  
[2K----------------------------------------------------------------------------------------------
[2K[31;1mVERTICES: 08/08  [==========================>>] 100%  ELAPSED TIME: 16.28 s    
[22;0m[2K----------------------------------------------------------------------------------------------
INFO  : Starting task [Stage-2:DEPENDENCY_COLLECTION] in serial mode
INFO  : Starting task [Stage-0:MOVE] in serial mode
INFO  : Loading data to table team11_projectdb.q6_results from hdfs://hadoop-02.uni.innopolis.ru:8020/user/team11/project/hive/warehouse/q6_results/.hive-staging_hive_2026-05-10_18-42-39_690_5283563207575572203-2225/-ext-10000
INFO  : Starting task [Stage-3:STATS] in serial mode
INFO  : Completed executing command(queryId=hive_20260510184239_ee1d5cba-ee3f-412b-9d7e-435402a73ab2); Time taken: 20.897 seconds
INFO  : OK
No rows affected (21.385 seconds)
INFO  : Compiling command(queryId=hive_20260510184301_e8b580c4-23c3-460e-9231-0311520c720e): INSERT OVERWRITE DIRECTORY 'project/output/q6'
ROW FORMAT DELIMITED FIELDS TERMINATED BY ','
SELECT * FROM q6_results
ORDER BY sort_key
INFO  : Semantic Analysis Completed (retrial = false)
INFO  : Returning Hive schema: Schema(fieldSchemas:[FieldSchema(name:sort_key, type:int, comment:null), FieldSchema(name:scenario, type:string, comment:null), FieldSchema(name:positive_rate, type:double, comment:null)], properties:null)
INFO  : EXPLAIN output for queryid hive_20260510184301_e8b580c4-23c3-460e-9231-0311520c720e : STAGE DEPENDENCIES:
  Stage-1 is a root stage [MAPRED]
  Stage-2 depends on stages: Stage-1 [DEPENDENCY_COLLECTION]
  Stage-0 depends on stages: Stage-1 [MOVE]

STAGE PLANS:
  Stage: Stage-1
    Tez
      DagId: hive_20260510184301_e8b580c4-23c3-460e-9231-0311520c720e:4598
      Edges:
        Reducer 2 <- Map 1 (SIMPLE_EDGE)
      DagName: hive_20260510184301_e8b580c4-23c3-460e-9231-0311520c720e:4598
      Vertices:
        Map 1 
            Map Operator Tree:
                TableScan
                  alias: q6_results
                  Statistics: Num rows: 3 Data size: 144 Basic stats: COMPLETE Column stats: NONE
                  GatherStats: false
                  Select Operator
                    expressions: sort_key (type: int), scenario (type: string), positive_rate (type: double)
                    outputColumnNames: _col0, _col1, _col2
                    Statistics: Num rows: 3 Data size: 144 Basic stats: COMPLETE Column stats: NONE
                    Reduce Output Operator
                      key expressions: _col0 (type: int)
                      null sort order: a
                      sort order: +
                      Statistics: Num rows: 3 Data size: 144 Basic stats: COMPLETE Column stats: NONE
                      tag: -1
                      value expressions: _col1 (type: string), _col2 (type: double)
                      auto parallelism: false
            Execution mode: vectorized
            Path -> Alias:
              hdfs://hadoop-02.uni.innopolis.ru:8020/user/team11/project/hive/warehouse/q6_results [q6_results]
            Path -> Partition:
              hdfs://hadoop-02.uni.innopolis.ru:8020/user/team11/project/hive/warehouse/q6_results 
                Partition
                  base file name: q6_results
                  input format: org.apache.hadoop.mapred.TextInputFormat
                  output format: org.apache.hadoop.hive.ql.io.HiveIgnoreKeyTextOutputFormat
                  properties:
                    COLUMN_STATS_ACCURATE {"BASIC_STATS":"true","COLUMN_STATS":{"positive_rate":"true","scenario":"true","sort_key":"true"}}
                    EXTERNAL TRUE
                    bucket_count -1
                    bucketing_version 2
                    column.name.delimiter ,
                    columns sort_key,scenario,positive_rate
                    columns.comments 
                    columns.types int:string:double
                    field.delim ,
                    file.inputformat org.apache.hadoop.mapred.TextInputFormat
                    file.outputformat org.apache.hadoop.hive.ql.io.HiveIgnoreKeyTextOutputFormat
                    location hdfs://hadoop-02.uni.innopolis.ru:8020/user/team11/project/hive/warehouse/q6_results
                    name team11_projectdb.q6_results
                    numFiles 3
                    numRows 3
                    rawDataSize 144
                    serialization.ddl struct q6_results { i32 sort_key, string scenario, double positive_rate}
                    serialization.format ,
                    serialization.lib org.apache.hadoop.hive.serde2.lazy.LazySimpleSerDe
                    totalSize 147
                    transient_lastDdlTime 1778427781
                  serde: org.apache.hadoop.hive.serde2.lazy.LazySimpleSerDe
                
                    input format: org.apache.hadoop.mapred.TextInputFormat
                    output format: org.apache.hadoop.hive.ql.io.HiveIgnoreKeyTextOutputFormat
                    properties:
                      COLUMN_STATS_ACCURATE {"BASIC_STATS":"true","COLUMN_STATS":{"positive_rate":"true","scenario":"true","sort_key":"true"}}
                      EXTERNAL TRUE
                      bucket_count -1
                      bucketing_version 2
                      column.name.delimiter ,
                      columns sort_key,scenario,positive_rate
                      columns.comments 
                      columns.types int:string:double
                      field.delim ,
                      file.inputformat org.apache.hadoop.mapred.TextInputFormat
                      file.outputformat org.apache.hadoop.hive.ql.io.HiveIgnoreKeyTextOutputFormat
                      location hdfs://hadoop-02.uni.innopolis.ru:8020/user/team11/project/hive/warehouse/q6_results
                      name team11_projectdb.q6_results
                      numFiles 3
                      numRows 3
                      rawDataSize 144
                      serialization.ddl struct q6_results { i32 sort_key, string scenario, double positive_rate}
                      serialization.format ,
                      serialization.lib org.apache.hadoop.hive.serde2.lazy.LazySimpleSerDe
                      totalSize 147
                      transient_lastDdlTime 1778427781
                    serde: org.apache.hadoop.hive.serde2.lazy.LazySimpleSerDe
                    name: team11_projectdb.q6_results
                  name: team11_projectdb.q6_results
            Truncated Path -> Alias:
              hdfs://hadoop-02.uni.innopolis.ru:8020/user/team11/project/hive/warehouse/q6_results [q6_results]
        Reducer 2 
            Execution mode: vectorized
            Needs Tagging: false
            Reduce Operator Tree:
              Select Operator
                expressions: KEY.reducesinkkey0 (type: int), VALUE._col0 (type: string), VALUE._col1 (type: double)
                outputColumnNames: _col0, _col1, _col2
                Statistics: Num rows: 3 Data size: 144 Basic stats: COMPLETE Column stats: NONE
                File Output Operator
                  compressed: false
                  GlobalTableId: 1
                  directory: hdfs://hadoop-02.uni.innopolis.ru:8020/user/team11/project/output/q6/.hive-staging_hive_2026-05-10_18-43-01_129_8108905776390575247-2225/-ext-10000
                  NumFilesPerFileSink: 1
                  Statistics: Num rows: 3 Data size: 144 Basic stats: COMPLETE Column stats: NONE
                  Stats Publishing Key Prefix: hdfs://hadoop-02.uni.innopolis.ru:8020/user/team11/project/output/q6/.hive-staging_hive_2026-05-10_18-43-01_129_8108905776390575247-2225/-ext-10000/
                  table:
                      input format: org.apache.hadoop.mapred.TextInputFormat
                      output format: org.apache.hadoop.hive.ql.io.HiveIgnoreKeyTextOutputFormat
                      properties:
                        columns _col0,_col1,_col2
                        columns.types int:string:double
                        field.delim ,
                        serialization.format ,
                        serialization.lib org.apache.hadoop.hive.serde2.lazy.LazySimpleSerDe
                      serde: org.apache.hadoop.hive.serde2.lazy.LazySimpleSerDe
                  TotalFiles: 1
                  GatherStats: false
                  MultiFileSpray: false

  Stage: Stage-2
    Dependency Collection

  Stage: Stage-0
    Move Operator
      files:
          hdfs directory: true
          source: hdfs://hadoop-02.uni.innopolis.ru:8020/user/team11/project/output/q6/.hive-staging_hive_2026-05-10_18-43-01_129_8108905776390575247-2225/-ext-10000
          destination: project/output/q6


INFO  : Completed compiling command(queryId=hive_20260510184301_e8b580c4-23c3-460e-9231-0311520c720e); Time taken: 0.2 seconds
INFO  : Executing command(queryId=hive_20260510184301_e8b580c4-23c3-460e-9231-0311520c720e): INSERT OVERWRITE DIRECTORY 'project/output/q6'
ROW FORMAT DELIMITED FIELDS TERMINATED BY ','
SELECT * FROM q6_results
ORDER BY sort_key
INFO  : Query ID = hive_20260510184301_e8b580c4-23c3-460e-9231-0311520c720e
INFO  : Total jobs = 1
INFO  : Launching Job 1 out of 1
INFO  : Starting task [Stage-1:MAPRED] in serial mode
INFO  : Subscribed to counters: [] for queryId: hive_20260510184301_e8b580c4-23c3-460e-9231-0311520c720e
INFO  : Session is already open
INFO  : Dag name: INSERT OVERWRITE DIRECTORY 'proje...sort_key (Stage-1)
INFO  : Status: Running (Executing on YARN cluster with App id application_1777989965680_4829)

INFO  : Starting task [Stage-2:DEPENDENCY_COLLECTION] in serial mode
INFO  : Starting task [Stage-0:MOVE] in serial mode
INFO  : Moving data to directory project/output/q6 from hdfs://hadoop-02.uni.innopolis.ru:8020/user/team11/project/output/q6/.hive-staging_hive_2026-05-10_18-43-01_129_8108905776390575247-2225/-ext-10000
INFO  : Completed executing command(queryId=hive_20260510184301_e8b580c4-23c3-460e-9231-0311520c720e); Time taken: 0.693 seconds
INFO  : OK
No rows affected (0.922 seconds)
INFO  : Compiling command(queryId=hive_20260510184302_c39640e9-587c-46ad-9fbd-8e22f585879a): SELECT * FROM q6_results
ORDER BY sort_key
INFO  : Semantic Analysis Completed (retrial = false)
INFO  : Returning Hive schema: Schema(fieldSchemas:[FieldSchema(name:sort_key, type:int, comment:null), FieldSchema(name:scenario, type:string, comment:null), FieldSchema(name:positive_rate, type:double, comment:null)], properties:null)
INFO  : EXPLAIN output for queryid hive_20260510184302_c39640e9-587c-46ad-9fbd-8e22f585879a : STAGE DEPENDENCIES:
  Stage-1 is a root stage [MAPRED]
  Stage-0 depends on stages: Stage-1 [FETCH]

STAGE PLANS:
  Stage: Stage-1
    Tez
      DagId: hive_20260510184302_c39640e9-587c-46ad-9fbd-8e22f585879a:4599
      Edges:
        Reducer 2 <- Map 1 (SIMPLE_EDGE)
      DagName: hive_20260510184302_c39640e9-587c-46ad-9fbd-8e22f585879a:4599
      Vertices:
        Map 1 
            Map Operator Tree:
                TableScan
                  alias: q6_results
                  Statistics: Num rows: 3 Data size: 144 Basic stats: COMPLETE Column stats: NONE
                  GatherStats: false
                  Select Operator
                    expressions: sort_key (type: int), scenario (type: string), positive_rate (type: double)
                    outputColumnNames: _col0, _col1, _col2
                    Statistics: Num rows: 3 Data size: 144 Basic stats: COMPLETE Column stats: NONE
                    Reduce Output Operator
                      key expressions: _col0 (type: int)
                      null sort order: a
                      sort order: +
                      Statistics: Num rows: 3 Data size: 144 Basic stats: COMPLETE Column stats: NONE
                      tag: -1
                      value expressions: _col1 (type: string), _col2 (type: double)
                      auto parallelism: false
            Execution mode: vectorized
            Path -> Alias:
              hdfs://hadoop-02.uni.innopolis.ru:8020/user/team11/project/hive/warehouse/q6_results [q6_results]
            Path -> Partition:
              hdfs://hadoop-02.uni.innopolis.ru:8020/user/team11/project/hive/warehouse/q6_results 
                Partition
                  base file name: q6_results
                  input format: org.apache.hadoop.mapred.TextInputFormat
                  output format: org.apache.hadoop.hive.ql.io.HiveIgnoreKeyTextOutputFormat
                  properties:
                    COLUMN_STATS_ACCURATE {"BASIC_STATS":"true","COLUMN_STATS":{"positive_rate":"true","scenario":"true","sort_key":"true"}}
                    EXTERNAL TRUE
                    bucket_count -1
                    bucketing_version 2
                    column.name.delimiter ,
                    columns sort_key,scenario,positive_rate
                    columns.comments 
                    columns.types int:string:double
                    field.delim ,
                    file.inputformat org.apache.hadoop.mapred.TextInputFormat
                    file.outputformat org.apache.hadoop.hive.ql.io.HiveIgnoreKeyTextOutputFormat
                    location hdfs://hadoop-02.uni.innopolis.ru:8020/user/team11/project/hive/warehouse/q6_results
                    name team11_projectdb.q6_results
                    numFiles 3
                    numRows 3
                    rawDataSize 144
                    serialization.ddl struct q6_results { i32 sort_key, string scenario, double positive_rate}
                    serialization.format ,
                    serialization.lib org.apache.hadoop.hive.serde2.lazy.LazySimpleSerDe
                    totalSize 147
                    transient_lastDdlTime 1778427781
                  serde: org.apache.hadoop.hive.serde2.lazy.LazySimpleSerDe
                
                    input format: org.apache.hadoop.mapred.TextInputFormat
                    output format: org.apache.hadoop.hive.ql.io.HiveIgnoreKeyTextOutputFormat
                    properties:
                      COLUMN_STATS_ACCURATE {"BASIC_STATS":"true","COLUMN_STATS":{"positive_rate":"true","scenario":"true","sort_key":"true"}}
                      EXTERNAL TRUE
                      bucket_count -1
                      bucketing_version 2
                      column.name.delimiter ,
                      columns sort_key,scenario,positive_rate
                      columns.comments 
                      columns.types int:string:double
                      field.delim ,
                      file.inputformat org.apache.hadoop.mapred.TextInputFormat
                      file.outputformat org.apache.hadoop.hive.ql.io.HiveIgnoreKeyTextOutputFormat
                      location hdfs://hadoop-02.uni.innopolis.ru:8020/user/team11/project/hive/warehouse/q6_results
                      name team11_projectdb.q6_results
                      numFiles 3
                      numRows 3
                      rawDataSize 144
                      serialization.ddl struct q6_results { i32 sort_key, string scenario, double positive_rate}
                      serialization.format ,
                      serialization.lib org.apache.hadoop.hive.serde2.lazy.LazySimpleSerDe
                      totalSize 147
                      transient_lastDdlTime 1778427781
                    serde: org.apache.hadoop.hive.serde2.lazy.LazySimpleSerDe
                    name: team11_projectdb.q6_results
                  name: team11_projectdb.q6_results
            Truncated Path -> Alias:
              hdfs://hadoop-02.uni.innopolis.ru:8020/user/team11/project/hive/warehouse/q6_results [q6_results]
        Reducer 2 
            Execution mode: vectorized
            Needs Tagging: false
            Reduce Operator Tree:
              Select Operator
                expressions: KEY.reducesinkkey0 (type: int), VALUE._col0 (type: string), VALUE._col1 (type: double)
                outputColumnNames: _col0, _col1, _col2
                Statistics: Num rows: 3 Data size: 144 Basic stats: COMPLETE Column stats: NONE
                File Output Operator
                  compressed: false
                  GlobalTableId: 0
                  directory: hdfs://hadoop-02.uni.innopolis.ru:8020/tmp/hive/team11/7e4100d8-7045-4a52-a4b2-fce913d2293a/hive_2026-05-10_18-43-02_074_5500567639797011026-2225/-mr-10001/.hive-staging_hive_2026-05-10_18-43-02_074_5500567639797011026-2225/-ext-10002
                  NumFilesPerFileSink: 1
                  Statistics: Num rows: 3 Data size: 144 Basic stats: COMPLETE Column stats: NONE
                  Stats Publishing Key Prefix: hdfs://hadoop-02.uni.innopolis.ru:8020/tmp/hive/team11/7e4100d8-7045-4a52-a4b2-fce913d2293a/hive_2026-05-10_18-43-02_074_5500567639797011026-2225/-mr-10001/.hive-staging_hive_2026-05-10_18-43-02_074_5500567639797011026-2225/-ext-10002/
                  table:
                      input format: org.apache.hadoop.mapred.SequenceFileInputFormat
                      output format: org.apache.hadoop.hive.ql.io.HiveSequenceFileOutputFormat
                      properties:
                        columns _col0,_col1,_col2
                        columns.types int:string:double
                        escape.delim \
                        hive.serialization.extend.additional.nesting.levels true
                        serialization.escape.crlf true
                        serialization.format 1
                        serialization.lib org.apache.hadoop.hive.serde2.lazy.LazySimpleSerDe
                      serde: org.apache.hadoop.hive.serde2.lazy.LazySimpleSerDe
                  TotalFiles: 1
                  GatherStats: false
                  MultiFileSpray: false

  Stage: Stage-0
    Fetch Operator
      limit: -1
      Processor Tree:
        ListSink


INFO  : Completed compiling command(queryId=hive_20260510184302_c39640e9-587c-46ad-9fbd-8e22f585879a); Time taken: 0.285 seconds
INFO  : Executing command(queryId=hive_20260510184302_c39640e9-587c-46ad-9fbd-8e22f585879a): SELECT * FROM q6_results
ORDER BY sort_key
INFO  : Query ID = hive_20260510184302_c39640e9-587c-46ad-9fbd-8e22f585879a
INFO  : Total jobs = 1
INFO  : Launching Job 1 out of 1
INFO  : Starting task [Stage-1:MAPRED] in serial mode
INFO  : Subscribed to counters: [] for queryId: hive_20260510184302_c39640e9-587c-46ad-9fbd-8e22f585879a
INFO  : Session is already open
INFO  : Dag name: SELECT * FROM q6_results
ORDER BY sort_key (Stage-1)
INFO  : Status: Running (Executing on YARN cluster with App id application_1777989965680_4829)

INFO  : Completed executing command(queryId=hive_20260510184302_c39640e9-587c-46ad-9fbd-8e22f585879a); Time taken: 0.756 seconds
INFO  : OK
3 rows selected (1.122 seconds)
Closing: 0: jdbc:hive2://hadoop-03.uni.innopolis.ru:10001
